[real_drop] log_dir=/home/unitree/FAR/holosoma/logs/real_drop_20260917_160342
[real_drop] model_path=/home/unitree/FAR/holosoma/_ckps/izz2f2df_model_11000.onnx
[command_window] skipping: no DISPLAY/WAYLAND_DISPLAY
[camera_profile] izz2f2df: D435 37.0 deg down raw=106x60 policy=87x58 position=[0.009999999776482582, 0.009999999776482582, 0.4399999976158142] metadata=perception_observation_contract
[real_drop] resolved_model_path=/home/unitree/FAR/holosoma/_ckps/izz2f2df_model_11000.onnx
[real_drop] MuJoCo sim GT started pid=4780 log=/home/unitree/FAR/holosoma/logs/real_drop_20260917_160342/sim_gt_depth.log
[real_viser] started pid=4781
╭──────────────── viser ────────────────╮
│             ╷                         │
│   HTTP      │ http://127.0.0.1:8080   │
│   Websocket │ ws://127.0.0.1:8080     │
│             ╵                         │
╰───────────────────────────────────────╯
/home/unitree/FAR/holosoma/scripts/real_viser.py:369: DeprecationWarning: `control_layout` is deprecated; use `main_panel` placement instead, e.g. `server.gui.main_panel.dock_right()`. Both "collapsible" and "fixed" now dock the control panel to the right edge.
  server.gui.configure_theme(dark_mode=True, control_layout="collapsible", control_width="medium")
2026-09-17 16:03:47.350 | INFO     | __main__:run_policy:195 - Starting Policy with Tyro configuration...
2026-09-17 16:03:47.351 | INFO     | __main__:run_policy:196 - Robot: g1_29dof
2026-09-17 16:03:47.351 | INFO     | __main__:run_policy:197 - Observation groups: ['actor_obs_root_contact_aware', 'actor_obs_drop_button', 'actor_obs_proprio_with_actions_no_linvel', 'perception_obs']
2026-09-17 16:03:47.351 | INFO     | __main__:run_policy:198 - RL Rate: 50.0 Hz
2026-09-17 16:03:47.351 | INFO     | __main__:run_policy:199 - Model path: /home/unitree/FAR/holosoma/_ckps/izz2f2df_model_11000.onnx
2026-09-17 16:03:47.351 | INFO     | __main__:run_policy:203 - Using WholeBodyTrackingPolicy
2026-09-17 16:03:47.354 | INFO     | holosoma_inference.utils.clock:start:103 - Clock subscriber started, connecting to port 5555
G1-HG type: 5
UnitreeInterface initialized: G1-HG (29 motors, HG messages) on interface: eth0
[DEBUG] LowCommandWriter - No motor command available!
2026-09-17 16:03:47.536 | INFO     | holosoma_inference.policies.wbt:setup_policy:391 - Loaded KP/KD from ONNX metadata: izz2f2df_model_11000.onnx
2026-09-17 16:03:47.537 | INFO     | holosoma_inference.policies.base:_set_policy_action_scales_from_metadata:478 - Using training-aligned per-joint action scales from ONNX metadata: base=0.25 final_min=0.074501 final_max=0.547547 final_mean=0.395021
2026-09-17 16:03:47.537 | INFO     | holosoma_inference.policies.wbt:setup_policy:406 - Using external sparse-root command mode: command comes from zero/manual/joystick input; reference-motion outputs are not used.
2026-09-17 16:03:47.538 | INFO     | holosoma_inference.policies.base:_resolve_control_gains:498 - Using KP/KD from config (override)
2026-09-17 16:03:47.538 | INFO     | holosoma_inference.policies.base:_init_joystick_handler:345 - Using joystick
2026-09-17 16:03:47.538 | INFO     | holosoma_inference.policies.wbt:__init__:253 - 
⚠️  Ready to enter stiff hold mode
2026-09-17 16:03:47.538 | INFO     | holosoma_inference.policies.wbt:__init__:254 - Press Enter to continue...
self.interface_str: eth0
[real_viser] live viewer: http://127.0.0.1:8080
[real_viser] checkpoint camera: izz2f2df: D435 37.0 deg down position=[0.009999999776482582, 0.009999999776482582, 0.4399999976158142] rate=30.0 Hz
2026-09-17 16:03:48.385 | INFO     | holosoma_inference.policies.wbt:__init__:257 - ✓ Entering stiff hold mode
2026-09-17 16:03:48.386 | INFO     | __main__:run_policy:206 - Policy initialized successfully!
2026-09-17 16:03:48.386 | INFO     | __main__:_print_control_guide:44 - ================================================================================
2026-09-17 16:03:48.386 | INFO     | __main__:_print_control_guide:45 - POLICY CONTROLS
2026-09-17 16:03:48.386 | INFO     | __main__:_print_control_guide:46 - ================================================================================
2026-09-17 16:03:48.386 | INFO     | __main__:_print_control_guide:47 - 
2026-09-17 16:03:48.386 | INFO     | __main__:_print_control_guide:50 - Using JOYSTICK control mode
2026-09-17 16:03:48.386 | INFO     | __main__:_print_control_guide:51 - 
2026-09-17 16:03:48.387 | INFO     | __main__:_print_control_guide:52 - General Controls:
2026-09-17 16:03:48.387 | INFO     | __main__:_print_control_guide:53 -   A button       - Start the policy
2026-09-17 16:03:48.387 | INFO     | __main__:_print_control_guide:54 -   B button       - Stop the policy
2026-09-17 16:03:48.387 | INFO     | __main__:_print_control_guide:55 -   Y button       - Set robot to default pose
2026-09-17 16:03:48.387 | INFO     | __main__:_print_control_guide:56 -   L1+R1 (LB+RB)  - Kill controller program
2026-09-17 16:03:48.387 | INFO     | __main__:_print_control_guide:73 - 
2026-09-17 16:03:48.387 | INFO     | __main__:_print_control_guide:74 - Whole-Body Tracking Controls:
2026-09-17 16:03:48.387 | INFO     | __main__:_print_control_guide:75 -   Start button   - Start motion clip
2026-09-17 16:03:48.387 | INFO     | __main__:_print_control_guide:77 -   X button       - Toggle drop button command
2026-09-17 16:03:48.387 | INFO     | __main__:_print_control_guide:78 -   Left stick     - Relative sparse root XY command
2026-09-17 16:03:48.387 | INFO     | __main__:_print_control_guide:79 -   Right stick X  - Relative sparse root yaw command
2026-09-17 16:03:48.387 | INFO     | __main__:_print_control_guide:137 - 
2026-09-17 16:03:48.388 | INFO     | __main__:_print_control_guide:138 - MuJoCo Simulator Controls (ONLY in MuJoCo window, NOT this terminal!):
2026-09-17 16:03:48.388 | INFO     | __main__:_print_control_guide:139 -   7/8        - Decrease/increase elastic band length
2026-09-17 16:03:48.388 | INFO     | __main__:_print_control_guide:140 -   9          - Toggle elastic band enable/disable
2026-09-17 16:03:48.388 | INFO     | __main__:_print_control_guide:141 -   BACKSPACE  - Reset simulation
2026-09-17 16:03:48.388 | INFO     | __main__:_print_control_guide:143 - 
2026-09-17 16:03:48.388 | INFO     | __main__:_print_control_guide:144 - ================================================================================
2026-09-17 16:03:48.388 | INFO     | __main__:_print_control_guide:145 - Press the appropriate button/key to begin!
2026-09-17 16:03:48.388 | INFO     | __main__:_print_control_guide:146 - ================================================================================
2026-09-17 16:03:48.388 | INFO     | __main__:_print_control_guide:147 - 
[real_viser] realtime update rate=29.9 Hz target=30.0 Hz
[real_viser] realtime update rate=29.9 Hz target=30.0 Hz
[real_viser] realtime update rate=29.8 Hz target=30.0 Hz
[real_viser] realtime update rate=29.9 Hz target=30.0 Hz
[real_viser] realtime update rate=29.8 Hz target=30.0 Hz
[real_viser] realtime update rate=29.8 Hz target=30.0 Hz
[real_viser] realtime update rate=29.9 Hz target=30.0 Hz
[real_viser] realtime update rate=29.9 Hz target=30.0 Hz
[real_viser] realtime update rate=29.8 Hz target=30.0 Hz
[real_viser] realtime update rate=29.8 Hz target=30.0 Hz
[real_viser] realtime update rate=29.8 Hz target=30.0 Hz
[real_viser] realtime update rate=29.9 Hz target=30.0 Hz
[real_viser] realtime update rate=29.8 Hz target=30.0 Hz
[real_viser] realtime update rate=29.8 Hz target=30.0 Hz
2026-09-17 16:05:01.529 | INFO     | holosoma_inference.policies.base:_handle_start_policy:884 - Using policy actions
2026-09-17 16:05:01.533 | INFO     | holosoma_inference.policies.wbt:_capture_robot_yaw_offset:1557 - Robot yaw offset captured at 135.8 deg
2026-09-17 16:05:01.533 | INFO     | holosoma_inference.policies.wbt:_capture_motion_yaw_offset:1562 - Motion yaw offset captured at 0.0 deg
2026-09-17 16:05:01.534 | INFO     | holosoma_inference.policies.base:_print_control_status:933 - ------------ Control Status ------------
2026-09-17 16:05:01.534 | INFO     | holosoma_inference.policies.base:_print_control_status:940 - Active policy [1/1]: izz2f2df_model_11000.onnx Kp level 1.00
2026-09-17 16:05:01.534 | INFO     | holosoma_inference.policies.base:_print_control_status:933 - ------------ Control Status ------------
2026-09-17 16:05:01.534 | INFO     | holosoma_inference.policies.base:_print_control_status:940 - Active policy [1/1]: izz2f2df_model_11000.onnx Kp level 1.00
2026-09-17 16:05:01.537 | INFO     | holosoma_inference.policies.wbt:_get_depth_image_obs:1119 - [WBT] Depth shared memory attached: shape=(1, 1, 58, 87)
2026-09-17 16:05:02.415 | INFO     | holosoma_inference.policies.base:run:963 - RL FPS: 49.52 | read_state: 0.123±0.036ms | preprocessing: 0.004±0.006ms | inference: 5.198±4.263ms | postprocessing: 0.031±0.010ms | action_pub: 0.155±0.053ms | total: 5.279±5.008ms
2026-09-17 16:05:03.415 | INFO     | holosoma_inference.policies.base:run:963 - RL FPS: 50.00 | read_state: 0.121±0.023ms | preprocessing: 0.002±0.000ms | inference: 5.051±0.743ms | postprocessing: 0.034±0.015ms | action_pub: 0.157±0.035ms | total: 5.682±0.764ms
[real_viser] realtime update rate=22.1 Hz target=30.0 Hz
2026-09-17 16:05:04.416 | INFO     | holosoma_inference.policies.base:run:963 - RL FPS: 50.00 | read_state: 0.116±0.013ms | preprocessing: 0.002±0.000ms | inference: 4.759±0.722ms | postprocessing: 0.031±0.009ms | action_pub: 0.140±0.020ms | total: 5.348±0.758ms
2026-09-17 16:05:05.415 | INFO     | holosoma_inference.policies.base:run:963 - RL FPS: 50.13 | read_state: 0.112±0.017ms | preprocessing: 0.002±0.000ms | inference: 4.687±1.672ms | postprocessing: 0.027±0.003ms | action_pub: 0.132±0.007ms | total: 5.242±1.683ms
2026-09-17 16:05:06.415 | INFO     | holosoma_inference.policies.base:run:963 - RL FPS: 50.00 | read_state: 0.110±0.016ms | preprocessing: 0.002±0.000ms | inference: 4.568±0.558ms | postprocessing: 0.028±0.004ms | action_pub: 0.133±0.009ms | total: 5.122±0.586ms
2026-09-17 16:05:07.423 | INFO     | holosoma_inference.policies.base:run:963 - RL FPS: 50.00 | read_state: 0.110±0.017ms | preprocessing: 0.002±0.000ms | inference: 4.610±1.248ms | postprocessing: 0.028±0.006ms | action_pub: 0.138±0.033ms | total: 5.165±1.274ms
2026-09-17 16:05:08.414 | INFO     | holosoma_inference.policies.base:run:963 - RL FPS: 50.00 | read_state: 0.115±0.021ms | preprocessing: 0.002±0.000ms | inference: 4.542±0.720ms | postprocessing: 0.032±0.015ms | action_pub: 0.139±0.017ms | total: 5.122±0.745ms
[real_viser] realtime update rate=22.3 Hz target=30.0 Hz
2026-09-17 16:05:09.415 | INFO     | holosoma_inference.policies.base:run:963 - RL FPS: 50.00 | read_state: 0.122±0.030ms | preprocessing: 0.002±0.000ms | inference: 4.974±0.938ms | postprocessing: 0.031±0.014ms | action_pub: 0.150±0.032ms | total: 5.585±0.945ms
2026-09-17 16:05:10.417 | INFO     | holosoma_inference.policies.base:run:963 - RL FPS: 50.00 | read_state: 0.134±0.044ms | preprocessing: 0.002±0.000ms | inference: 4.813±0.631ms | postprocessing: 0.033±0.012ms | action_pub: 0.144±0.020ms | total: 5.447±0.663ms
2026-09-17 16:05:11.408 | INFO     | holosoma_inference.policies.base:_handle_init_state:901 - Setting to init state
2026-09-17 16:05:11.408 | INFO     | holosoma_inference.policies.base:_print_control_status:933 - ------------ Control Status ------------
2026-09-17 16:05:11.409 | INFO     | holosoma_inference.policies.base:_print_control_status:940 - Active policy [1/1]: izz2f2df_model_11000.onnx Kp level 1.00
2026-09-17 16:05:11.409 | INFO     | holosoma_inference.policies.base:_print_control_status:933 - ------------ Control Status ------------
2026-09-17 16:05:11.409 | INFO     | holosoma_inference.policies.base:_print_control_status:940 - Active policy [1/1]: izz2f2df_model_11000.onnx Kp level 1.00
2026-09-17 16:05:11.411 | INFO     | holosoma_inference.policies.base:run:963 - RL FPS: 50.00 | read_state: 0.110±0.011ms | preprocessing: 0.003±0.008ms | inference: 4.873±1.448ms | postprocessing: 0.026±0.002ms | action_pub: 0.133±0.007ms | total: 5.317±1.562ms
2026-09-17 16:05:12.414 | INFO     | holosoma_inference.policies.base:run:963 - RL FPS: 50.00 | read_state: 0.197±0.029ms | preprocessing: 0.070±0.010ms | inference: 4.873±1.448ms | postprocessing: 0.030±0.006ms | action_pub: 0.236±0.045ms | total: 0.901±0.158ms
2026-09-17 16:05:12.588 | INFO     | holosoma_inference.policies.base:_handle_init_state:901 - Setting to init state
2026-09-17 16:05:12.588 | INFO     | holosoma_inference.policies.base:_print_control_status:933 - ------------ Control Status ------------
2026-09-17 16:05:12.589 | INFO     | holosoma_inference.policies.base:_print_control_status:940 - Active policy [1/1]: izz2f2df_model_11000.onnx Kp level 1.00
2026-09-17 16:05:12.589 | INFO     | holosoma_inference.policies.base:_print_control_status:933 - ------------ Control Status ------------
2026-09-17 16:05:12.589 | INFO     | holosoma_inference.policies.base:_print_control_status:940 - Active policy [1/1]: izz2f2df_model_11000.onnx Kp level 1.00
2026-09-17 16:05:13.414 | INFO     | holosoma_inference.policies.base:run:963 - RL FPS: 50.00 | read_state: 0.197±0.024ms | preprocessing: 0.072±0.007ms | inference: 4.873±1.448ms | postprocessing: 0.029±0.004ms | action_pub: 0.230±0.039ms | total: 0.920±0.158ms
[real_viser] realtime update rate=26.0 Hz target=30.0 Hz
2026-09-17 16:05:14.414 | INFO     | holosoma_inference.policies.base:run:963 - RL FPS: 50.00 | read_state: 0.206±0.012ms | preprocessing: 0.074±0.004ms | inference: 4.873±1.448ms | postprocessing: 0.032±0.005ms | action_pub: 0.247±0.022ms | total: 0.977±0.063ms
2026-09-17 16:05:15.414 | INFO     | holosoma_inference.policies.base:run:963 - RL FPS: 50.00 | read_state: 0.207±0.011ms | preprocessing: 0.074±0.005ms | inference: 4.873±1.448ms | postprocessing: 0.031±0.002ms | action_pub: 0.248±0.015ms | total: 0.977±0.055ms
2026-09-17 16:05:16.414 | INFO     | holosoma_inference.policies.base:run:963 - RL FPS: 50.00 | read_state: 0.197±0.031ms | preprocessing: 0.072±0.010ms | inference: 4.873±1.448ms | postprocessing: 0.031±0.005ms | action_pub: 0.230±0.046ms | total: 0.935±0.143ms
2026-09-17 16:05:17.414 | INFO     | holosoma_inference.policies.base:run:963 - RL FPS: 50.00 | read_state: 0.208±0.013ms | preprocessing: 0.075±0.005ms | inference: 4.873±1.448ms | postprocessing: 0.032±0.006ms | action_pub: 0.255±0.035ms | total: 0.995±0.079ms
2026-09-17 16:05:18.414 | INFO     | holosoma_inference.policies.base:run:963 - RL FPS: 50.00 | read_state: 0.191±0.024ms | preprocessing: 0.071±0.008ms | inference: 4.873±1.448ms | postprocessing: 0.030±0.004ms | action_pub: 0.225±0.035ms | total: 0.897±0.106ms
[real_viser] realtime update rate=23.6 Hz target=30.0 Hz
2026-09-17 16:05:19.410 | INFO     | holosoma_inference.policies.base:run:963 - RL FPS: 50.00 | read_state: 0.171±0.040ms | preprocessing: 0.062±0.016ms | inference: 4.873±1.448ms | postprocessing: 0.027±0.006ms | action_pub: 0.196±0.061ms | total: 0.807±0.182ms
2026-09-17 16:05:20.410 | INFO     | holosoma_inference.policies.base:run:963 - RL FPS: 50.00 | read_state: 0.118±0.006ms | preprocessing: 0.041±0.003ms | inference: 4.873±1.448ms | postprocessing: 0.019±0.002ms | action_pub: 0.118±0.006ms | total: 0.566±0.032ms
2026-09-17 16:05:21.410 | INFO     | holosoma_inference.policies.base:run:963 - RL FPS: 50.00 | read_state: 0.116±0.007ms | preprocessing: 0.040±0.003ms | inference: 4.873±1.448ms | postprocessing: 0.018±0.002ms | action_pub: 0.116±0.006ms | total: 0.557±0.036ms
2026-09-17 16:05:22.410 | INFO     | holosoma_inference.policies.base:run:963 - RL FPS: 50.00 | read_state: 0.120±0.005ms | preprocessing: 0.041±0.002ms | inference: 4.873±1.448ms | postprocessing: 0.018±0.001ms | action_pub: 0.118±0.004ms | total: 0.573±0.024ms
2026-09-17 16:05:23.410 | INFO     | holosoma_inference.policies.base:run:963 - RL FPS: 50.00 | read_state: 0.122±0.010ms | preprocessing: 0.042±0.004ms | inference: 4.873±1.448ms | postprocessing: 0.018±0.002ms | action_pub: 0.123±0.011ms | total: 0.590±0.047ms
[real_viser] realtime update rate=27.6 Hz target=30.0 Hz
2026-09-17 16:05:24.410 | INFO     | holosoma_inference.policies.base:run:963 - RL FPS: 50.00 | read_state: 0.126±0.012ms | preprocessing: 0.044±0.006ms | inference: 4.873±1.448ms | postprocessing: 0.019±0.002ms | action_pub: 0.123±0.012ms | total: 0.605±0.058ms
2026-09-17 16:05:25.410 | INFO     | holosoma_inference.policies.base:run:963 - RL FPS: 50.00 | read_state: 0.121±0.005ms | preprocessing: 0.041±0.002ms | inference: 4.873±1.448ms | postprocessing: 0.019±0.001ms | action_pub: 0.120±0.005ms | total: 0.582±0.025ms
2026-09-17 16:05:25.488 | INFO     | holosoma_inference.policies.wbt:_handle_stop_policy:1370 - Actions set to stiff startup command
2026-09-17 16:05:25.488 | INFO     | holosoma_inference.policies.base:_print_control_status:933 - ------------ Control Status ------------
2026-09-17 16:05:25.489 | INFO     | holosoma_inference.policies.base:_print_control_status:940 - Active policy [1/1]: izz2f2df_model_11000.onnx Kp level 1.00
2026-09-17 16:05:25.489 | INFO     | holosoma_inference.policies.base:_print_control_status:933 - ------------ Control Status ------------
2026-09-17 16:05:25.489 | INFO     | holosoma_inference.policies.base:_print_control_status:940 - Active policy [1/1]: izz2f2df_model_11000.onnx Kp level 1.00
[real_viser] realtime update rate=27.5 Hz target=30.0 Hz
[real_viser] realtime update rate=23.8 Hz target=30.0 Hz
[real_viser] realtime update rate=24.3 Hz target=30.0 Hz
[real_viser] realtime update rate=28.4 Hz target=30.0 Hz
[real_viser] realtime update rate=28.4 Hz target=30.0 Hz
[real_viser] realtime update rate=28.2 Hz target=30.0 Hz
[real_viser] realtime update rate=28.6 Hz target=30.0 Hz
[real_viser] realtime update rate=28.6 Hz target=30.0 Hz
[real_viser] realtime update rate=24.5 Hz target=30.0 Hz
[real_viser] realtime update rate=28.6 Hz target=30.0 Hz
[real_viser] realtime update rate=28.7 Hz target=30.0 Hz
2026-09-17 16:06:23.528 | INFO     | holosoma_inference.policies.base:_handle_start_policy:884 - Using policy actions
2026-09-17 16:06:23.529 | INFO     | holosoma_inference.policies.wbt:_capture_robot_yaw_offset:1557 - Robot yaw offset captured at 141.5 deg
2026-09-17 16:06:23.529 | INFO     | holosoma_inference.policies.wbt:_capture_motion_yaw_offset:1562 - Motion yaw offset captured at 0.0 deg
2026-09-17 16:06:23.529 | INFO     | holosoma_inference.policies.base:_print_control_status:933 - ------------ Control Status ------------
2026-09-17 16:06:23.530 | INFO     | holosoma_inference.policies.base:_print_control_status:940 - Active policy [1/1]: izz2f2df_model_11000.onnx Kp level 1.00
2026-09-17 16:06:23.530 | INFO     | holosoma_inference.policies.base:_print_control_status:933 - ------------ Control Status ------------
2026-09-17 16:06:23.530 | INFO     | holosoma_inference.policies.base:_print_control_status:940 - Active policy [1/1]: izz2f2df_model_11000.onnx Kp level 1.00
2026-09-17 16:06:24.414 | INFO     | holosoma_inference.policies.base:run:963 - RL FPS: 50.00 | read_state: 0.111±0.012ms | preprocessing: 0.003±0.004ms | inference: 4.726±1.578ms | postprocessing: 0.025±0.003ms | action_pub: 0.134±0.006ms | total: 4.832±2.343ms
[real_viser] realtime update rate=22.4 Hz target=30.0 Hz
2026-09-17 16:06:25.414 | INFO     | holosoma_inference.policies.base:run:963 - RL FPS: 50.00 | read_state: 0.108±0.009ms | preprocessing: 0.002±0.000ms | inference: 4.474±0.513ms | postprocessing: 0.026±0.002ms | action_pub: 0.132±0.006ms | total: 5.007±0.526ms
2026-09-17 16:06:26.148 | INFO     | holosoma_inference.policies.base:_handle_init_state:901 - Setting to init state
2026-09-17 16:06:26.148 | INFO     | holosoma_inference.policies.base:_print_control_status:933 - ------------ Control Status ------------
2026-09-17 16:06:26.148 | INFO     | holosoma_inference.policies.base:_print_control_status:940 - Active policy [1/1]: izz2f2df_model_11000.onnx Kp level 1.00
2026-09-17 16:06:26.149 | INFO     | holosoma_inference.policies.base:_print_control_status:933 - ------------ Control Status ------------
2026-09-17 16:06:26.149 | INFO     | holosoma_inference.policies.base:_print_control_status:940 - Active policy [1/1]: izz2f2df_model_11000.onnx Kp level 1.00
2026-09-17 16:06:26.410 | INFO     | holosoma_inference.policies.base:run:963 - RL FPS: 50.00 | read_state: 0.114±0.013ms | preprocessing: 0.013±0.019ms | inference: 4.629±0.538ms | postprocessing: 0.024±0.005ms | action_pub: 0.128±0.011ms | total: 3.914±2.162ms
2026-09-17 16:06:27.410 | INFO     | holosoma_inference.policies.base:run:963 - RL FPS: 50.00 | read_state: 0.118±0.006ms | preprocessing: 0.041±0.003ms | inference: 4.629±0.538ms | postprocessing: 0.018±0.001ms | action_pub: 0.122±0.012ms | total: 0.570±0.037ms
2026-09-17 16:06:28.410 | INFO     | holosoma_inference.policies.base:run:963 - RL FPS: 50.00 | read_state: 0.118±0.008ms | preprocessing: 0.040±0.003ms | inference: 4.629±0.538ms | postprocessing: 0.018±0.001ms | action_pub: 0.118±0.005ms | total: 0.563±0.044ms
2026-09-17 16:06:29.410 | INFO     | holosoma_inference.policies.base:run:963 - RL FPS: 50.00 | read_state: 0.116±0.011ms | preprocessing: 0.039±0.003ms | inference: 4.629±0.538ms | postprocessing: 0.018±0.001ms | action_pub: 0.115±0.006ms | total: 0.550±0.060ms
[real_viser] realtime update rate=28.6 Hz target=30.0 Hz
2026-09-17 16:06:30.410 | INFO     | holosoma_inference.policies.base:run:963 - RL FPS: 50.00 | read_state: 0.116±0.006ms | preprocessing: 0.040±0.002ms | inference: 4.629±0.538ms | postprocessing: 0.018±0.001ms | action_pub: 0.116±0.004ms | total: 0.552±0.031ms
2026-09-17 16:06:31.410 | INFO     | holosoma_inference.policies.base:run:963 - RL FPS: 50.00 | read_state: 0.119±0.005ms | preprocessing: 0.041±0.002ms | inference: 4.629±0.538ms | postprocessing: 0.018±0.001ms | action_pub: 0.118±0.004ms | total: 0.567±0.025ms
2026-09-17 16:06:32.410 | INFO     | holosoma_inference.policies.base:run:963 - RL FPS: 50.00 | read_state: 0.120±0.005ms | preprocessing: 0.041±0.002ms | inference: 4.629±0.538ms | postprocessing: 0.018±0.001ms | action_pub: 0.119±0.004ms | total: 0.576±0.024ms
2026-09-17 16:06:33.410 | INFO     | holosoma_inference.policies.base:run:963 - RL FPS: 50.00 | read_state: 0.118±0.005ms | preprocessing: 0.039±0.003ms | inference: 4.629±0.538ms | postprocessing: 0.018±0.001ms | action_pub: 0.117±0.005ms | total: 0.560±0.029ms
2026-09-17 16:06:34.410 | INFO     | holosoma_inference.policies.base:run:963 - RL FPS: 50.00 | read_state: 0.120±0.006ms | preprocessing: 0.040±0.002ms | inference: 4.629±0.538ms | postprocessing: 0.018±0.001ms | action_pub: 0.119±0.005ms | total: 0.573±0.026ms
[real_viser] realtime update rate=28.8 Hz target=30.0 Hz
2026-09-17 16:06:35.410 | INFO     | holosoma_inference.policies.base:run:963 - RL FPS: 50.00 | read_state: 0.119±0.004ms | preprocessing: 0.039±0.002ms | inference: 4.629±0.538ms | postprocessing: 0.018±0.001ms | action_pub: 0.118±0.004ms | total: 0.564±0.022ms
2026-09-17 16:06:36.328 | INFO     | holosoma_inference.policies.wbt:_handle_stop_policy:1370 - Actions set to stiff startup command
2026-09-17 16:06:36.328 | INFO     | holosoma_inference.policies.base:_print_control_status:933 - ------------ Control Status ------------
2026-09-17 16:06:36.329 | INFO     | holosoma_inference.policies.base:_print_control_status:940 - Active policy [1/1]: izz2f2df_model_11000.onnx Kp level 1.00
2026-09-17 16:06:36.329 | INFO     | holosoma_inference.policies.base:_print_control_status:933 - ------------ Control Status ------------
2026-09-17 16:06:36.329 | INFO     | holosoma_inference.policies.base:_print_control_status:940 - Active policy [1/1]: izz2f2df_model_11000.onnx Kp level 1.00
[real_viser] realtime update rate=28.3 Hz target=30.0 Hz
[real_viser] realtime update rate=27.5 Hz target=30.0 Hz
[real_viser] realtime update rate=24.3 Hz target=30.0 Hz
[real_viser] realtime update rate=27.6 Hz target=30.0 Hz
[real_viser] realtime update rate=27.8 Hz target=30.0 Hz
2026-09-17 16:07:02.908 | INFO     | holosoma_inference.policies.base:_handle_start_policy:884 - Using policy actions
2026-09-17 16:07:02.909 | INFO     | holosoma_inference.policies.wbt:_capture_robot_yaw_offset:1557 - Robot yaw offset captured at 142.1 deg
2026-09-17 16:07:02.909 | INFO     | holosoma_inference.policies.wbt:_capture_motion_yaw_offset:1562 - Motion yaw offset captured at 0.0 deg
2026-09-17 16:07:02.909 | INFO     | holosoma_inference.policies.base:_print_control_status:933 - ------------ Control Status ------------
2026-09-17 16:07:02.910 | INFO     | holosoma_inference.policies.base:_print_control_status:940 - Active policy [1/1]: izz2f2df_model_11000.onnx Kp level 1.00
2026-09-17 16:07:02.910 | INFO     | holosoma_inference.policies.base:_print_control_status:933 - ------------ Control Status ------------
2026-09-17 16:07:02.910 | INFO     | holosoma_inference.policies.base:_print_control_status:940 - Active policy [1/1]: izz2f2df_model_11000.onnx Kp level 1.00
2026-09-17 16:07:03.416 | INFO     | holosoma_inference.policies.base:run:963 - RL FPS: 50.06 | read_state: 0.119±0.011ms | preprocessing: 0.007±0.006ms | inference: 4.908±1.487ms | postprocessing: 0.023±0.009ms | action_pub: 0.140±0.009ms | total: 3.215±3.090ms
2026-09-17 16:07:04.415 | INFO     | holosoma_inference.policies.base:run:963 - RL FPS: 50.01 | read_state: 0.110±0.010ms | preprocessing: 0.002±0.000ms | inference: 5.119±2.397ms | postprocessing: 0.027±0.003ms | action_pub: 0.132±0.009ms | total: 5.663±2.402ms
2026-09-17 16:07:05.415 | INFO     | holosoma_inference.policies.base:run:963 - RL FPS: 50.00 | read_state: 0.108±0.006ms | preprocessing: 0.002±0.000ms | inference: 4.520±0.548ms | postprocessing: 0.026±0.001ms | action_pub: 0.130±0.013ms | total: 5.054±0.560ms
[real_viser] realtime update rate=20.8 Hz target=30.0 Hz
2026-09-17 16:07:06.415 | INFO     | holosoma_inference.policies.base:run:963 - RL FPS: 50.00 | read_state: 0.114±0.013ms | preprocessing: 0.002±0.000ms | inference: 4.698±1.538ms | postprocessing: 0.030±0.011ms | action_pub: 0.299±1.162ms | total: 5.428±1.909ms
2026-09-17 16:07:07.416 | INFO     | holosoma_inference.policies.base:run:963 - RL FPS: 50.00 | read_state: 0.121±0.017ms | preprocessing: 0.002±0.000ms | inference: 4.836±1.253ms | postprocessing: 0.030±0.012ms | action_pub: 0.144±0.035ms | total: 5.443±1.273ms
2026-09-17 16:07:08.415 | INFO     | holosoma_inference.policies.base:run:963 - RL FPS: 50.00 | read_state: 0.118±0.013ms | preprocessing: 0.002±0.000ms | inference: 4.543±0.521ms | postprocessing: 0.031±0.011ms | action_pub: 0.137±0.014ms | total: 5.130±0.535ms
2026-09-17 16:07:08.868 | INFO     | holosoma_inference.policies.base:_handle_init_state:901 - Setting to init state
2026-09-17 16:07:08.868 | INFO     | holosoma_inference.policies.base:_print_control_status:933 - ------------ Control Status ------------
2026-09-17 16:07:08.868 | INFO     | holosoma_inference.policies.base:_print_control_status:940 - Active policy [1/1]: izz2f2df_model_11000.onnx Kp level 1.00
2026-09-17 16:07:08.869 | INFO     | holosoma_inference.policies.base:_print_control_status:933 - ------------ Control Status ------------
2026-09-17 16:07:08.869 | INFO     | holosoma_inference.policies.base:_print_control_status:940 - Active policy [1/1]: izz2f2df_model_11000.onnx Kp level 1.00
2026-09-17 16:07:09.410 | INFO     | holosoma_inference.policies.base:run:963 - RL FPS: 50.00 | read_state: 0.114±0.013ms | preprocessing: 0.021±0.018ms | inference: 4.699±1.347ms | postprocessing: 0.021±0.007ms | action_pub: 0.122±0.016ms | total: 2.736±2.813ms
2026-09-17 16:07:10.410 | INFO     | holosoma_inference.policies.base:run:963 - RL FPS: 50.00 | read_state: 0.105±0.012ms | preprocessing: 0.034±0.004ms | inference: 4.699±1.347ms | postprocessing: 0.016±0.002ms | action_pub: 0.107±0.009ms | total: 0.497±0.059ms
[real_viser] realtime update rate=29.0 Hz target=30.0 Hz
2026-09-17 16:07:11.410 | INFO     | holosoma_inference.policies.base:run:963 - RL FPS: 50.00 | read_state: 0.110±0.011ms | preprocessing: 0.035±0.003ms | inference: 4.699±1.347ms | postprocessing: 0.016±0.002ms | action_pub: 0.111±0.008ms | total: 0.519±0.053ms
2026-09-17 16:07:12.410 | INFO     | holosoma_inference.policies.base:run:963 - RL FPS: 50.00 | read_state: 0.116±0.008ms | preprocessing: 0.037±0.003ms | inference: 4.699±1.347ms | postprocessing: 0.018±0.002ms | action_pub: 0.115±0.006ms | total: 0.547±0.041ms
2026-09-17 16:07:13.410 | INFO     | holosoma_inference.policies.base:run:963 - RL FPS: 50.00 | read_state: 0.111±0.013ms | preprocessing: 0.036±0.004ms | inference: 4.699±1.347ms | postprocessing: 0.017±0.002ms | action_pub: 0.112±0.009ms | total: 0.522±0.065ms
2026-09-17 16:07:14.411 | INFO     | holosoma_inference.policies.base:run:963 - RL FPS: 50.00 | read_state: 0.115±0.011ms | preprocessing: 0.038±0.004ms | inference: 4.699±1.347ms | postprocessing: 0.018±0.002ms | action_pub: 0.117±0.008ms | total: 0.547±0.054ms
2026-09-17 16:07:14.808 | INFO     | holosoma_inference.policies.wbt:_handle_stop_policy:1370 - Actions set to stiff startup command
2026-09-17 16:07:14.808 | INFO     | holosoma_inference.policies.base:_print_control_status:933 - ------------ Control Status ------------
2026-09-17 16:07:14.809 | INFO     | holosoma_inference.policies.base:_print_control_status:940 - Active policy [1/1]: izz2f2df_model_11000.onnx Kp level 1.00
2026-09-17 16:07:14.809 | INFO     | holosoma_inference.policies.base:_print_control_status:933 - ------------ Control Status ------------
2026-09-17 16:07:14.809 | INFO     | holosoma_inference.policies.base:_print_control_status:940 - Active policy [1/1]: izz2f2df_model_11000.onnx Kp level 1.00
[real_viser] realtime update rate=28.7 Hz target=30.0 Hz
[real_viser] realtime update rate=29.2 Hz target=30.0 Hz
[real_viser] realtime update rate=28.2 Hz target=30.0 Hz
[real_viser] realtime update rate=28.7 Hz target=30.0 Hz
[real_viser] realtime update rate=27.9 Hz target=30.0 Hz
[real_viser] realtime update rate=27.9 Hz target=30.0 Hz
[real_viser] realtime update rate=28.3 Hz target=30.0 Hz
[real_viser] realtime update rate=28.5 Hz target=30.0 Hz
[real_viser] realtime update rate=28.0 Hz target=30.0 Hz
[real_viser] realtime update rate=27.9 Hz target=30.0 Hz
[real_viser] realtime update rate=28.5 Hz target=30.0 Hz
[real_viser] realtime update rate=27.7 Hz target=30.0 Hz
[real_viser] realtime update rate=26.5 Hz target=30.0 Hz
[real_viser] realtime update rate=25.4 Hz target=30.0 Hz
[real_viser] realtime update rate=27.4 Hz target=30.0 Hz
[real_viser] realtime update rate=28.4 Hz target=30.0 Hz
[real_viser] realtime update rate=26.1 Hz target=30.0 Hz
[real_viser] realtime update rate=27.7 Hz target=30.0 Hz
[real_viser] realtime update rate=28.2 Hz target=30.0 Hz
[real_viser] realtime update rate=27.0 Hz target=30.0 Hz
[real_viser] realtime update rate=27.9 Hz target=30.0 Hz
[real_viser] realtime update rate=27.6 Hz target=30.0 Hz
[real_viser] realtime update rate=28.2 Hz target=30.0 Hz
[real_viser] realtime update rate=27.6 Hz target=30.0 Hz
2026-09-17 16:09:14.448 | INFO     | holosoma_inference.policies.base:_handle_start_policy:884 - Using policy actions
2026-09-17 16:09:14.449 | INFO     | holosoma_inference.policies.wbt:_capture_robot_yaw_offset:1557 - Robot yaw offset captured at 146.0 deg
2026-09-17 16:09:14.449 | INFO     | holosoma_inference.policies.wbt:_capture_motion_yaw_offset:1562 - Motion yaw offset captured at 0.0 deg
2026-09-17 16:09:14.449 | INFO     | holosoma_inference.policies.base:_print_control_status:933 - ------------ Control Status ------------
2026-09-17 16:09:14.450 | INFO     | holosoma_inference.policies.base:_print_control_status:940 - Active policy [1/1]: izz2f2df_model_11000.onnx Kp level 1.00
2026-09-17 16:09:14.450 | INFO     | holosoma_inference.policies.base:_print_control_status:933 - ------------ Control Status ------------
2026-09-17 16:09:14.450 | INFO     | holosoma_inference.policies.base:_print_control_status:940 - Active policy [1/1]: izz2f2df_model_11000.onnx Kp level 1.00
2026-09-17 16:09:15.421 | INFO     | holosoma_inference.policies.base:run:963 - RL FPS: 50.00 | read_state: 0.111±0.021ms | preprocessing: 0.002±0.002ms | inference: 5.127±2.150ms | postprocessing: 0.029±0.011ms | action_pub: 0.144±0.054ms | total: 5.603±2.470ms
2026-09-17 16:09:16.415 | INFO     | holosoma_inference.policies.base:run:963 - RL FPS: 50.01 | read_state: 0.117±0.015ms | preprocessing: 0.002±0.000ms | inference: 4.644±0.678ms | postprocessing: 0.031±0.010ms | action_pub: 0.143±0.019ms | total: 5.232±0.702ms
2026-09-17 16:09:17.428 | INFO     | holosoma_inference.policies.base:run:963 - RL FPS: 49.78 | read_state: 0.118±0.015ms | preprocessing: 0.002±0.000ms | inference: 5.878±3.543ms | postprocessing: 0.031±0.012ms | action_pub: 0.150±0.022ms | total: 6.488±3.536ms
[real_viser] realtime update rate=12.9 Hz target=30.0 Hz
2026-09-17 16:09:18.421 | INFO     | holosoma_inference.policies.base:run:963 - RL FPS: 50.01 | read_state: 0.120±0.025ms | preprocessing: 0.002±0.000ms | inference: 5.316±2.288ms | postprocessing: 0.074±0.298ms | action_pub: 0.155±0.038ms | total: 5.978±2.313ms
2026-09-17 16:09:19.420 | INFO     | holosoma_inference.policies.base:run:963 - RL FPS: 50.00 | read_state: 0.120±0.018ms | preprocessing: 0.002±0.000ms | inference: 5.009±1.134ms | postprocessing: 0.032±0.013ms | action_pub: 0.159±0.035ms | total: 5.630±1.148ms
2026-09-17 16:09:20.421 | INFO     | holosoma_inference.policies.base:run:963 - RL FPS: 50.00 | read_state: 0.114±0.017ms | preprocessing: 0.002±0.000ms | inference: 4.692±1.058ms | postprocessing: 0.031±0.017ms | action_pub: 0.145±0.026ms | total: 5.277±1.090ms
2026-09-17 16:09:21.424 | INFO     | holosoma_inference.policies.base:run:963 - RL FPS: 50.01 | read_state: 0.117±0.011ms | preprocessing: 0.002±0.000ms | inference: 4.451±0.500ms | postprocessing: 0.028±0.007ms | action_pub: 0.136±0.011ms | total: 5.032±0.516ms
2026-09-17 16:09:22.421 | INFO     | holosoma_inference.policies.base:run:963 - RL FPS: 50.00 | read_state: 0.105±0.006ms | preprocessing: 0.002±0.000ms | inference: 4.619±0.441ms | postprocessing: 0.026±0.002ms | action_pub: 0.136±0.010ms | total: 5.145±0.443ms
2026-09-17 16:09:22.794 | INFO     | holosoma_inference.policies.wbt:_handle_stop_policy:1370 - Actions set to stiff startup command
2026-09-17 16:09:22.794 | INFO     | holosoma_inference.policies.base:_print_control_status:933 - ------------ Control Status ------------
2026-09-17 16:09:22.794 | INFO     | holosoma_inference.policies.base:_print_control_status:940 - Active policy [1/1]: izz2f2df_model_11000.onnx Kp level 1.00
2026-09-17 16:09:22.795 | INFO     | holosoma_inference.policies.base:_print_control_status:933 - ------------ Control Status ------------
2026-09-17 16:09:22.795 | INFO     | holosoma_inference.policies.base:_print_control_status:940 - Active policy [1/1]: izz2f2df_model_11000.onnx Kp level 1.00
[real_viser] realtime update rate=23.9 Hz target=30.0 Hz
[real_viser] realtime update rate=28.6 Hz target=30.0 Hz
[real_viser] realtime update rate=28.3 Hz target=30.0 Hz
[real_viser] realtime update rate=27.5 Hz target=30.0 Hz
[real_viser] realtime update rate=28.1 Hz target=30.0 Hz
[real_viser] realtime update rate=28.3 Hz target=30.0 Hz
[real_viser] realtime update rate=28.1 Hz target=30.0 Hz
[real_viser] realtime update rate=28.3 Hz target=30.0 Hz
[real_viser] realtime update rate=28.7 Hz target=30.0 Hz
[real_viser] realtime update rate=28.9 Hz target=30.0 Hz
[real_viser] realtime update rate=28.3 Hz target=30.0 Hz
[real_viser] realtime update rate=28.0 Hz target=30.0 Hz
[real_viser] realtime update rate=28.1 Hz target=30.0 Hz
[real_viser] realtime update rate=28.9 Hz target=30.0 Hz
[real_viser] realtime update rate=28.1 Hz target=30.0 Hz
[real_viser] realtime update rate=28.3 Hz target=30.0 Hz
[real_viser] realtime update rate=28.2 Hz target=30.0 Hz
[real_viser] realtime update rate=28.2 Hz target=30.0 Hz
[real_viser] realtime update rate=29.0 Hz target=30.0 Hz
[real_viser] realtime update rate=28.1 Hz target=30.0 Hz
[real_viser] realtime update rate=27.8 Hz target=30.0 Hz
[real_viser] realtime update rate=28.3 Hz target=30.0 Hz
[real_viser] realtime update rate=24.0 Hz target=30.0 Hz
[real_viser] realtime update rate=28.8 Hz target=30.0 Hz
[real_viser] realtime update rate=28.8 Hz target=30.0 Hz
2026-09-17 16:11:29.614 | INFO     | holosoma_inference.policies.wbt:_handle_stop_policy:1370 - Actions set to stiff startup command
2026-09-17 16:11:29.615 | INFO     | holosoma_inference.policies.base:_print_control_status:933 - ------------ Control Status ------------
2026-09-17 16:11:29.615 | INFO     | holosoma_inference.policies.base:_print_control_status:940 - Active policy [1/1]: izz2f2df_model_11000.onnx Kp level 1.00
2026-09-17 16:11:29.616 | INFO     | holosoma_inference.policies.base:_print_control_status:933 - ------------ Control Status ------------
2026-09-17 16:11:29.616 | INFO     | holosoma_inference.policies.base:_print_control_status:940 - Active policy [1/1]: izz2f2df_model_11000.onnx Kp level 1.00
[real_viser] realtime update rate=28.3 Hz target=30.0 Hz
[real_viser] realtime update rate=27.8 Hz target=30.0 Hz
[real_viser] realtime update rate=21.1 Hz target=30.0 Hz
2026-09-17 16:11:40.874 | INFO     | holosoma_inference.policies.base:_handle_init_state:901 - Setting to init state
2026-09-17 16:11:40.874 | INFO     | holosoma_inference.policies.base:_print_control_status:933 - ------------ Control Status ------------
2026-09-17 16:11:40.875 | INFO     | holosoma_inference.policies.base:_print_control_status:940 - Active policy [1/1]: izz2f2df_model_11000.onnx Kp level 1.00
2026-09-17 16:11:40.875 | INFO     | holosoma_inference.policies.base:_print_control_status:933 - ------------ Control Status ------------
2026-09-17 16:11:40.875 | INFO     | holosoma_inference.policies.base:_print_control_status:940 - Active policy [1/1]: izz2f2df_model_11000.onnx Kp level 1.00
2026-09-17 16:11:41.474 | INFO     | holosoma_inference.policies.wbt:_handle_stop_policy:1370 - Actions set to stiff startup command
2026-09-17 16:11:41.474 | INFO     | holosoma_inference.policies.base:_print_control_status:933 - ------------ Control Status ------------
2026-09-17 16:11:41.475 | INFO     | holosoma_inference.policies.base:_print_control_status:940 - Active policy [1/1]: izz2f2df_model_11000.onnx Kp level 1.00
2026-09-17 16:11:41.475 | INFO     | holosoma_inference.policies.base:_print_control_status:933 - ------------ Control Status ------------
2026-09-17 16:11:41.475 | INFO     | holosoma_inference.policies.base:_print_control_status:940 - Active policy [1/1]: izz2f2df_model_11000.onnx Kp level 1.00
2026-09-17 16:11:41.854 | INFO     | holosoma_inference.policies.wbt:_handle_stop_policy:1370 - Actions set to stiff startup command
2026-09-17 16:11:41.854 | INFO     | holosoma_inference.policies.base:_print_control_status:933 - ------------ Control Status ------------
2026-09-17 16:11:41.855 | INFO     | holosoma_inference.policies.base:_print_control_status:940 - Active policy [1/1]: izz2f2df_model_11000.onnx Kp level 1.00
2026-09-17 16:11:41.855 | INFO     | holosoma_inference.policies.base:_print_control_status:933 - ------------ Control Status ------------
2026-09-17 16:11:41.855 | INFO     | holosoma_inference.policies.base:_print_control_status:940 - Active policy [1/1]: izz2f2df_model_11000.onnx Kp level 1.00
2026-09-17 16:11:42.114 | INFO     | holosoma_inference.policies.wbt:_handle_stop_policy:1370 - Actions set to stiff startup command
2026-09-17 16:11:42.114 | INFO     | holosoma_inference.policies.base:_print_control_status:933 - ------------ Control Status ------------
2026-09-17 16:11:42.115 | INFO     | holosoma_inference.policies.base:_print_control_status:940 - Active policy [1/1]: izz2f2df_model_11000.onnx Kp level 1.00
2026-09-17 16:11:42.115 | INFO     | holosoma_inference.policies.base:_print_control_status:933 - ------------ Control Status ------------
2026-09-17 16:11:42.115 | INFO     | holosoma_inference.policies.base:_print_control_status:940 - Active policy [1/1]: izz2f2df_model_11000.onnx Kp level 1.00
2026-09-17 16:11:42.254 | INFO     | holosoma_inference.policies.wbt:_handle_stop_policy:1370 - Actions set to stiff startup command
2026-09-17 16:11:42.254 | INFO     | holosoma_inference.policies.base:_print_control_status:933 - ------------ Control Status ------------
2026-09-17 16:11:42.255 | INFO     | holosoma_inference.policies.base:_print_control_status:940 - Active policy [1/1]: izz2f2df_model_11000.onnx Kp level 1.00
2026-09-17 16:11:42.255 | INFO     | holosoma_inference.policies.base:_print_control_status:933 - ------------ Control Status ------------
2026-09-17 16:11:42.255 | INFO     | holosoma_inference.policies.base:_print_control_status:940 - Active policy [1/1]: izz2f2df_model_11000.onnx Kp level 1.00
2026-09-17 16:11:42.414 | INFO     | holosoma_inference.policies.wbt:_handle_stop_policy:1370 - Actions set to stiff startup command
2026-09-17 16:11:42.414 | INFO     | holosoma_inference.policies.base:_print_control_status:933 - ------------ Control Status ------------
2026-09-17 16:11:42.415 | INFO     | holosoma_inference.policies.base:_print_control_status:940 - Active policy [1/1]: izz2f2df_model_11000.onnx Kp level 1.00
2026-09-17 16:11:42.415 | INFO     | holosoma_inference.policies.base:_print_control_status:933 - ------------ Control Status ------------
2026-09-17 16:11:42.415 | INFO     | holosoma_inference.policies.base:_print_control_status:940 - Active policy [1/1]: izz2f2df_model_11000.onnx Kp level 1.00
2026-09-17 16:11:42.854 | INFO     | holosoma_inference.policies.wbt:_handle_stop_policy:1370 - Actions set to stiff startup command
2026-09-17 16:11:42.855 | INFO     | holosoma_inference.policies.base:_print_control_status:933 - ------------ Control Status ------------
2026-09-17 16:11:42.855 | INFO     | holosoma_inference.policies.base:_print_control_status:940 - Active policy [1/1]: izz2f2df_model_11000.onnx Kp level 1.00
2026-09-17 16:11:42.855 | INFO     | holosoma_inference.policies.base:_print_control_status:933 - ------------ Control Status ------------
2026-09-17 16:11:42.855 | INFO     | holosoma_inference.policies.base:_print_control_status:940 - Active policy [1/1]: izz2f2df_model_11000.onnx Kp level 1.00
[real_viser] realtime update rate=25.0 Hz target=30.0 Hz
[real_viser] realtime update rate=29.2 Hz target=30.0 Hz
