[real_depth] log_dir=/home/unitree/FAR/holosoma/logs/real_depth_20260917_204534
[real_depth] behavior_reference=c416c75ac5bd09c3449336ba3de4b466874ff728
2026-09-17 20:45:37.468 | INFO     | holosoma.utils.rate:__init__:47 - Rate limiter initialized: 30 Hz (33.33 ms period)
[RealSense] IR emitter: off
[RealSense] Intrinsics: fx=428.69, fy=428.69, cx=432.43, cy=245.91
[RealSense] Initialized: serial=auto, resolution=848x480@30fps, depth_scale=0.001000
[Image Server] Connected to existing shared memory: depth_img_shm
[Image Server] Shared memory: shape=[1, 1, 58, 87], dtype=<class 'numpy.float32'>
ImageServer initialized
[Image Saver] Initialized save images directory: /home/unitree/FAR/holosoma/logs/real_depth_20260917_204534/depth_images/20260917_204537
[Image Saver] Saved calibration for cameras: ['d435i_depth']
[Image Server] Rate limiter stats: {'frequency': 30, 'period_ms': 33.333333333333336, 'total_drift_ms': 0.0, 'max_drift_ms': 0.0, 'avg_drift_ms': 0.0, 'drift_count': 0}
[Image Server] capture stats: {'count': 1, 'avg_ms': 118.67570599997634, 'min_ms': 118.67570599997634, 'max_ms': 118.67570599997634, 'total_ms': 118.67570599997634}
[Image Server] hw total latency stats: {'count': 1, 'avg_ms': 127.46883717188211, 'min_ms': 127.46883717188211, 'max_ms': 127.46883717188211, 'total_ms': 127.46883717188211}
[Image Server] Rate limiter stats: {'frequency': 30, 'period_ms': 33.333333333333336, 'total_drift_ms': 7.310883334639584, 'max_drift_ms': 4.731617333959548, 'avg_drift_ms': 3.655441667319792, 'drift_count': 2}
[Image Server] capture stats: {'count': 51, 'avg_ms': 30.504184529419554, 'min_ms': 25.571161000016218, 'max_ms': 118.67570599997634, 'total_ms': 1555.7134110003972}
[Image Server] hw total latency stats: {'count': 51, 'avg_ms': 37.73712960264129, 'min_ms': 32.792103453189156, 'max_ms': 127.46883717188211, 'total_ms': 1924.5936097347058}
[Image Server] Rate limiter stats: {'frequency': 30, 'period_ms': 33.333333333333336, 'total_drift_ms': 131.2568236998004, 'max_drift_ms': 5.048470667816218, 'avg_drift_ms': 3.1251624690428668, 'drift_count': 42}
[Image Server] capture stats: {'count': 101, 'avg_ms': 31.15652043565507, 'min_ms': 25.571161000016218, 'max_ms': 118.67570599997634, 'total_ms': 3146.8085640011623}
[Image Server] hw total latency stats: {'count': 101, 'avg_ms': 38.218362833697434, 'min_ms': 32.792103453189156, 'max_ms': 127.46883717188211, 'total_ms': 3860.054646203441}
[Image Server] Rate limiter stats: {'frequency': 30, 'period_ms': 33.333333333333336, 'total_drift_ms': 12.35512134860528, 'max_drift_ms': 1.4233430001695524, 'avg_drift_ms': 0.5615964249366037, 'drift_count': 22}
[Image Server] capture stats: {'count': 151, 'avg_ms': 31.12331827153246, 'min_ms': 25.571161000016218, 'max_ms': 118.67570599997634, 'total_ms': 4699.621059001402}
[Image Server] hw total latency stats: {'count': 151, 'avg_ms': 38.561567837955785, 'min_ms': 32.792103453189156, 'max_ms': 127.46883717188211, 'total_ms': 5822.796743531323}
[Image Server] Rate limiter stats: {'frequency': 30, 'period_ms': 33.333333333333336, 'total_drift_ms': 2.9639536753620632, 'max_drift_ms': 0.7841796672209966, 'avg_drift_ms': 0.32932818615134035, 'drift_count': 9}
[Image Server] capture stats: {'count': 201, 'avg_ms': 31.03181727861462, 'min_ms': 25.571161000016218, 'max_ms': 118.67570599997634, 'total_ms': 6237.395273001539}
[Image Server] hw total latency stats: {'count': 201, 'avg_ms': 38.868269682448194, 'min_ms': 32.792103453189156, 'max_ms': 127.46883717188211, 'total_ms': 7812.522206172087}
[Image Server] Rate limiter stats: {'frequency': 30, 'period_ms': 33.333333333333336, 'total_drift_ms': 33.084805357589175, 'max_drift_ms': 1.9998326672521216, 'avg_drift_ms': 1.067251785728683, 'drift_count': 31}
[Image Server] capture stats: {'count': 251, 'avg_ms': 31.0716007968182, 'min_ms': 25.571161000016218, 'max_ms': 118.67570599997634, 'total_ms': 7798.971800001368}
[Image Server] hw total latency stats: {'count': 251, 'avg_ms': 39.22753960732014, 'min_ms': 32.792103453189156, 'max_ms': 127.46883717188211, 'total_ms': 9846.112441437355}
[Image Server] Rate limiter stats: {'frequency': 30, 'period_ms': 33.333333333333336, 'total_drift_ms': 0.42843333505970804, 'max_drift_ms': 0.28587000144852937, 'avg_drift_ms': 0.21421666752985402, 'drift_count': 2}
[Image Server] capture stats: {'count': 301, 'avg_ms': 30.912889598011915, 'min_ms': 25.571161000016218, 'max_ms': 118.67570599997634, 'total_ms': 9304.779769001587}
[Image Server] hw total latency stats: {'count': 301, 'avg_ms': 39.2996973399082, 'min_ms': 32.792103453189156, 'max_ms': 127.46883717188211, 'total_ms': 11829.208899312369}
[Image Server] Rate limiter stats: {'frequency': 30, 'period_ms': 33.333333333333336, 'total_drift_ms': 9.61898534944794, 'max_drift_ms': 1.9547156681483102, 'avg_drift_ms': 0.5062623868130495, 'drift_count': 19}
[Image Server] capture stats: {'count': 351, 'avg_ms': 30.91576645869235, 'min_ms': 25.571161000016218, 'max_ms': 118.67570599997634, 'total_ms': 10851.434027001014}
[Image Server] hw total latency stats: {'count': 351, 'avg_ms': 39.46797269114951, 'min_ms': 32.792103453189156, 'max_ms': 127.46883717188211, 'total_ms': 13853.258414593478}
[Image Server] Rate limiter stats: {'frequency': 30, 'period_ms': 33.333333333333336, 'total_drift_ms': 0.0, 'max_drift_ms': 0.0, 'avg_drift_ms': 0.0, 'drift_count': 0}
[Image Server] capture stats: {'count': 401, 'avg_ms': 30.75590846135056, 'min_ms': 25.571161000016218, 'max_ms': 118.67570599997634, 'total_ms': 12333.119293001575}
[Image Server] hw total latency stats: {'count': 401, 'avg_ms': 39.31545115145715, 'min_ms': 32.792103453189156, 'max_ms': 127.46883717188211, 'total_ms': 15765.495911734317}
[Image Server] Rate limiter stats: {'frequency': 30, 'period_ms': 33.333333333333336, 'total_drift_ms': 15.532287688756696, 'max_drift_ms': 1.681974667690156, 'avg_drift_ms': 0.5547245603127392, 'drift_count': 28}
[Image Server] capture stats: {'count': 451, 'avg_ms': 30.80953823503816, 'min_ms': 25.571161000016218, 'max_ms': 118.67570599997634, 'total_ms': 13895.101744002211}
[Image Server] hw total latency stats: {'count': 451, 'avg_ms': 39.36438808391088, 'min_ms': 32.792103453189156, 'max_ms': 127.46883717188211, 'total_ms': 17753.33902584381}
[Image Server] Rate limiter stats: {'frequency': 30, 'period_ms': 33.333333333333336, 'total_drift_ms': 1.3118666711307014, 'max_drift_ms': 1.0001776678336682, 'avg_drift_ms': 0.32796666778267536, 'drift_count': 4}
[Image Server] capture stats: {'count': 501, 'avg_ms': 30.774266373257806, 'min_ms': 25.571161000016218, 'max_ms': 118.67570599997634, 'total_ms': 15417.90745300216}
[Image Server] hw total latency stats: {'count': 501, 'avg_ms': 39.329219701596884, 'min_ms': 32.792103453189156, 'max_ms': 127.46883717188211, 'total_ms': 19703.93907050004}
[Image Server] Rate limiter stats: {'frequency': 30, 'period_ms': 33.333333333333336, 'total_drift_ms': 43.299659028207316, 'max_drift_ms': 2.3374710002599386, 'avg_drift_ms': 1.2371331150916376, 'drift_count': 35}
[Image Server] capture stats: {'count': 551, 'avg_ms': 30.830463511801053, 'min_ms': 25.571161000016218, 'max_ms': 118.67570599997634, 'total_ms': 16987.58539500238}
[Image Server] hw total latency stats: {'count': 551, 'avg_ms': 39.39355451616396, 'min_ms': 32.792103453189156, 'max_ms': 127.46883717188211, 'total_ms': 21705.848538406342}
[Image Server] Rate limiter stats: {'frequency': 30, 'period_ms': 33.333333333333336, 'total_drift_ms': 3.931602009402013, 'max_drift_ms': 0.9043450014587506, 'avg_drift_ms': 0.3931602009402013, 'drift_count': 10}
[Image Server] capture stats: {'count': 601, 'avg_ms': 30.82148706655946, 'min_ms': 25.571161000016218, 'max_ms': 118.67570599997634, 'total_ms': 18523.713727002236}
[Image Server] hw total latency stats: {'count': 601, 'avg_ms': 39.38962945335877, 'min_ms': 32.792103453189156, 'max_ms': 127.46883717188211, 'total_ms': 23673.167301468624}
[Image Server] Rate limiter stats: {'frequency': 30, 'period_ms': 33.333333333333336, 'total_drift_ms': 8.03062034526647, 'max_drift_ms': 1.2116160002051402, 'avg_drift_ms': 0.4723894320744983, 'drift_count': 17}
[Image Server] capture stats: {'count': 651, 'avg_ms': 30.837135365594957, 'min_ms': 25.571161000016218, 'max_ms': 118.67570599997634, 'total_ms': 20074.975123002318}
[Image Server] hw total latency stats: {'count': 651, 'avg_ms': 39.414287518935886, 'min_ms': 32.792103453189156, 'max_ms': 127.46883717188211, 'total_ms': 25658.701174827263}
[Image Server] Rate limiter stats: {'frequency': 30, 'period_ms': 33.333333333333336, 'total_drift_ms': 0.3674420004244894, 'max_drift_ms': 0.3674420004244894, 'avg_drift_ms': 0.3674420004244894, 'drift_count': 1}
[Image Server] capture stats: {'count': 701, 'avg_ms': 30.773217122686006, 'min_ms': 25.571161000016218, 'max_ms': 118.67570599997634, 'total_ms': 21572.02520300289}
[Image Server] hw total latency stats: {'count': 701, 'avg_ms': 39.351275903373626, 'min_ms': 32.792103453189156, 'max_ms': 127.46883717188211, 'total_ms': 27585.244408264913}
[Image Server] Rate limiter stats: {'frequency': 30, 'period_ms': 33.333333333333336, 'total_drift_ms': 21.38272201636937, 'max_drift_ms': 2.331678334485332, 'avg_drift_ms': 0.7919526672729397, 'drift_count': 27}
[Image Server] capture stats: {'count': 751, 'avg_ms': 30.785917450070574, 'min_ms': 25.571161000016218, 'max_ms': 118.67570599997634, 'total_ms': 23120.224005003}
[Image Server] hw total latency stats: {'count': 751, 'avg_ms': 39.366397889355035, 'min_ms': 32.792103453189156, 'max_ms': 127.46883717188211, 'total_ms': 29564.16481490563}
[Image Server] Rate limiter stats: {'frequency': 30, 'period_ms': 33.333333333333336, 'total_drift_ms': 63.82165068953327, 'max_drift_ms': 4.758053001069129, 'avg_drift_ms': 2.774854377805794, 'drift_count': 23}
[Image Server] capture stats: {'count': 801, 'avg_ms': 30.847504244697973, 'min_ms': 25.571161000016218, 'max_ms': 118.67570599997634, 'total_ms': 24708.850900003075}
[Image Server] hw total latency stats: {'count': 801, 'avg_ms': 39.43035631844787, 'min_ms': 32.792103453189156, 'max_ms': 127.46883717188211, 'total_ms': 31583.715411076744}
[Image Server] Rate limiter stats: {'frequency': 30, 'period_ms': 33.333333333333336, 'total_drift_ms': 11.094762016568893, 'max_drift_ms': 1.2935156680669024, 'avg_drift_ms': 0.5283220007889948, 'drift_count': 21}
[Image Server] capture stats: {'count': 851, 'avg_ms': 30.851609803763665, 'min_ms': 25.571161000016218, 'max_ms': 118.67570599997634, 'total_ms': 26254.719943002878}
[Image Server] hw total latency stats: {'count': 851, 'avg_ms': 39.44055069280392, 'min_ms': 32.792103453189156, 'max_ms': 127.46883717188211, 'total_ms': 33563.90863957613}
[Image Server] Rate limiter stats: {'frequency': 30, 'period_ms': 33.333333333333336, 'total_drift_ms': 3.250427337320616, 'max_drift_ms': 1.1202323336192421, 'avg_drift_ms': 0.46434676247437373, 'drift_count': 7}
[Image Server] capture stats: {'count': 901, 'avg_ms': 30.82460988013583, 'min_ms': 25.571161000016218, 'max_ms': 118.67570599997634, 'total_ms': 27772.973502002384}
[Image Server] hw total latency stats: {'count': 901, 'avg_ms': 39.416024147472974, 'min_ms': 32.792103453189156, 'max_ms': 127.46883717188211, 'total_ms': 35513.83775687315}
[Image Server] Rate limiter stats: {'frequency': 30, 'period_ms': 33.333333333333336, 'total_drift_ms': 16.32095201875927, 'max_drift_ms': 1.9009180006150928, 'avg_drift_ms': 0.7418614553981486, 'drift_count': 22}
[Image Server] capture stats: {'count': 951, 'avg_ms': 30.84465200525923, 'min_ms': 25.571161000016218, 'max_ms': 118.67570599997634, 'total_ms': 29333.26405700153}
[Image Server] hw total latency stats: {'count': 951, 'avg_ms': 39.43719760015564, 'min_ms': 32.792103453189156, 'max_ms': 127.46883717188211, 'total_ms': 37504.774917748015}
[Image Server] Rate limiter stats: {'frequency': 30, 'period_ms': 33.333333333333336, 'total_drift_ms': 0.06319966746559658, 'max_drift_ms': 0.06319966746559658, 'avg_drift_ms': 0.06319966746559658, 'drift_count': 1}
[Image Server] capture stats: {'count': 1001, 'avg_ms': 30.804976750251473, 'min_ms': 25.571161000016218, 'max_ms': 118.67570599997634, 'total_ms': 30835.781727001726}
[Image Server] hw total latency stats: {'count': 1001, 'avg_ms': 39.395937995034444, 'min_ms': 32.792103453189156, 'max_ms': 127.46883717188211, 'total_ms': 39435.33393302948}
[Image Server] Rate limiter stats: {'frequency': 30, 'period_ms': 33.333333333333336, 'total_drift_ms': 34.072416027470354, 'max_drift_ms': 2.0021453341314555, 'avg_drift_ms': 0.9734976007848672, 'drift_count': 35}
[Image Server] capture stats: {'count': 1051, 'avg_ms': 30.84010553758458, 'min_ms': 25.571161000016218, 'max_ms': 118.67570599997634, 'total_ms': 32412.950920001393}
[Image Server] hw total latency stats: {'count': 1051, 'avg_ms': 39.43338049926936, 'min_ms': 32.792103453189156, 'max_ms': 127.46883717188211, 'total_ms': 41444.482904732096}
[Image Server] Rate limiter stats: {'frequency': 30, 'period_ms': 33.333333333333336, 'total_drift_ms': 3.621054010636726, 'max_drift_ms': 1.1170703343168498, 'avg_drift_ms': 0.30175450088639383, 'drift_count': 12}
[Image Server] capture stats: {'count': 1101, 'avg_ms': 30.83332042506963, 'min_ms': 25.571161000016218, 'max_ms': 118.67570599997634, 'total_ms': 33947.485788001664}
[Image Server] hw total latency stats: {'count': 1101, 'avg_ms': 39.426924852703, 'min_ms': 32.792103453189156, 'max_ms': 127.46883717188211, 'total_ms': 43409.044262826006}
[Image Server] Rate limiter stats: {'frequency': 30, 'period_ms': 33.333333333333336, 'total_drift_ms': 17.0612800213803, 'max_drift_ms': 1.7515593341386193, 'avg_drift_ms': 0.7108866675575124, 'drift_count': 24}
[Image Server] capture stats: {'count': 1151, 'avg_ms': 30.849936230236143, 'min_ms': 25.571161000016218, 'max_ms': 118.67570599997634, 'total_ms': 35508.2766010018}
[Image Server] hw total latency stats: {'count': 1151, 'avg_ms': 39.44318171755368, 'min_ms': 32.792103453189156, 'max_ms': 127.46883717188211, 'total_ms': 45399.102156904286}
[Image Server] Rate limiter stats: {'frequency': 30, 'period_ms': 33.333333333333336, 'total_drift_ms': 5.126953008812052, 'max_drift_ms': 0.6201153346410138, 'avg_drift_ms': 0.427246084067671, 'drift_count': 12}
[Image Server] capture stats: {'count': 1201, 'avg_ms': 30.856028608660786, 'min_ms': 25.571161000016218, 'max_ms': 118.67570599997634, 'total_ms': 37058.0903590016}
[Image Server] hw total latency stats: {'count': 1201, 'avg_ms': 39.44780540280083, 'min_ms': 32.792103453189156, 'max_ms': 127.46883717188211, 'total_ms': 47376.8142887638}
[Image Server] Rate limiter stats: {'frequency': 30, 'period_ms': 33.333333333333336, 'total_drift_ms': 16.91899269087571, 'max_drift_ms': 2.052780667781917, 'avg_drift_ms': 0.6266293589213227, 'drift_count': 27}
[Image Server] capture stats: {'count': 1251, 'avg_ms': 30.873020270984433, 'min_ms': 25.571161000016218, 'max_ms': 118.67570599997634, 'total_ms': 38622.14835900153}
[Image Server] hw total latency stats: {'count': 1251, 'avg_ms': 39.46332628766829, 'min_ms': 32.792103453189156, 'max_ms': 127.46883717188211, 'total_ms': 49368.62118587303}
[Image Server] Rate limiter stats: {'frequency': 30, 'period_ms': 33.333333333333336, 'total_drift_ms': 2.781128008905398, 'max_drift_ms': 1.1271266668018143, 'avg_drift_ms': 0.2781128008905398, 'drift_count': 10}
[Image Server] capture stats: {'count': 1301, 'avg_ms': 30.8680143043824, 'min_ms': 25.571161000016218, 'max_ms': 118.67570599997634, 'total_ms': 40159.2866100015}
[Image Server] hw total latency stats: {'count': 1301, 'avg_ms': 39.456429521580134, 'min_ms': 32.792103453189156, 'max_ms': 127.46883717188211, 'total_ms': 51332.814807575756}
[Image Server] Rate limiter stats: {'frequency': 30, 'period_ms': 33.333333333333336, 'total_drift_ms': 1.5553520036064583, 'max_drift_ms': 0.9571556677201443, 'avg_drift_ms': 0.3888380009016146, 'drift_count': 4}
[Image Server] capture stats: {'count': 1351, 'avg_ms': 30.855732934864267, 'min_ms': 25.571161000016218, 'max_ms': 118.67570599997634, 'total_ms': 41686.095195001624}
[Image Server] hw total latency stats: {'count': 1351, 'avg_ms': 39.444086965394426, 'min_ms': 32.792103453189156, 'max_ms': 127.46883717188211, 'total_ms': 53288.96149024787}
[Image Server] Rate limiter stats: {'frequency': 30, 'period_ms': 33.333333333333336, 'total_drift_ms': 4.218455009890931, 'max_drift_ms': 0.5513256668336908, 'avg_drift_ms': 0.35153791749091096, 'drift_count': 12}
[Image Server] capture stats: {'count': 1401, 'avg_ms': 30.85729132334194, 'min_ms': 25.571161000016218, 'max_ms': 118.67570599997634, 'total_ms': 43231.06514400206}
[Image Server] hw total latency stats: {'count': 1401, 'avg_ms': 39.442875965502914, 'min_ms': 32.792103453189156, 'max_ms': 127.46883717188211, 'total_ms': 55259.469227669586}
[Image Server] Rate limiter stats: {'frequency': 30, 'period_ms': 33.333333333333336, 'total_drift_ms': 19.590424020520913, 'max_drift_ms': 1.7795403344962324, 'avg_drift_ms': 0.8162676675217048, 'drift_count': 24}
[Image Server] capture stats: {'count': 1451, 'avg_ms': 30.870642148175037, 'min_ms': 25.571161000016218, 'max_ms': 118.67570599997634, 'total_ms': 44793.30175700198}
[Image Server] hw total latency stats: {'count': 1451, 'avg_ms': 39.454354220288636, 'min_ms': 32.792103453189156, 'max_ms': 127.46883717188211, 'total_ms': 57248.26797363881}
[Image Server] Rate limiter stats: {'frequency': 30, 'period_ms': 33.333333333333336, 'total_drift_ms': 0.0, 'max_drift_ms': 0.0, 'avg_drift_ms': 0.0, 'drift_count': 0}
[Image Server] capture stats: {'count': 1501, 'avg_ms': 30.8085903930728, 'min_ms': 25.571161000016218, 'max_ms': 118.67570599997634, 'total_ms': 46243.694180002276}
[Image Server] hw total latency stats: {'count': 1501, 'avg_ms': 39.39120319503549, 'min_ms': 32.792103453189156, 'max_ms': 127.46883717188211, 'total_ms': 59126.19599574826}
[Image Server] Rate limiter stats: {'frequency': 30, 'period_ms': 33.333333333333336, 'total_drift_ms': 1.842869007077752, 'max_drift_ms': 1.160935667371632, 'avg_drift_ms': 0.230358625884719, 'drift_count': 8}
[Image Server] capture stats: {'count': 1551, 'avg_ms': 30.80286779626176, 'min_ms': 25.571161000016218, 'max_ms': 118.67570599997634, 'total_ms': 47775.24795200199}
[Image Server] hw total latency stats: {'count': 1551, 'avg_ms': 39.38599288517361, 'min_ms': 32.792103453189156, 'max_ms': 127.46883717188211, 'total_ms': 61087.67496490427}
[Image Server] Rate limiter stats: {'frequency': 30, 'period_ms': 33.333333333333336, 'total_drift_ms': 0.7723650003299554, 'max_drift_ms': 0.6680273335177844, 'avg_drift_ms': 0.3861825001649777, 'drift_count': 2}
[Image Server] capture stats: {'count': 1601, 'avg_ms': 30.75636772267458, 'min_ms': 25.571161000016218, 'max_ms': 118.67570599997634, 'total_ms': 49240.944724002}
[Image Server] hw total latency stats: {'count': 1601, 'avg_ms': 39.33957244037776, 'min_ms': 32.792103453189156, 'max_ms': 127.46883717188211, 'total_ms': 62982.65547704479}
[Image Server] Rate limiter stats: {'frequency': 30, 'period_ms': 33.333333333333336, 'total_drift_ms': 16.8045906923453, 'max_drift_ms': 1.3919980015089095, 'avg_drift_ms': 0.5420835707208161, 'drift_count': 31}
[Image Server] capture stats: {'count': 1651, 'avg_ms': 30.778208204120176, 'min_ms': 25.571161000016218, 'max_ms': 118.67570599997634, 'total_ms': 50814.82174500241}
[Image Server] hw total latency stats: {'count': 1651, 'avg_ms': 39.36187834369198, 'min_ms': 32.792103453189156, 'max_ms': 127.46883717188211, 'total_ms': 64986.46114543546}
[Image Server] Rate limiter stats: {'frequency': 30, 'period_ms': 33.333333333333336, 'total_drift_ms': 10.410624353198727, 'max_drift_ms': 1.2058356675197501, 'avg_drift_ms': 0.5205312176599364, 'drift_count': 20}
[Image Server] capture stats: {'count': 1701, 'avg_ms': 30.78762827807287, 'min_ms': 25.571161000016218, 'max_ms': 118.67570599997634, 'total_ms': 52369.75570100195}
[Image Server] hw total latency stats: {'count': 1701, 'avg_ms': 39.36867766106203, 'min_ms': 32.792103453189156, 'max_ms': 127.46883717188211, 'total_ms': 66966.12070146651}
[Image Server] Rate limiter stats: {'frequency': 30, 'period_ms': 33.333333333333336, 'total_drift_ms': 14.291105686538685, 'max_drift_ms': 1.7593656669987467, 'avg_drift_ms': 0.5954627369391119, 'drift_count': 24}
[Image Server] capture stats: {'count': 1751, 'avg_ms': 30.798948956597236, 'min_ms': 25.571161000016218, 'max_ms': 118.67570599997634, 'total_ms': 53928.95962300176}
[Image Server] hw total latency stats: {'count': 1751, 'avg_ms': 39.3778291524207, 'min_ms': 32.792103453189156, 'max_ms': 127.46883717188211, 'total_ms': 68950.57884588865}
[Image Server] Rate limiter stats: {'frequency': 30, 'period_ms': 33.333333333333336, 'total_drift_ms': 15.968038691426045, 'max_drift_ms': 1.3576820015259727, 'avg_drift_ms': 0.5702870961223587, 'drift_count': 28}
[Image Server] capture stats: {'count': 1801, 'avg_ms': 30.81414468073382, 'min_ms': 25.571161000016218, 'max_ms': 118.67570599997634, 'total_ms': 55496.27457000161}
[Image Server] hw total latency stats: {'count': 1801, 'avg_ms': 39.39288573382737, 'min_ms': 32.792103453189156, 'max_ms': 127.46883717188211, 'total_ms': 70946.5872066231}
[Image Server] Rate limiter stats: {'frequency': 30, 'period_ms': 33.333333333333336, 'total_drift_ms': 30.639830023915238, 'max_drift_ms': 2.554024667347221, 'avg_drift_ms': 0.9574946882473512, 'drift_count': 32}
[Image Server] capture stats: {'count': 1851, 'avg_ms': 30.825539510535947, 'min_ms': 25.571161000016218, 'max_ms': 118.67570599997634, 'total_ms': 57058.07363400204}
[Image Server] hw total latency stats: {'count': 1851, 'avg_ms': 39.404360211118075, 'min_ms': 32.792103453189156, 'max_ms': 127.46883717188211, 'total_ms': 72937.47075077955}
[Image Server] Rate limiter stats: {'frequency': 30, 'period_ms': 33.333333333333336, 'total_drift_ms': 0.45264933794442186, 'max_drift_ms': 0.22887333466314885, 'avg_drift_ms': 0.11316233448610546, 'drift_count': 4}
[Image Server] capture stats: {'count': 1901, 'avg_ms': 30.817680236192786, 'min_ms': 25.571161000016218, 'max_ms': 118.67570599997634, 'total_ms': 58584.410129002485}
[Image Server] hw total latency stats: {'count': 1901, 'avg_ms': 39.39589621259269, 'min_ms': 32.792103453189156, 'max_ms': 127.46883717188211, 'total_ms': 74891.5987001387}
[Image Server] Rate limiter stats: {'frequency': 30, 'period_ms': 33.333333333333336, 'total_drift_ms': 19.09408301833082, 'max_drift_ms': 2.5341910013594315, 'avg_drift_ms': 0.9092420484919439, 'drift_count': 21}
[Image Server] capture stats: {'count': 1951, 'avg_ms': 30.826339925680376, 'min_ms': 25.571161000016218, 'max_ms': 118.67570599997634, 'total_ms': 60142.189195002415}
[Image Server] hw total latency stats: {'count': 1951, 'avg_ms': 39.40398584255608, 'min_ms': 32.792103453189156, 'max_ms': 127.46883717188211, 'total_ms': 76877.17637882692}
[Image Server] Rate limiter stats: {'frequency': 30, 'period_ms': 33.333333333333336, 'total_drift_ms': 6.390597676386278, 'max_drift_ms': 1.5462840013924506, 'avg_drift_ms': 0.6390597676386278, 'drift_count': 10}
[Image Server] capture stats: {'count': 2001, 'avg_ms': 30.81691569315453, 'min_ms': 25.571161000016218, 'max_ms': 118.67570599997634, 'total_ms': 61664.64830200221}
[Image Server] hw total latency stats: {'count': 2001, 'avg_ms': 39.39276582004233, 'min_ms': 32.792103453189156, 'max_ms': 127.46883717188211, 'total_ms': 78824.9244059047}
[Image Server] Rate limiter stats: {'frequency': 30, 'period_ms': 33.333333333333336, 'total_drift_ms': 0.2693746677095987, 'max_drift_ms': 0.2693746677095987, 'avg_drift_ms': 0.2693746677095987, 'drift_count': 1}
[Image Server] capture stats: {'count': 2051, 'avg_ms': 30.79810978595935, 'min_ms': 25.571161000016218, 'max_ms': 118.67570599997634, 'total_ms': 63166.92317100263}
[Image Server] hw total latency stats: {'count': 2051, 'avg_ms': 39.37275800997931, 'min_ms': 32.792103453189156, 'max_ms': 127.46883717188211, 'total_ms': 80753.52667846756}
[Image Server] Rate limiter stats: {'frequency': 30, 'period_ms': 33.333333333333336, 'total_drift_ms': 35.99645535609852, 'max_drift_ms': 2.714755000738478, 'avg_drift_ms': 1.285587691289233, 'drift_count': 28}
[Image Server] capture stats: {'count': 2101, 'avg_ms': 30.80727064255245, 'min_ms': 25.571161000016218, 'max_ms': 118.67570599997634, 'total_ms': 64726.075620002695}
[Image Server] hw total latency stats: {'count': 2101, 'avg_ms': 39.38224706777978, 'min_ms': 32.792103453189156, 'max_ms': 127.46883717188211, 'total_ms': 82742.10108940532}
[Image Server] Rate limiter stats: {'frequency': 30, 'period_ms': 33.333333333333336, 'total_drift_ms': 31.347113358151546, 'max_drift_ms': 2.4176236673838503, 'avg_drift_ms': 0.9499125260045923, 'drift_count': 33}
[Image Server] capture stats: {'count': 2151, 'avg_ms': 30.821485341702836, 'min_ms': 25.571161000016218, 'max_ms': 118.67570599997634, 'total_ms': 66297.0149700028}
[Image Server] hw total latency stats: {'count': 2151, 'avg_ms': 39.396664737592275, 'min_ms': 32.792103453189156, 'max_ms': 127.46883717188211, 'total_ms': 84742.22585056098}
[Image Server] Rate limiter stats: {'frequency': 30, 'period_ms': 33.333333333333336, 'total_drift_ms': 0.17057833611033857, 'max_drift_ms': 0.13844100146798155, 'avg_drift_ms': 0.08528916805516928, 'drift_count': 2}
[Image Server] capture stats: {'count': 2201, 'avg_ms': 30.80786095774784, 'min_ms': 25.571161000016218, 'max_ms': 118.67570599997634, 'total_ms': 67808.101968003}
[Image Server] hw total latency stats: {'count': 2201, 'avg_ms': 39.38338996845843, 'min_ms': 32.792103453189156, 'max_ms': 127.46883717188211, 'total_ms': 86682.841320577}
[Image Server] Rate limiter stats: {'frequency': 30, 'period_ms': 33.333333333333336, 'total_drift_ms': 2.909020672859697, 'max_drift_ms': 0.5404810012805683, 'avg_drift_ms': 0.323224519206633, 'drift_count': 9}
[Image Server] capture stats: {'count': 2251, 'avg_ms': 30.80826141803787, 'min_ms': 25.571161000016218, 'max_ms': 118.67570599997634, 'total_ms': 69349.39645200325}
[Image Server] hw total latency stats: {'count': 2251, 'avg_ms': 39.38426151449995, 'min_ms': 32.792103453189156, 'max_ms': 127.46883717188211, 'total_ms': 88653.97266913937}
[Image Server] Rate limiter stats: {'frequency': 30, 'period_ms': 33.333333333333336, 'total_drift_ms': 8.411875015326586, 'max_drift_ms': 0.9593543346682054, 'avg_drift_ms': 0.49481617737215217, 'drift_count': 17}
[Image Server] capture stats: {'count': 2301, 'avg_ms': 30.816196098219898, 'min_ms': 25.571161000016218, 'max_ms': 118.67570599997634, 'total_ms': 70908.06722200399}
[Image Server] hw total latency stats: {'count': 2301, 'avg_ms': 39.39253989972367, 'min_ms': 32.792103453189156, 'max_ms': 127.46883717188211, 'total_ms': 90642.23430926417}
[Image Server] Rate limiter stats: {'frequency': 30, 'period_ms': 33.333333333333336, 'total_drift_ms': 6.321612006331634, 'max_drift_ms': 2.140187333338872, 'avg_drift_ms': 0.6321612006331634, 'drift_count': 10}
[Image Server] capture stats: {'count': 2351, 'avg_ms': 30.81959010633948, 'min_ms': 25.571161000016218, 'max_ms': 118.67570599997634, 'total_ms': 72456.85634000412}
[Image Server] hw total latency stats: {'count': 2351, 'avg_ms': 39.39638664386123, 'min_ms': 32.792103453189156, 'max_ms': 127.46883717188211, 'total_ms': 92620.90499971775}
[Image Server] Rate limiter stats: {'frequency': 30, 'period_ms': 33.333333333333336, 'total_drift_ms': 4.487482344870841, 'max_drift_ms': 0.8266710004818378, 'avg_drift_ms': 0.3205344532050601, 'drift_count': 14}
[Image Server] capture stats: {'count': 2401, 'avg_ms': 30.82073285631148, 'min_ms': 25.571161000016218, 'max_ms': 118.67570599997634, 'total_ms': 74000.57958800386}
[Image Server] hw total latency stats: {'count': 2401, 'avg_ms': 39.39770698691248, 'min_ms': 32.792103453189156, 'max_ms': 127.46883717188211, 'total_ms': 94593.89447557688}
[Image Server] Rate limiter stats: {'frequency': 30, 'period_ms': 33.333333333333336, 'total_drift_ms': 12.95848801748889, 'max_drift_ms': 1.5265770001633427, 'avg_drift_ms': 0.6170708579756614, 'drift_count': 21}
[Image Server] capture stats: {'count': 2451, 'avg_ms': 30.829045464301984, 'min_ms': 25.571161000016218, 'max_ms': 118.67570599997634, 'total_ms': 75561.99043300416}
[Image Server] hw total latency stats: {'count': 2451, 'avg_ms': 39.40590204392942, 'min_ms': 32.792103453189156, 'max_ms': 127.46883717188211, 'total_ms': 96583.86590967102}
[Image Server] Rate limiter stats: {'frequency': 30, 'period_ms': 33.333333333333336, 'total_drift_ms': 8.417329675125984, 'max_drift_ms': 1.604713001484015, 'avg_drift_ms': 0.935258852791776, 'drift_count': 9}
[Image Server] capture stats: {'count': 2501, 'avg_ms': 30.825021382248714, 'min_ms': 25.571161000016218, 'max_ms': 118.67570599997634, 'total_ms': 77093.37847700404}
[Image Server] hw total latency stats: {'count': 2501, 'avg_ms': 39.40113034766687, 'min_ms': 32.792103453189156, 'max_ms': 127.46883717188211, 'total_ms': 98542.22699951484}
[Image Server] Rate limiter stats: {'frequency': 30, 'period_ms': 33.333333333333336, 'total_drift_ms': 3.7558276701474824, 'max_drift_ms': 1.1568573332851884, 'avg_drift_ms': 0.536546810021069, 'drift_count': 7}
[Image Server] capture stats: {'count': 2551, 'avg_ms': 30.815652483341598, 'min_ms': 25.571161000016218, 'max_ms': 118.67570599997634, 'total_ms': 78610.72948500441}
[Image Server] hw total latency stats: {'count': 2551, 'avg_ms': 39.39113210417452, 'min_ms': 32.792103453189156, 'max_ms': 127.46883717188211, 'total_ms': 100486.77799774919}
[Image Server] Rate limiter stats: {'frequency': 30, 'period_ms': 33.333333333333336, 'total_drift_ms': 2.161023006465257, 'max_drift_ms': 1.2237653346574007, 'avg_drift_ms': 0.36017050107754284, 'drift_count': 6}
[Image Server] capture stats: {'count': 2601, 'avg_ms': 30.81315854709883, 'min_ms': 25.571161000016218, 'max_ms': 118.67570599997634, 'total_ms': 80145.02538100406}
[Image Server] hw total latency stats: {'count': 2601, 'avg_ms': 39.38935765178022, 'min_ms': 32.792103453189156, 'max_ms': 127.46883717188211, 'total_ms': 102451.71925228037}
[Image Server] Rate limiter stats: {'frequency': 30, 'period_ms': 33.333333333333336, 'total_drift_ms': 22.442365354663707, 'max_drift_ms': 2.40541033451791, 'avg_drift_ms': 0.8631678982562965, 'drift_count': 26}
[Image Server] capture stats: {'count': 2651, 'avg_ms': 30.821312461713894, 'min_ms': 25.571161000016218, 'max_ms': 118.67570599997634, 'total_ms': 81707.29933600353}
[Image Server] hw total latency stats: {'count': 2651, 'avg_ms': 39.398611268913626, 'min_ms': 32.792103453189156, 'max_ms': 127.46883717188211, 'total_ms': 104445.71847389003}
[Image Server] Rate limiter stats: {'frequency': 30, 'period_ms': 33.333333333333336, 'total_drift_ms': 5.669658340707429, 'max_drift_ms': 1.353900667936614, 'avg_drift_ms': 0.5154234855188571, 'drift_count': 11}
[Image Server] capture stats: {'count': 2701, 'avg_ms': 30.81591347612127, 'min_ms': 25.571161000016218, 'max_ms': 118.67570599997634, 'total_ms': 83233.78229900355}
[Image Server] hw total latency stats: {'count': 2701, 'avg_ms': 39.39352474029844, 'min_ms': 32.792103453189156, 'max_ms': 127.46883717188211, 'total_ms': 106401.91032354608}
[Image Server] Rate limiter stats: {'frequency': 30, 'period_ms': 33.333333333333336, 'total_drift_ms': 52.721172694305096, 'max_drift_ms': 2.3484863340854645, 'avg_drift_ms': 1.5063192198372886, 'drift_count': 35}
[Image Server] capture stats: {'count': 2751, 'avg_ms': 30.828097796075234, 'min_ms': 25.571161000016218, 'max_ms': 118.67570599997634, 'total_ms': 84808.09703700297}
[Image Server] hw total latency stats: {'count': 2751, 'avg_ms': 39.406440071144175, 'min_ms': 32.792103453189156, 'max_ms': 127.46883717188211, 'total_ms': 108407.11663571763}
[Image Server] Rate limiter stats: {'frequency': 30, 'period_ms': 33.333333333333336, 'total_drift_ms': 0.8795010051017016, 'max_drift_ms': 0.22832466777344962, 'avg_drift_ms': 0.1465835008502836, 'drift_count': 6}
[Image Server] capture stats: {'count': 2801, 'avg_ms': 30.821948818994283, 'min_ms': 25.571161000016218, 'max_ms': 118.67570599997634, 'total_ms': 86332.27864200299}
[Image Server] hw total latency stats: {'count': 2801, 'avg_ms': 39.40125740496117, 'min_ms': 32.792103453189156, 'max_ms': 127.46883717188211, 'total_ms': 110362.92199129624}
[Image Server] Rate limiter stats: {'frequency': 30, 'period_ms': 33.333333333333336, 'total_drift_ms': 21.245347351509736, 'max_drift_ms': 2.2010866676964724, 'avg_drift_ms': 0.9656976068868062, 'drift_count': 22}
[Image Server] capture stats: {'count': 2851, 'avg_ms': 30.82521081655676, 'min_ms': 25.571161000016218, 'max_ms': 118.67570599997634, 'total_ms': 87882.67603800332}
[Image Server] hw total latency stats: {'count': 2851, 'avg_ms': 39.4040914788778, 'min_ms': 32.792103453189156, 'max_ms': 127.46883717188211, 'total_ms': 112341.06480628061}
[Image Server] Rate limiter stats: {'frequency': 30, 'period_ms': 33.333333333333336, 'total_drift_ms': 37.98489469215838, 'max_drift_ms': 3.0524793346558, 'avg_drift_ms': 1.1172027850634818, 'drift_count': 34}
[Image Server] capture stats: {'count': 2901, 'avg_ms': 30.834369831438668, 'min_ms': 25.571161000016218, 'max_ms': 118.67570599997634, 'total_ms': 89450.50688100357}
[Image Server] hw total latency stats: {'count': 2901, 'avg_ms': 39.413065476408896, 'min_ms': 32.792103453189156, 'max_ms': 127.46883717188211, 'total_ms': 114337.30294706221}
[Image Server] Rate limiter stats: {'frequency': 30, 'period_ms': 33.333333333333336, 'total_drift_ms': 18.505639689351483, 'max_drift_ms': 2.325288667748282, 'avg_drift_ms': 0.7710683203896451, 'drift_count': 24}
[Image Server] capture stats: {'count': 2951, 'avg_ms': 30.841100443918545, 'min_ms': 25.571161000016218, 'max_ms': 118.67570599997634, 'total_ms': 91012.08741000363}
[Image Server] hw total latency stats: {'count': 2951, 'avg_ms': 39.4206708791088, 'min_ms': 32.792103453189156, 'max_ms': 127.46883717188211, 'total_ms': 116330.39976425006}
[Image Server] Rate limiter stats: {'frequency': 30, 'period_ms': 33.333333333333336, 'total_drift_ms': 0.39023666818138736, 'max_drift_ms': 0.3186553338991871, 'avg_drift_ms': 0.19511833409069368, 'drift_count': 2}
[Image Server] capture stats: {'count': 3001, 'avg_ms': 30.82327480539941, 'min_ms': 25.571161000016218, 'max_ms': 118.67570599997634, 'total_ms': 92500.64769100363}
[Image Server] hw total latency stats: {'count': 3001, 'avg_ms': 39.401212647544604, 'min_ms': 32.792103453189156, 'max_ms': 127.46883717188211, 'total_ms': 118243.03915528135}
[Image Server] Rate limiter stats: {'frequency': 30, 'period_ms': 33.333333333333336, 'total_drift_ms': 4.644764340014262, 'max_drift_ms': 1.1080053337764184, 'avg_drift_ms': 0.6635377628591803, 'drift_count': 7}
[Image Server] capture stats: {'count': 3051, 'avg_ms': 30.815731702066156, 'min_ms': 25.571161000016218, 'max_ms': 118.67570599997634, 'total_ms': 94018.79742300384}
[Image Server] hw total latency stats: {'count': 3051, 'avg_ms': 39.392319602451096, 'min_ms': 32.792103453189156, 'max_ms': 127.46883717188211, 'total_ms': 120185.9671070783}
[Image Server] Rate limiter stats: {'frequency': 30, 'period_ms': 33.333333333333336, 'total_drift_ms': 4.694309344358771, 'max_drift_ms': 1.0928370006695332, 'avg_drift_ms': 0.3611007187968286, 'drift_count': 13}
[Image Server] capture stats: {'count': 3101, 'avg_ms': 30.813762930668773, 'min_ms': 25.571161000016218, 'max_ms': 118.67570599997634, 'total_ms': 95553.47884800387}
[Image Server] hw total latency stats: {'count': 3101, 'avg_ms': 39.38956055834821, 'min_ms': 32.792103453189156, 'max_ms': 127.46883717188211, 'total_ms': 122147.0272914378}
[Image Server] Rate limiter stats: {'frequency': 30, 'period_ms': 33.333333333333336, 'total_drift_ms': 29.75227402623659, 'max_drift_ms': 2.3362600013570045, 'avg_drift_ms': 1.0259404836633306, 'drift_count': 29}
[Image Server] capture stats: {'count': 3151, 'avg_ms': 30.819888534117496, 'min_ms': 25.571161000016218, 'max_ms': 118.67570599997634, 'total_ms': 97113.46877100423}
[Image Server] hw total latency stats: {'count': 3151, 'avg_ms': 39.3951825492154, 'min_ms': 32.792103453189156, 'max_ms': 127.46883717188211, 'total_ms': 124134.22021257773}
[Image Server] Rate limiter stats: {'frequency': 30, 'period_ms': 33.333333333333336, 'total_drift_ms': 3.687994343636092, 'max_drift_ms': 1.211092000289682, 'avg_drift_ms': 0.2836918725873917, 'drift_count': 13}
[Image Server] capture stats: {'count': 3201, 'avg_ms': 30.817730109967034, 'min_ms': 25.571161000016218, 'max_ms': 118.67570599997634, 'total_ms': 98647.55408200447}
[Image Server] hw total latency stats: {'count': 3201, 'avg_ms': 39.39282730032114, 'min_ms': 32.792103453189156, 'max_ms': 127.46883717188211, 'total_ms': 126096.44018832795}
[Image Server] Rate limiter stats: {'frequency': 30, 'period_ms': 33.333333333333336, 'total_drift_ms': 6.701776008753768, 'max_drift_ms': 1.3431123334157746, 'avg_drift_ms': 0.6092523644321608, 'drift_count': 11}
[Image Server] capture stats: {'count': 3251, 'avg_ms': 30.819081382960555, 'min_ms': 25.571161000016218, 'max_ms': 118.67570599997634, 'total_ms': 100192.83357600476}
[Image Server] hw total latency stats: {'count': 3251, 'avg_ms': 39.394174140139505, 'min_ms': 32.792103453189156, 'max_ms': 127.46883717188211, 'total_ms': 128070.46012959353}
[Image Server] Rate limiter stats: {'frequency': 30, 'period_ms': 33.333333333333336, 'total_drift_ms': 16.703472352105564, 'max_drift_ms': 1.4597856678619792, 'avg_drift_ms': 0.5965525840037701, 'drift_count': 28}
[Image Server] capture stats: {'count': 3301, 'avg_ms': 30.822425189943804, 'min_ms': 25.571161000016218, 'max_ms': 118.67570599997634, 'total_ms': 101744.82555200449}
[Image Server] hw total latency stats: {'count': 3301, 'avg_ms': 39.39681589431246, 'min_ms': 32.792103453189156, 'max_ms': 127.46883717188211, 'total_ms': 130048.88926712543}
[Image Server] Rate limiter stats: {'frequency': 30, 'period_ms': 33.333333333333336, 'total_drift_ms': 29.751739359539897, 'max_drift_ms': 2.351347001308568, 'avg_drift_ms': 0.9917246453179965, 'drift_count': 30}
[Image Server] capture stats: {'count': 3351, 'avg_ms': 30.828566334528382, 'min_ms': 25.571161000016218, 'max_ms': 118.67570599997634, 'total_ms': 103306.5257870046}
[Image Server] hw total latency stats: {'count': 3351, 'avg_ms': 39.40208382952854, 'min_ms': 32.792103453189156, 'max_ms': 127.46883717188211, 'total_ms': 132036.38291275015}
[Image Server] Rate limiter stats: {'frequency': 30, 'period_ms': 33.333333333333336, 'total_drift_ms': 4.8672440117343285, 'max_drift_ms': 1.6085993346450778, 'avg_drift_ms': 0.44247672833948437, 'drift_count': 11}
[Image Server] capture stats: {'count': 3401, 'avg_ms': 30.827312364306014, 'min_ms': 25.571161000016218, 'max_ms': 118.67570599997634, 'total_ms': 104843.68935100475}
[Image Server] hw total latency stats: {'count': 3401, 'avg_ms': 39.40051753345079, 'min_ms': 32.792103453189156, 'max_ms': 127.46883717188211, 'total_ms': 134001.16013126614}
[Image Server] Rate limiter stats: {'frequency': 30, 'period_ms': 33.333333333333336, 'total_drift_ms': 6.597643340569448, 'max_drift_ms': 1.177604000872634, 'avg_drift_ms': 0.5997857582335862, 'drift_count': 11}
[Image Server] capture stats: {'count': 3451, 'avg_ms': 30.824715764707438, 'min_ms': 25.571161000016218, 'max_ms': 118.67570599997634, 'total_ms': 106376.09410400537}
[Image Server] hw total latency stats: {'count': 3451, 'avg_ms': 39.39691597282048, 'min_ms': 32.792103453189156, 'max_ms': 127.46883717188211, 'total_ms': 135958.75702220347}
[Image Server] Rate limiter stats: {'frequency': 30, 'period_ms': 33.333333333333336, 'total_drift_ms': 4.325013676634626, 'max_drift_ms': 0.9559100003571075, 'avg_drift_ms': 0.3089295483310447, 'drift_count': 14}
[Image Server] capture stats: {'count': 3501, 'avg_ms': 30.82355500628546, 'min_ms': 25.571161000016218, 'max_ms': 118.67570599997634, 'total_ms': 107913.26607700539}
[Image Server] hw total latency stats: {'count': 3501, 'avg_ms': 39.394305765816824, 'min_ms': 32.792103453189156, 'max_ms': 127.46883717188211, 'total_ms': 137919.4644861247}
[Image Server] Rate limiter stats: {'frequency': 30, 'period_ms': 33.333333333333336, 'total_drift_ms': 6.7253850023689665, 'max_drift_ms': 1.8997143337173839, 'avg_drift_ms': 0.9607692860527095, 'drift_count': 7}
[Image Server] capture stats: {'count': 3551, 'avg_ms': 30.80605706702485, 'min_ms': 25.571161000016218, 'max_ms': 118.67570599997634, 'total_ms': 109392.30864500524}
[Image Server] hw total latency stats: {'count': 3551, 'avg_ms': 39.37496886568046, 'min_ms': 32.792103453189156, 'max_ms': 127.46883717188211, 'total_ms': 139820.5144420313}
[Image Server] Rate limiter stats: {'frequency': 30, 'period_ms': 33.333333333333336, 'total_drift_ms': 7.834169013790415, 'max_drift_ms': 3.508327668100719, 'avg_drift_ms': 0.5595835009850296, 'drift_count': 14}
