[real_depth] log_dir=/home/unitree/FAR/holosoma/logs/real_depth_20260917_204847
[real_depth] behavior_reference=c416c75ac5bd09c3449336ba3de4b466874ff728
2026-09-17 20:48:50.464 | INFO     | holosoma.utils.rate:__init__:47 - Rate limiter initialized: 30 Hz (33.33 ms period)
[RealSense] IR emitter: off
[RealSense] Intrinsics: fx=428.69, fy=428.69, cx=432.43, cy=245.91
[RealSense] Initialized: serial=auto, resolution=848x480@30fps, depth_scale=0.001000
[Image Server] Created new shared memory: depth_img_shm
[Image Server] Shared memory: shape=[1, 1, 58, 87], dtype=<class 'numpy.float32'>
ImageServer initialized
[Image Saver] Initialized save images directory: /home/unitree/FAR/holosoma/logs/real_depth_20260917_204847/depth_images/20260917_204850
[Image Saver] Saved calibration for cameras: ['d435i_depth']
[Image Server] Rate limiter stats: {'frequency': 30, 'period_ms': 33.333333333333336, 'total_drift_ms': 0.0, 'max_drift_ms': 0.0, 'avg_drift_ms': 0.0, 'drift_count': 0}
[Image Server] capture stats: {'count': 1, 'avg_ms': 112.82923900000696, 'min_ms': 112.82923900000696, 'max_ms': 112.82923900000696, 'total_ms': 112.82923900000696}
[Image Server] hw total latency stats: {'count': 1, 'avg_ms': 122.15825225005938, 'min_ms': 122.15825225005938, 'max_ms': 122.15825225005938, 'total_ms': 122.15825225005938}
[Image Server] Rate limiter stats: {'frequency': 30, 'period_ms': 33.333333333333336, 'total_drift_ms': 0.0, 'max_drift_ms': 0.0, 'avg_drift_ms': 0.0, 'drift_count': 0}
[Image Server] capture stats: {'count': 51, 'avg_ms': 28.848982980401374, 'min_ms': 24.608642999965014, 'max_ms': 112.82923900000696, 'total_ms': 1471.29813200047}
[Image Server] hw total latency stats: {'count': 51, 'avg_ms': 37.19386228555294, 'min_ms': 33.36015279689855, 'max_ms': 122.15825225005938, 'total_ms': 1896.8869765631998}
[Image Server] Rate limiter stats: {'frequency': 30, 'period_ms': 33.333333333333336, 'total_drift_ms': 11.883151352776622, 'max_drift_ms': 1.4948050006751146, 'avg_drift_ms': 0.5401432433080282, 'drift_count': 22}
[Image Server] capture stats: {'count': 101, 'avg_ms': 29.884228277231358, 'min_ms': 24.608642999965014, 'max_ms': 112.82923900000696, 'total_ms': 3018.307056000367}
[Image Server] hw total latency stats: {'count': 101, 'avg_ms': 38.34405343116487, 'min_ms': 33.36015279689855, 'max_ms': 122.15825225005938, 'total_ms': 3872.7493965476524}
[Image Server] Rate limiter stats: {'frequency': 30, 'period_ms': 33.333333333333336, 'total_drift_ms': 17.25995869082908, 'max_drift_ms': 1.7858656681255525, 'avg_drift_ms': 0.5753319563609693, 'drift_count': 30}
[Image Server] capture stats: {'count': 151, 'avg_ms': 30.362269741721807, 'min_ms': 24.608642999965014, 'max_ms': 112.82923900000696, 'total_ms': 4584.702730999993}
[Image Server] hw total latency stats: {'count': 151, 'avg_ms': 38.853088900047304, 'min_ms': 33.36015279689855, 'max_ms': 122.15825225005938, 'total_ms': 5866.816423907143}
[Image Server] Rate limiter stats: {'frequency': 30, 'period_ms': 33.333333333333336, 'total_drift_ms': 0.6344546684431407, 'max_drift_ms': 0.22949800029437029, 'avg_drift_ms': 0.15861366711078517, 'drift_count': 4}
[Image Server] capture stats: {'count': 201, 'avg_ms': 30.359684343284016, 'min_ms': 24.608642999965014, 'max_ms': 112.82923900000696, 'total_ms': 6102.296553000087}
[Image Server] hw total latency stats: {'count': 201, 'avg_ms': 38.838139965721766, 'min_ms': 33.36015279689855, 'max_ms': 122.15825225005938, 'total_ms': 7806.466133110075}
[Image Server] Rate limiter stats: {'frequency': 30, 'period_ms': 33.333333333333336, 'total_drift_ms': 13.157794685866975, 'max_drift_ms': 1.5321776679684262, 'avg_drift_ms': 0.5482414452444573, 'drift_count': 24}
[Image Server] capture stats: {'count': 251, 'avg_ms': 30.54277913944302, 'min_ms': 24.608642999965014, 'max_ms': 112.82923900000696, 'total_ms': 7666.237564000198}
[Image Server] hw total latency stats: {'count': 251, 'avg_ms': 39.03207630466067, 'min_ms': 33.36015279689855, 'max_ms': 122.15825225005938, 'total_ms': 9797.051152469829}
[Image Server] Rate limiter stats: {'frequency': 30, 'period_ms': 33.333333333333336, 'total_drift_ms': 2.019125338165395, 'max_drift_ms': 0.6999903342830294, 'avg_drift_ms': 0.403825067633079, 'drift_count': 5}
[Image Server] capture stats: {'count': 301, 'avg_ms': 30.53244648505025, 'min_ms': 24.608642999965014, 'max_ms': 112.82923900000696, 'total_ms': 9190.266392000125}
[Image Server] hw total latency stats: {'count': 301, 'avg_ms': 39.03796405663707, 'min_ms': 33.36015279689855, 'max_ms': 122.15825225005938, 'total_ms': 11750.427181047758}
[Image Server] Rate limiter stats: {'frequency': 30, 'period_ms': 33.333333333333336, 'total_drift_ms': 11.702449351219002, 'max_drift_ms': 1.2163453337734609, 'avg_drift_ms': 0.48760205630079173, 'drift_count': 24}
[Image Server] capture stats: {'count': 351, 'avg_ms': 30.605239629627576, 'min_ms': 24.608642999965014, 'max_ms': 112.82923900000696, 'total_ms': 10742.439109999279}
[Image Server] hw total latency stats: {'count': 351, 'avg_ms': 39.12539537086315, 'min_ms': 33.36015279689855, 'max_ms': 122.15825225005938, 'total_ms': 13733.013775172967}
[Image Server] Rate limiter stats: {'frequency': 30, 'period_ms': 33.333333333333336, 'total_drift_ms': 1.2189626745566784, 'max_drift_ms': 0.292391667130687, 'avg_drift_ms': 0.1523703343195848, 'drift_count': 8}
[Image Server] capture stats: {'count': 401, 'avg_ms': 30.61038400249189, 'min_ms': 24.608642999965014, 'max_ms': 112.82923900000696, 'total_ms': 12274.763984999248}
[Image Server] hw total latency stats: {'count': 401, 'avg_ms': 39.141170343442376, 'min_ms': 33.36015279689855, 'max_ms': 122.15825225005938, 'total_ms': 15695.609307720393}
[Image Server] Rate limiter stats: {'frequency': 30, 'period_ms': 33.333333333333336, 'total_drift_ms': 17.4556270200128, 'max_drift_ms': 1.6171776677538219, 'avg_drift_ms': 0.7934375918187635, 'drift_count': 22}
[Image Server] capture stats: {'count': 451, 'avg_ms': 30.67619897782486, 'min_ms': 24.608642999965014, 'max_ms': 112.82923900000696, 'total_ms': 13834.965738999012}
[Image Server] hw total latency stats: {'count': 451, 'avg_ms': 39.21540370198557, 'min_ms': 33.36015279689855, 'max_ms': 122.15825225005938, 'total_ms': 17686.147069595492}
[Image Server] Rate limiter stats: {'frequency': 30, 'period_ms': 33.333333333333336, 'total_drift_ms': 6.088387680733831, 'max_drift_ms': 1.1911280014373915, 'avg_drift_ms': 0.40589251204892207, 'drift_count': 15}
[Image Server] capture stats: {'count': 501, 'avg_ms': 30.688118079838006, 'min_ms': 24.608642999965014, 'max_ms': 112.82923900000696, 'total_ms': 15374.747157998841}
[Image Server] hw total latency stats: {'count': 501, 'avg_ms': 39.2325237424866, 'min_ms': 33.36015279689855, 'max_ms': 122.15825225005938, 'total_ms': 19655.494394985784}
[Image Server] Rate limiter stats: {'frequency': 30, 'period_ms': 33.333333333333336, 'total_drift_ms': 6.764845676912046, 'max_drift_ms': 0.8555460004799897, 'avg_drift_ms': 0.4509897117941364, 'drift_count': 15}
[Image Server] capture stats: {'count': 551, 'avg_ms': 30.70649620144894, 'min_ms': 24.608642999965014, 'max_ms': 112.82923900000696, 'total_ms': 16919.279406998365}
[Image Server] hw total latency stats: {'count': 551, 'avg_ms': 39.26012968455355, 'min_ms': 33.36015279689855, 'max_ms': 122.15825225005938, 'total_ms': 21632.331456189004}
[Image Server] Rate limiter stats: {'frequency': 30, 'period_ms': 33.333333333333336, 'total_drift_ms': 0.9730123398412616, 'max_drift_ms': 0.3265416675048982, 'avg_drift_ms': 0.13900176283446594, 'drift_count': 7}
[Image Server] capture stats: {'count': 601, 'avg_ms': 30.70005410482224, 'min_ms': 24.608642999965014, 'max_ms': 112.82923900000696, 'total_ms': 18450.732516998167}
[Image Server] hw total latency stats: {'count': 601, 'avg_ms': 39.263019604203976, 'min_ms': 33.36015279689855, 'max_ms': 122.15825225005938, 'total_ms': 23597.07478212659}
[Image Server] Rate limiter stats: {'frequency': 30, 'period_ms': 33.333333333333336, 'total_drift_ms': 18.790797693100103, 'max_drift_ms': 1.2989936681151448, 'avg_drift_ms': 0.5872124279093782, 'drift_count': 32}
[Image Server] capture stats: {'count': 651, 'avg_ms': 30.748395528414903, 'min_ms': 24.608642999965014, 'max_ms': 112.82923900000696, 'total_ms': 20017.2054889981}
Exception in thread Thread-1 (send_with_audit):
Traceback (most recent call last):
  File "/home/unitree/.holosoma_deps/miniconda3/envs/hsinference/lib/python3.10/threading.py", line 1016, in _bootstrap_inner
    self.run()
  File "/home/unitree/.holosoma_deps/miniconda3/envs/hsinference/lib/python3.10/threading.py", line 953, in run
    self._target(*self._args, **self._kwargs)
  File "/home/unitree/FAR/holosoma/src/holosoma/holosoma/sensors/image_server.py", line 656, in send_with_audit
    image_server.send_process()
  File "/home/unitree/FAR/holosoma/src/holosoma/holosoma/sensors/image_server.py", line 538, in send_process
    all_frames: FrameBundle = dict(self.camera_wrapper.get_frames())
  File "/home/unitree/FAR/holosoma/src/holosoma/holosoma/sensors/realsense.py", line 361, in get_frames
    frame = camera.capture()
  File "/home/unitree/FAR/holosoma/src/holosoma/holosoma/sensors/realsense.py", line 230, in capture
    frames = self.pipeline.wait_for_frames()
RuntimeError: Device disconnected. Failed to reconnect: Couldn't resolve requests5000
[Image Server] hw total latency stats: {'count': 651, 'avg_ms': 39.322129686518835, 'min_ms': 33.36015279689855, 'max_ms': 122.15825225005938, 'total_ms': 25598.70642592376}
[Image Server] Rate limiter stats: {'frequency': 30, 'period_ms': 33.333333333333336, 'total_drift_ms': 0.0, 'max_drift_ms': 0.0, 'avg_drift_ms': 0.0, 'drift_count': 0}
[Image Server] capture stats: {'count': 701, 'avg_ms': 30.65386002852818, 'min_ms': 24.608642999965014, 'max_ms': 112.82923900000696, 'total_ms': 21488.355879998253}
[Image Server] hw total latency stats: {'count': 701, 'avg_ms': 39.22492601348746, 'min_ms': 33.36015279689855, 'max_ms': 122.15825225005938, 'total_ms': 27496.67313545471}
[Image Server] Rate limiter stats: {'frequency': 30, 'period_ms': 33.333333333333336, 'total_drift_ms': 9.773824353487726, 'max_drift_ms': 1.1741226680896943, 'avg_drift_ms': 0.44426474334035115, 'drift_count': 22}
[Image Server] capture stats: {'count': 751, 'avg_ms': 30.686193256988954, 'min_ms': 24.608642999965014, 'max_ms': 112.82923900000696, 'total_ms': 23045.331135998706}
[Image Server] hw total latency stats: {'count': 751, 'avg_ms': 39.25735354725213, 'min_ms': 33.36015279689855, 'max_ms': 122.15825225005938, 'total_ms': 29482.27251398635}
[Image Server] Rate limiter stats: {'frequency': 30, 'period_ms': 33.333333333333336, 'total_drift_ms': 16.634030026693836, 'max_drift_ms': 1.4247593339860032, 'avg_drift_ms': 0.6160751861738457, 'drift_count': 27}
[Image Server] capture stats: {'count': 801, 'avg_ms': 30.71148440074763, 'min_ms': 24.608642999965014, 'max_ms': 112.82923900000696, 'total_ms': 24599.89900499885}
[Image Server] hw total latency stats: {'count': 801, 'avg_ms': 39.28730314926882, 'min_ms': 33.36015279689855, 'max_ms': 122.15825225005938, 'total_ms': 31469.129822564326}
[Image Server] Rate limiter stats: {'frequency': 30, 'period_ms': 33.333333333333336, 'total_drift_ms': 18.451918021128222, 'max_drift_ms': 1.6272816679929747, 'avg_drift_ms': 0.8022573052664445, 'drift_count': 23}
[Image Server] capture stats: {'count': 851, 'avg_ms': 30.736400109281377, 'min_ms': 24.608642999965014, 'max_ms': 112.82923900000696, 'total_ms': 26156.676492998453}
[Image Server] hw total latency stats: {'count': 851, 'avg_ms': 39.31702196353803, 'min_ms': 33.36015279689855, 'max_ms': 122.15825225005938, 'total_ms': 33458.785690970864}
[Image Server] Rate limiter stats: {'frequency': 30, 'period_ms': 33.333333333333336, 'total_drift_ms': 0.0, 'max_drift_ms': 0.0, 'avg_drift_ms': 0.0, 'drift_count': 0}
[Image Server] capture stats: {'count': 901, 'avg_ms': 30.624307089898657, 'min_ms': 24.608642999965014, 'max_ms': 112.82923900000696, 'total_ms': 27592.50068799869}
[Image Server] hw total latency stats: {'count': 901, 'avg_ms': 39.203280748944685, 'min_ms': 33.36015279689855, 'max_ms': 122.15825225005938, 'total_ms': 35322.155954799164}
[Image Server] Rate limiter stats: {'frequency': 30, 'period_ms': 33.333333333333336, 'total_drift_ms': 45.24118669303334, 'max_drift_ms': 3.346425334484593, 'avg_drift_ms': 1.4593931191301077, 'drift_count': 31}
[Image Server] capture stats: {'count': 951, 'avg_ms': 30.669861101996418, 'min_ms': 24.608642999965014, 'max_ms': 112.82923900000696, 'total_ms': 29167.037907998594}
[Image Server] hw total latency stats: {'count': 951, 'avg_ms': 39.25201312994771, 'min_ms': 33.36015279689855, 'max_ms': 122.15825225005938, 'total_ms': 37328.664486580274}
[Image Server] Rate limiter stats: {'frequency': 30, 'period_ms': 33.333333333333336, 'total_drift_ms': 0.9904983390924826, 'max_drift_ms': 0.39468866680181236, 'avg_drift_ms': 0.16508305651541377, 'drift_count': 6}
[Image Server] capture stats: {'count': 1001, 'avg_ms': 30.657647822176123, 'min_ms': 24.608642999965014, 'max_ms': 112.82923900000696, 'total_ms': 30688.3054699983}
[Image Server] hw total latency stats: {'count': 1001, 'avg_ms': 39.244089359642885, 'min_ms': 33.36015279689855, 'max_ms': 122.15825225005938, 'total_ms': 39283.33344900253}
[Image Server] Rate limiter stats: {'frequency': 30, 'period_ms': 33.333333333333336, 'total_drift_ms': 13.821109686318778, 'max_drift_ms': 1.1308013337156808, 'avg_drift_ms': 0.5118929513451399, 'drift_count': 27}
[Image Server] capture stats: {'count': 1051, 'avg_ms': 30.678827918171983, 'min_ms': 24.608642999965014, 'max_ms': 112.82923900000696, 'total_ms': 32243.448141998753}
[Image Server] hw total latency stats: {'count': 1051, 'avg_ms': 39.27158112260837, 'min_ms': 33.36015279689855, 'max_ms': 122.15825225005938, 'total_ms': 41274.43175986139}
[Image Server] Rate limiter stats: {'frequency': 30, 'period_ms': 33.333333333333336, 'total_drift_ms': 1.112710004690598, 'max_drift_ms': 0.41157733426189225, 'avg_drift_ms': 0.2225420009381196, 'drift_count': 5}
[Image Server] capture stats: {'count': 1101, 'avg_ms': 30.655685765666927, 'min_ms': 24.608642999965014, 'max_ms': 112.82923900000696, 'total_ms': 33751.910027999285}
[Image Server] hw total latency stats: {'count': 1101, 'avg_ms': 39.25527833011367, 'min_ms': 33.36015279689855, 'max_ms': 122.15825225005938, 'total_ms': 43220.06144145515}
/home/unitree/.holosoma_deps/miniconda3/envs/hsinference/lib/python3.10/multiprocessing/resource_tracker.py:224: UserWarning: resource_tracker: There appear to be 1 leaked shared_memory objects to clean up at shutdown
  warnings.warn('resource_tracker: There appear to be %d '
