[real_drop] log_dir=/home/unitree/FAR/holosoma/logs/real_drop_20260917_161827
[real_drop] model_path=/home/unitree/FAR/holosoma/_ckps/izz2f2df_model_11000.onnx
[command_window] skipping: no DISPLAY/WAYLAND_DISPLAY
[camera_profile] izz2f2df: D435 37.0 deg down raw=106x60 policy=87x58 position=[0.009999999776482582, 0.009999999776482582, 0.4399999976158142] metadata=perception_observation_contract
[real_drop] resolved_model_path=/home/unitree/FAR/holosoma/_ckps/izz2f2df_model_11000.onnx
[real_drop] MuJoCo sim GT started pid=6776 log=/home/unitree/FAR/holosoma/logs/real_drop_20260917_161827/sim_gt_depth.log
[real_viser] started pid=6777
╭──────────────── viser ────────────────╮
│             ╷                         │
│   HTTP      │ http://127.0.0.1:8080   │
│   Websocket │ ws://127.0.0.1:8080     │
│             ╵                         │
╰───────────────────────────────────────╯
/home/unitree/FAR/holosoma/scripts/real_viser.py:369: DeprecationWarning: `control_layout` is deprecated; use `main_panel` placement instead, e.g. `server.gui.main_panel.dock_right()`. Both "collapsible" and "fixed" now dock the control panel to the right edge.
  server.gui.configure_theme(dark_mode=True, control_layout="collapsible", control_width="medium")
2026-09-17 16:18:32.545 | INFO     | __main__:run_policy:195 - Starting Policy with Tyro configuration...
2026-09-17 16:18:32.545 | INFO     | __main__:run_policy:196 - Robot: g1_29dof
2026-09-17 16:18:32.546 | INFO     | __main__:run_policy:197 - Observation groups: ['actor_obs_root_contact_aware', 'actor_obs_drop_button', 'actor_obs_proprio_with_actions_no_linvel', 'perception_obs']
2026-09-17 16:18:32.546 | INFO     | __main__:run_policy:198 - RL Rate: 50.0 Hz
2026-09-17 16:18:32.546 | INFO     | __main__:run_policy:199 - Model path: /home/unitree/FAR/holosoma/_ckps/izz2f2df_model_11000.onnx
2026-09-17 16:18:32.546 | INFO     | __main__:run_policy:203 - Using WholeBodyTrackingPolicy
2026-09-17 16:18:32.547 | INFO     | holosoma_inference.utils.clock:start:103 - Clock subscriber started, connecting to port 5555
G1-HG type: 5
UnitreeInterface initialized: G1-HG (29 motors, HG messages) on interface: eth0
[DEBUG] LowCommandWriter - No motor command available!
2026-09-17 16:18:32.712 | INFO     | holosoma_inference.policies.wbt:setup_policy:391 - Loaded KP/KD from ONNX metadata: izz2f2df_model_11000.onnx
2026-09-17 16:18:32.713 | INFO     | holosoma_inference.policies.base:_set_policy_action_scales_from_metadata:478 - Using training-aligned per-joint action scales from ONNX metadata: base=0.25 final_min=0.074501 final_max=0.547547 final_mean=0.395021
2026-09-17 16:18:32.713 | INFO     | holosoma_inference.policies.wbt:setup_policy:406 - Using external sparse-root command mode: command comes from zero/manual/joystick input; reference-motion outputs are not used.
2026-09-17 16:18:32.714 | INFO     | holosoma_inference.policies.base:_resolve_control_gains:498 - Using KP/KD from config (override)
2026-09-17 16:18:32.714 | INFO     | holosoma_inference.policies.base:_init_joystick_handler:345 - Using joystick
2026-09-17 16:18:32.714 | INFO     | holosoma_inference.policies.wbt:__init__:253 - 
⚠️  Ready to enter stiff hold mode
2026-09-17 16:18:32.714 | INFO     | holosoma_inference.policies.wbt:__init__:254 - Press Enter to continue...
self.interface_str: eth0
[real_viser] live viewer: http://127.0.0.1:8080
[real_viser] checkpoint camera: izz2f2df: D435 37.0 deg down position=[0.009999999776482582, 0.009999999776482582, 0.4399999976158142] rate=30.0 Hz
2026-09-17 16:18:34.331 | INFO     | holosoma_inference.policies.wbt:__init__:257 - ✓ Entering stiff hold mode
2026-09-17 16:18:34.331 | INFO     | __main__:run_policy:206 - Policy initialized successfully!
2026-09-17 16:18:34.332 | INFO     | __main__:_print_control_guide:44 - ================================================================================
2026-09-17 16:18:34.332 | INFO     | __main__:_print_control_guide:45 - POLICY CONTROLS
2026-09-17 16:18:34.332 | INFO     | __main__:_print_control_guide:46 - ================================================================================
2026-09-17 16:18:34.332 | INFO     | __main__:_print_control_guide:47 - 
2026-09-17 16:18:34.332 | INFO     | __main__:_print_control_guide:50 - Using JOYSTICK control mode
2026-09-17 16:18:34.332 | INFO     | __main__:_print_control_guide:51 - 
2026-09-17 16:18:34.332 | INFO     | __main__:_print_control_guide:52 - General Controls:
2026-09-17 16:18:34.333 | INFO     | __main__:_print_control_guide:53 -   A button       - Start the policy
2026-09-17 16:18:34.333 | INFO     | __main__:_print_control_guide:54 -   B button       - Stop the policy
2026-09-17 16:18:34.333 | INFO     | __main__:_print_control_guide:55 -   Y button       - Set robot to default pose
2026-09-17 16:18:34.333 | INFO     | __main__:_print_control_guide:56 -   L1+R1 (LB+RB)  - Kill controller program
2026-09-17 16:18:34.333 | INFO     | __main__:_print_control_guide:73 - 
2026-09-17 16:18:34.333 | INFO     | __main__:_print_control_guide:74 - Whole-Body Tracking Controls:
2026-09-17 16:18:34.333 | INFO     | __main__:_print_control_guide:75 -   Start button   - Start motion clip
2026-09-17 16:18:34.333 | INFO     | __main__:_print_control_guide:77 -   X button       - Toggle drop button command
2026-09-17 16:18:34.333 | INFO     | __main__:_print_control_guide:78 -   Left stick     - Relative sparse root XY command
2026-09-17 16:18:34.333 | INFO     | __main__:_print_control_guide:79 -   Right stick X  - Relative sparse root yaw command
2026-09-17 16:18:34.334 | INFO     | __main__:_print_control_guide:137 - 
2026-09-17 16:18:34.334 | INFO     | __main__:_print_control_guide:138 - MuJoCo Simulator Controls (ONLY in MuJoCo window, NOT this terminal!):
2026-09-17 16:18:34.334 | INFO     | __main__:_print_control_guide:139 -   7/8        - Decrease/increase elastic band length
2026-09-17 16:18:34.334 | INFO     | __main__:_print_control_guide:140 -   9          - Toggle elastic band enable/disable
2026-09-17 16:18:34.334 | INFO     | __main__:_print_control_guide:141 -   BACKSPACE  - Reset simulation
2026-09-17 16:18:34.334 | INFO     | __main__:_print_control_guide:143 - 
2026-09-17 16:18:34.334 | INFO     | __main__:_print_control_guide:144 - ================================================================================
2026-09-17 16:18:34.334 | INFO     | __main__:_print_control_guide:145 - Press the appropriate button/key to begin!
2026-09-17 16:18:34.334 | INFO     | __main__:_print_control_guide:146 - ================================================================================
2026-09-17 16:18:34.334 | INFO     | __main__:_print_control_guide:147 - 
[real_viser] realtime update rate=29.8 Hz target=30.0 Hz
[real_viser] realtime update rate=29.8 Hz target=30.0 Hz
[real_viser] realtime update rate=29.8 Hz target=30.0 Hz
[real_viser] realtime update rate=29.8 Hz target=30.0 Hz
[real_viser] realtime update rate=29.8 Hz target=30.0 Hz
[real_viser] realtime update rate=29.8 Hz target=30.0 Hz
[real_viser] realtime update rate=29.8 Hz target=30.0 Hz
[real_viser] realtime update rate=29.8 Hz target=30.0 Hz
[real_viser] realtime update rate=29.8 Hz target=30.0 Hz
[real_viser] realtime update rate=29.8 Hz target=30.0 Hz
[real_viser] realtime update rate=29.8 Hz target=30.0 Hz
[real_viser] realtime update rate=29.9 Hz target=30.0 Hz
[real_viser] realtime update rate=29.9 Hz target=30.0 Hz
2026-09-17 16:19:40.396 | INFO     | holosoma_inference.policies.base:_handle_start_policy:884 - Using policy actions
2026-09-17 16:19:40.397 | INFO     | holosoma_inference.policies.wbt:_capture_robot_yaw_offset:1557 - Robot yaw offset captured at -26.9 deg
2026-09-17 16:19:40.398 | INFO     | holosoma_inference.policies.wbt:_capture_motion_yaw_offset:1562 - Motion yaw offset captured at 0.0 deg
2026-09-17 16:19:40.398 | INFO     | holosoma_inference.policies.base:_print_control_status:933 - ------------ Control Status ------------
2026-09-17 16:19:40.399 | INFO     | holosoma_inference.policies.base:_print_control_status:940 - Active policy [1/1]: izz2f2df_model_11000.onnx Kp level 1.00
2026-09-17 16:19:40.399 | INFO     | holosoma_inference.policies.base:_print_control_status:933 - ------------ Control Status ------------
2026-09-17 16:19:40.400 | INFO     | holosoma_inference.policies.base:_print_control_status:940 - Active policy [1/1]: izz2f2df_model_11000.onnx Kp level 1.00
2026-09-17 16:19:40.405 | INFO     | holosoma_inference.policies.wbt:_get_depth_image_obs:1119 - [WBT] Depth shared memory attached: shape=(1, 1, 58, 87)
2026-09-17 16:19:41.355 | INFO     | holosoma_inference.policies.base:run:963 - RL FPS: 49.61 | read_state: 0.118±0.027ms | preprocessing: 0.002±0.003ms | inference: 5.927±4.423ms | postprocessing: 0.038±0.043ms | action_pub: 0.144±0.032ms | total: 6.363±5.034ms
2026-09-17 16:19:42.363 | INFO     | holosoma_inference.policies.base:run:963 - RL FPS: 50.00 | read_state: 0.113±0.018ms | preprocessing: 0.001±0.000ms | inference: 4.753±1.192ms | postprocessing: 0.029±0.004ms | action_pub: 0.138±0.023ms | total: 5.316±1.228ms
2026-09-17 16:19:43.356 | INFO     | holosoma_inference.policies.base:run:963 - RL FPS: 50.00 | read_state: 0.120±0.021ms | preprocessing: 0.001±0.000ms | inference: 5.007±0.956ms | postprocessing: 0.033±0.012ms | action_pub: 0.147±0.026ms | total: 5.614±0.991ms
[real_viser] realtime update rate=21.6 Hz target=30.0 Hz
2026-09-17 16:19:44.355 | INFO     | holosoma_inference.policies.base:run:963 - RL FPS: 50.00 | read_state: 0.123±0.018ms | preprocessing: 0.001±0.000ms | inference: 4.825±0.680ms | postprocessing: 0.035±0.017ms | action_pub: 0.144±0.024ms | total: 5.440±0.708ms
2026-09-17 16:19:45.355 | INFO     | holosoma_inference.policies.base:run:963 - RL FPS: 50.00 | read_state: 0.131±0.036ms | preprocessing: 0.001±0.000ms | inference: 5.115±0.647ms | postprocessing: 0.035±0.018ms | action_pub: 0.166±0.057ms | total: 5.763±0.678ms
2026-09-17 16:19:46.308 | INFO     | holosoma_inference.policies.base:_handle_init_state:901 - Setting to init state
2026-09-17 16:19:46.308 | INFO     | holosoma_inference.policies.base:_print_control_status:933 - ------------ Control Status ------------
2026-09-17 16:19:46.309 | INFO     | holosoma_inference.policies.base:_print_control_status:940 - Active policy [1/1]: izz2f2df_model_11000.onnx Kp level 1.00
2026-09-17 16:19:46.309 | INFO     | holosoma_inference.policies.base:_print_control_status:933 - ------------ Control Status ------------
2026-09-17 16:19:46.309 | INFO     | holosoma_inference.policies.base:_print_control_status:940 - Active policy [1/1]: izz2f2df_model_11000.onnx Kp level 1.00
2026-09-17 16:19:46.351 | INFO     | holosoma_inference.policies.base:run:963 - RL FPS: 50.00 | read_state: 0.122±0.014ms | preprocessing: 0.005±0.015ms | inference: 4.778±0.674ms | postprocessing: 0.034±0.018ms | action_pub: 0.143±0.033ms | total: 5.094±1.271ms
2026-09-17 16:19:47.352 | INFO     | holosoma_inference.policies.base:run:963 - RL FPS: 50.00 | read_state: 0.185±0.038ms | preprocessing: 0.071±0.018ms | inference: 4.778±0.674ms | postprocessing: 0.030±0.011ms | action_pub: 0.201±0.047ms | total: 0.870±0.164ms
2026-09-17 16:19:48.353 | INFO     | holosoma_inference.policies.base:run:963 - RL FPS: 50.00 | read_state: 0.212±0.042ms | preprocessing: 0.074±0.014ms | inference: 4.778±0.674ms | postprocessing: 0.035±0.017ms | action_pub: 0.256±0.058ms | total: 1.028±0.139ms
[real_viser] realtime update rate=28.3 Hz target=30.0 Hz
2026-09-17 16:19:49.354 | INFO     | holosoma_inference.policies.base:run:963 - RL FPS: 50.00 | read_state: 0.191±0.040ms | preprocessing: 0.069±0.016ms | inference: 4.778±0.674ms | postprocessing: 0.029±0.005ms | action_pub: 0.208±0.051ms | total: 0.890±0.148ms
2026-09-17 16:19:50.354 | INFO     | holosoma_inference.policies.base:run:963 - RL FPS: 50.00 | read_state: 0.193±0.031ms | preprocessing: 0.069±0.010ms | inference: 4.778±0.674ms | postprocessing: 0.031±0.005ms | action_pub: 0.224±0.055ms | total: 0.913±0.148ms
2026-09-17 16:19:51.351 | INFO     | holosoma_inference.policies.base:run:963 - RL FPS: 50.00 | read_state: 0.202±0.046ms | preprocessing: 0.078±0.024ms | inference: 4.778±0.674ms | postprocessing: 0.031±0.004ms | action_pub: 0.247±0.069ms | total: 0.986±0.200ms
2026-09-17 16:19:52.351 | INFO     | holosoma_inference.policies.base:run:963 - RL FPS: 50.00 | read_state: 0.121±0.013ms | preprocessing: 0.043±0.007ms | inference: 4.778±0.674ms | postprocessing: 0.022±0.004ms | action_pub: 0.124±0.009ms | total: 0.592±0.050ms
2026-09-17 16:19:53.351 | INFO     | holosoma_inference.policies.base:run:963 - RL FPS: 50.00 | read_state: 0.122±0.008ms | preprocessing: 0.046±0.008ms | inference: 4.778±0.674ms | postprocessing: 0.020±0.002ms | action_pub: 0.120±0.006ms | total: 0.591±0.041ms
[real_viser] realtime update rate=28.7 Hz target=30.0 Hz
2026-09-17 16:19:54.351 | INFO     | holosoma_inference.policies.base:run:963 - RL FPS: 50.00 | read_state: 0.123±0.006ms | preprocessing: 0.043±0.004ms | inference: 4.778±0.674ms | postprocessing: 0.020±0.001ms | action_pub: 0.122±0.015ms | total: 0.596±0.033ms
2026-09-17 16:19:55.351 | INFO     | holosoma_inference.policies.base:run:963 - RL FPS: 50.00 | read_state: 0.122±0.003ms | preprocessing: 0.042±0.002ms | inference: 4.778±0.674ms | postprocessing: 0.020±0.001ms | action_pub: 0.120±0.004ms | total: 0.590±0.014ms
2026-09-17 16:19:56.351 | INFO     | holosoma_inference.policies.base:run:963 - RL FPS: 50.00 | read_state: 0.124±0.003ms | preprocessing: 0.042±0.001ms | inference: 4.778±0.674ms | postprocessing: 0.020±0.001ms | action_pub: 0.121±0.003ms | total: 0.595±0.010ms
2026-09-17 16:19:57.351 | INFO     | holosoma_inference.policies.base:run:963 - RL FPS: 50.00 | read_state: 0.120±0.003ms | preprocessing: 0.041±0.005ms | inference: 4.778±0.674ms | postprocessing: 0.020±0.001ms | action_pub: 0.118±0.004ms | total: 0.580±0.017ms
2026-09-17 16:19:58.350 | INFO     | holosoma_inference.policies.base:run:963 - RL FPS: 50.00 | read_state: 0.122±0.003ms | preprocessing: 0.041±0.002ms | inference: 4.778±0.674ms | postprocessing: 0.020±0.001ms | action_pub: 0.119±0.004ms | total: 0.590±0.016ms
[real_viser] realtime update rate=28.5 Hz target=30.0 Hz
2026-09-17 16:19:59.350 | INFO     | holosoma_inference.policies.base:run:963 - RL FPS: 50.00 | read_state: 0.122±0.004ms | preprocessing: 0.042±0.002ms | inference: 4.778±0.674ms | postprocessing: 0.021±0.001ms | action_pub: 0.120±0.004ms | total: 0.587±0.016ms
2026-09-17 16:20:00.350 | INFO     | holosoma_inference.policies.base:run:963 - RL FPS: 50.00 | read_state: 0.121±0.003ms | preprocessing: 0.041±0.002ms | inference: 4.778±0.674ms | postprocessing: 0.020±0.001ms | action_pub: 0.118±0.003ms | total: 0.581±0.016ms
2026-09-17 16:20:01.351 | INFO     | holosoma_inference.policies.base:run:963 - RL FPS: 50.00 | read_state: 0.122±0.005ms | preprocessing: 0.042±0.003ms | inference: 4.778±0.674ms | postprocessing: 0.020±0.002ms | action_pub: 0.119±0.005ms | total: 0.586±0.025ms
2026-09-17 16:20:02.354 | INFO     | holosoma_inference.policies.base:run:963 - RL FPS: 50.00 | read_state: 0.170±0.047ms | preprocessing: 0.061±0.018ms | inference: 4.778±0.674ms | postprocessing: 0.028±0.007ms | action_pub: 0.187±0.063ms | total: 0.810±0.214ms
2026-09-17 16:20:03.354 | INFO     | holosoma_inference.policies.base:run:963 - RL FPS: 50.00 | read_state: 0.212±0.010ms | preprocessing: 0.077±0.005ms | inference: 4.778±0.674ms | postprocessing: 0.034±0.002ms | action_pub: 0.246±0.009ms | total: 1.001±0.054ms
[real_viser] realtime update rate=26.7 Hz target=30.0 Hz
2026-09-17 16:20:04.351 | INFO     | holosoma_inference.policies.base:run:963 - RL FPS: 50.00 | read_state: 0.182±0.039ms | preprocessing: 0.064±0.014ms | inference: 4.778±0.674ms | postprocessing: 0.029±0.006ms | action_pub: 0.207±0.055ms | total: 0.861±0.174ms
2026-09-17 16:20:04.648 | INFO     | holosoma_inference.policies.wbt:_handle_stop_policy:1370 - Actions set to stiff startup command
2026-09-17 16:20:04.648 | INFO     | holosoma_inference.policies.base:_print_control_status:933 - ------------ Control Status ------------
2026-09-17 16:20:04.649 | INFO     | holosoma_inference.policies.base:_print_control_status:940 - Active policy [1/1]: izz2f2df_model_11000.onnx Kp level 1.00
2026-09-17 16:20:04.649 | INFO     | holosoma_inference.policies.base:_print_control_status:933 - ------------ Control Status ------------
2026-09-17 16:20:04.649 | INFO     | holosoma_inference.policies.base:_print_control_status:940 - Active policy [1/1]: izz2f2df_model_11000.onnx Kp level 1.00
[real_viser] realtime update rate=27.6 Hz target=30.0 Hz
[real_viser] realtime update rate=24.3 Hz target=30.0 Hz
[real_viser] realtime update rate=28.5 Hz target=30.0 Hz
[real_viser] realtime update rate=28.0 Hz target=30.0 Hz
[real_viser] realtime update rate=28.5 Hz target=30.0 Hz
[real_viser] realtime update rate=28.6 Hz target=30.0 Hz
[real_viser] realtime update rate=28.4 Hz target=30.0 Hz
[real_viser] realtime update rate=27.8 Hz target=30.0 Hz
[real_viser] realtime update rate=28.5 Hz target=30.0 Hz
[real_viser] realtime update rate=28.6 Hz target=30.0 Hz
[real_viser] realtime update rate=28.3 Hz target=30.0 Hz
[real_viser] realtime update rate=27.5 Hz target=30.0 Hz
[real_viser] realtime update rate=27.1 Hz target=30.0 Hz
2026-09-17 16:21:15.188 | INFO     | holosoma_inference.policies.base:_handle_start_policy:884 - Using policy actions
2026-09-17 16:21:15.189 | INFO     | holosoma_inference.policies.wbt:_capture_robot_yaw_offset:1557 - Robot yaw offset captured at -26.8 deg
2026-09-17 16:21:15.189 | INFO     | holosoma_inference.policies.wbt:_capture_motion_yaw_offset:1562 - Motion yaw offset captured at 0.0 deg
2026-09-17 16:21:15.189 | INFO     | holosoma_inference.policies.base:_print_control_status:933 - ------------ Control Status ------------
2026-09-17 16:21:15.189 | INFO     | holosoma_inference.policies.base:_print_control_status:940 - Active policy [1/1]: izz2f2df_model_11000.onnx Kp level 1.00
2026-09-17 16:21:15.190 | INFO     | holosoma_inference.policies.base:_print_control_status:933 - ------------ Control Status ------------
2026-09-17 16:21:15.190 | INFO     | holosoma_inference.policies.base:_print_control_status:940 - Active policy [1/1]: izz2f2df_model_11000.onnx Kp level 1.00
2026-09-17 16:21:15.357 | INFO     | holosoma_inference.policies.base:run:963 - RL FPS: 50.00 | read_state: 0.113±0.014ms | preprocessing: 0.010±0.004ms | inference: 4.707±0.653ms | postprocessing: 0.019±0.011ms | action_pub: 0.137±0.019ms | total: 1.435±2.005ms
[real_viser] realtime update rate=26.2 Hz target=30.0 Hz
2026-09-17 16:21:16.355 | INFO     | holosoma_inference.policies.base:run:963 - RL FPS: 50.00 | read_state: 0.109±0.013ms | preprocessing: 0.001±0.000ms | inference: 4.610±0.887ms | postprocessing: 0.027±0.004ms | action_pub: 0.136±0.011ms | total: 5.145±0.894ms
2026-09-17 16:21:17.356 | INFO     | holosoma_inference.policies.base:run:963 - RL FPS: 50.00 | read_state: 0.110±0.012ms | preprocessing: 0.001±0.000ms | inference: 4.551±0.554ms | postprocessing: 0.027±0.003ms | action_pub: 0.139±0.014ms | total: 5.096±0.576ms
2026-09-17 16:21:18.355 | INFO     | holosoma_inference.policies.base:run:963 - RL FPS: 50.00 | read_state: 0.105±0.012ms | preprocessing: 0.001±0.000ms | inference: 4.597±0.478ms | postprocessing: 0.028±0.004ms | action_pub: 0.134±0.013ms | total: 5.116±0.496ms
2026-09-17 16:21:19.355 | INFO     | holosoma_inference.policies.base:run:963 - RL FPS: 50.00 | read_state: 0.106±0.012ms | preprocessing: 0.001±0.000ms | inference: 4.675±0.470ms | postprocessing: 0.027±0.004ms | action_pub: 0.129±0.012ms | total: 5.196±0.491ms
2026-09-17 16:21:20.355 | INFO     | holosoma_inference.policies.base:run:963 - RL FPS: 50.00 | read_state: 0.107±0.011ms | preprocessing: 0.001±0.000ms | inference: 4.510±0.508ms | postprocessing: 0.027±0.002ms | action_pub: 0.132±0.011ms | total: 5.033±0.529ms
[real_viser] realtime update rate=20.5 Hz target=30.0 Hz
2026-09-17 16:21:21.355 | INFO     | holosoma_inference.policies.base:run:963 - RL FPS: 50.00 | read_state: 0.105±0.010ms | preprocessing: 0.001±0.000ms | inference: 4.408±0.492ms | postprocessing: 0.027±0.003ms | action_pub: 0.133±0.011ms | total: 4.924±0.505ms
2026-09-17 16:21:21.448 | INFO     | holosoma_inference.policies.wbt:_toggle_drop_button_command:1477 - Drop button command: 1
2026-09-17 16:21:21.448 | INFO     | holosoma_inference.policies.base:_print_control_status:933 - ------------ Control Status ------------
2026-09-17 16:21:21.449 | INFO     | holosoma_inference.policies.base:_print_control_status:940 - Active policy [1/1]: izz2f2df_model_11000.onnx Kp level 1.00
2026-09-17 16:21:21.449 | INFO     | holosoma_inference.policies.base:_print_control_status:933 - ------------ Control Status ------------
2026-09-17 16:21:21.449 | INFO     | holosoma_inference.policies.base:_print_control_status:940 - Active policy [1/1]: izz2f2df_model_11000.onnx Kp level 1.00
2026-09-17 16:21:21.449 | INFO     | holosoma_inference.policies.wbt:_get_sparse_target_root_trajectory_command:928 - Using zero sparse root command.
2026-09-17 16:21:22.288 | INFO     | holosoma_inference.policies.base:_handle_init_state:901 - Setting to init state
2026-09-17 16:21:22.288 | INFO     | holosoma_inference.policies.base:_print_control_status:933 - ------------ Control Status ------------
2026-09-17 16:21:22.289 | INFO     | holosoma_inference.policies.base:_print_control_status:940 - Active policy [1/1]: izz2f2df_model_11000.onnx Kp level 1.00
2026-09-17 16:21:22.289 | INFO     | holosoma_inference.policies.base:_print_control_status:933 - ------------ Control Status ------------
2026-09-17 16:21:22.289 | INFO     | holosoma_inference.policies.base:_print_control_status:940 - Active policy [1/1]: izz2f2df_model_11000.onnx Kp level 1.00
2026-09-17 16:21:22.350 | INFO     | holosoma_inference.policies.base:run:963 - RL FPS: 50.00 | read_state: 0.110±0.011ms | preprocessing: 0.005±0.011ms | inference: 4.539±0.534ms | postprocessing: 0.026±0.005ms | action_pub: 0.135±0.015ms | total: 4.714±1.323ms
2026-09-17 16:21:23.350 | INFO     | holosoma_inference.policies.base:run:963 - RL FPS: 50.00 | read_state: 0.111±0.013ms | preprocessing: 0.037±0.005ms | inference: 4.539±0.534ms | postprocessing: 0.017±0.003ms | action_pub: 0.118±0.042ms | total: 0.511±0.076ms
2026-09-17 16:21:24.353 | INFO     | holosoma_inference.policies.base:run:963 - RL FPS: 50.00 | read_state: 0.158±0.046ms | preprocessing: 0.057±0.018ms | inference: 4.539±0.534ms | postprocessing: 0.024±0.007ms | action_pub: 0.171±0.066ms | total: 0.739±0.212ms
2026-09-17 16:21:25.350 | INFO     | holosoma_inference.policies.base:run:963 - RL FPS: 50.00 | read_state: 0.155±0.043ms | preprocessing: 0.052±0.016ms | inference: 4.539±0.534ms | postprocessing: 0.023±0.006ms | action_pub: 0.163±0.060ms | total: 0.719±0.191ms
[real_viser] realtime update rate=27.8 Hz target=30.0 Hz
2026-09-17 16:21:26.350 | INFO     | holosoma_inference.policies.base:run:963 - RL FPS: 50.00 | read_state: 0.126±0.014ms | preprocessing: 0.041±0.010ms | inference: 4.539±0.534ms | postprocessing: 0.019±0.004ms | action_pub: 0.124±0.015ms | total: 0.596±0.045ms
2026-09-17 16:21:27.350 | INFO     | holosoma_inference.policies.base:run:963 - RL FPS: 50.00 | read_state: 0.122±0.004ms | preprocessing: 0.040±0.002ms | inference: 4.539±0.534ms | postprocessing: 0.018±0.001ms | action_pub: 0.120±0.004ms | total: 0.576±0.018ms
2026-09-17 16:21:28.350 | INFO     | holosoma_inference.policies.base:run:963 - RL FPS: 50.00 | read_state: 0.119±0.010ms | preprocessing: 0.039±0.004ms | inference: 4.539±0.534ms | postprocessing: 0.018±0.002ms | action_pub: 0.117±0.008ms | total: 0.561±0.050ms
2026-09-17 16:21:29.350 | INFO     | holosoma_inference.policies.base:run:963 - RL FPS: 50.00 | read_state: 0.132±0.033ms | preprocessing: 0.043±0.015ms | inference: 4.539±0.534ms | postprocessing: 0.020±0.007ms | action_pub: 0.127±0.022ms | total: 0.607±0.096ms
2026-09-17 16:21:30.350 | INFO     | holosoma_inference.policies.base:run:963 - RL FPS: 50.00 | read_state: 0.120±0.016ms | preprocessing: 0.041±0.010ms | inference: 4.539±0.534ms | postprocessing: 0.018±0.004ms | action_pub: 0.123±0.022ms | total: 0.572±0.085ms
[real_viser] realtime update rate=26.7 Hz target=30.0 Hz
2026-09-17 16:21:31.350 | INFO     | holosoma_inference.policies.base:run:963 - RL FPS: 50.00 | read_state: 0.123±0.017ms | preprocessing: 0.040±0.007ms | inference: 4.539±0.534ms | postprocessing: 0.019±0.003ms | action_pub: 0.124±0.025ms | total: 0.584±0.097ms
2026-09-17 16:21:32.350 | INFO     | holosoma_inference.policies.base:run:963 - RL FPS: 50.00 | read_state: 0.167±0.054ms | preprocessing: 0.055±0.017ms | inference: 4.539±0.534ms | postprocessing: 0.025±0.007ms | action_pub: 0.176±0.064ms | total: 0.760±0.203ms
2026-09-17 16:21:32.728 | INFO     | holosoma_inference.policies.base:_print_control_status:933 - ------------ Control Status ------------
2026-09-17 16:21:32.729 | INFO     | holosoma_inference.policies.base:_print_control_status:940 - Active policy [1/1]: izz2f2df_model_11000.onnx Kp level 1.00
2026-09-17 16:21:32.729 | INFO     | holosoma_inference.policies.base:_print_control_status:933 - ------------ Control Status ------------
2026-09-17 16:21:32.729 | INFO     | holosoma_inference.policies.base:_print_control_status:940 - Active policy [1/1]: izz2f2df_model_11000.onnx Kp level 1.00
2026-09-17 16:21:33.350 | INFO     | holosoma_inference.policies.base:run:963 - RL FPS: 50.00 | read_state: 0.125±0.005ms | preprocessing: 0.040±0.002ms | inference: 4.539±0.534ms | postprocessing: 0.019±0.001ms | action_pub: 0.121±0.005ms | total: 0.600±0.131ms
2026-09-17 16:21:34.350 | INFO     | holosoma_inference.policies.base:run:963 - RL FPS: 50.00 | read_state: 0.123±0.003ms | preprocessing: 0.040±0.002ms | inference: 4.539±0.534ms | postprocessing: 0.019±0.001ms | action_pub: 0.119±0.004ms | total: 0.579±0.012ms
2026-09-17 16:21:35.350 | INFO     | holosoma_inference.policies.base:run:963 - RL FPS: 50.00 | read_state: 0.125±0.006ms | preprocessing: 0.041±0.005ms | inference: 4.539±0.534ms | postprocessing: 0.019±0.002ms | action_pub: 0.121±0.004ms | total: 0.585±0.018ms
[real_viser] realtime update rate=27.9 Hz target=30.0 Hz
2026-09-17 16:21:36.350 | INFO     | holosoma_inference.policies.base:run:963 - RL FPS: 50.00 | read_state: 0.116±0.015ms | preprocessing: 0.037±0.006ms | inference: 4.539±0.534ms | postprocessing: 0.019±0.006ms | action_pub: 0.118±0.016ms | total: 0.553±0.082ms
2026-09-17 16:21:37.350 | INFO     | holosoma_inference.policies.base:run:963 - RL FPS: 50.00 | read_state: 0.114±0.020ms | preprocessing: 0.036±0.006ms | inference: 4.539±0.534ms | postprocessing: 0.019±0.006ms | action_pub: 0.115±0.012ms | total: 0.538±0.093ms
2026-09-17 16:21:38.350 | INFO     | holosoma_inference.policies.base:run:963 - RL FPS: 50.00 | read_state: 0.116±0.023ms | preprocessing: 0.042±0.020ms | inference: 4.539±0.534ms | postprocessing: 0.021±0.014ms | action_pub: 0.131±0.026ms | total: 0.560±0.101ms
2026-09-17 16:21:39.350 | INFO     | holosoma_inference.policies.base:run:963 - RL FPS: 50.00 | read_state: 0.122±0.015ms | preprocessing: 0.040±0.006ms | inference: 4.539±0.534ms | postprocessing: 0.019±0.004ms | action_pub: 0.122±0.011ms | total: 0.576±0.063ms
2026-09-17 16:21:40.350 | INFO     | holosoma_inference.policies.base:run:963 - RL FPS: 50.00 | read_state: 0.118±0.012ms | preprocessing: 0.042±0.012ms | inference: 4.539±0.534ms | postprocessing: 0.018±0.004ms | action_pub: 0.120±0.014ms | total: 0.561±0.067ms
[real_viser] realtime update rate=28.1 Hz target=30.0 Hz
2026-09-17 16:21:41.350 | INFO     | holosoma_inference.policies.base:run:963 - RL FPS: 50.00 | read_state: 0.107±0.013ms | preprocessing: 0.034±0.004ms | inference: 4.539±0.534ms | postprocessing: 0.016±0.003ms | action_pub: 0.109±0.011ms | total: 0.495±0.064ms
2026-09-17 16:21:42.350 | INFO     | holosoma_inference.policies.base:run:963 - RL FPS: 50.00 | read_state: 0.109±0.011ms | preprocessing: 0.035±0.005ms | inference: 4.539±0.534ms | postprocessing: 0.016±0.003ms | action_pub: 0.110±0.012ms | total: 0.504±0.061ms
2026-09-17 16:21:43.350 | INFO     | holosoma_inference.policies.base:run:963 - RL FPS: 50.00 | read_state: 0.116±0.010ms | preprocessing: 0.037±0.004ms | inference: 4.539±0.534ms | postprocessing: 0.018±0.004ms | action_pub: 0.118±0.013ms | total: 0.543±0.055ms
2026-09-17 16:21:44.350 | INFO     | holosoma_inference.policies.base:run:963 - RL FPS: 50.00 | read_state: 0.121±0.005ms | preprocessing: 0.043±0.013ms | inference: 4.539±0.534ms | postprocessing: 0.020±0.004ms | action_pub: 0.122±0.006ms | total: 0.584±0.031ms
2026-09-17 16:21:45.355 | INFO     | holosoma_inference.policies.base:run:963 - RL FPS: 50.00 | read_state: 0.172±0.061ms | preprocessing: 0.056±0.016ms | inference: 4.539±0.534ms | postprocessing: 0.026±0.006ms | action_pub: 0.186±0.074ms | total: 0.786±0.220ms
[real_viser] realtime update rate=28.7 Hz target=30.0 Hz
2026-09-17 16:21:46.354 | INFO     | holosoma_inference.policies.base:run:963 - RL FPS: 50.00 | read_state: 0.225±0.080ms | preprocessing: 0.072±0.020ms | inference: 4.539±0.534ms | postprocessing: 0.030±0.004ms | action_pub: 0.240±0.060ms | total: 0.978±0.190ms
2026-09-17 16:21:47.353 | INFO     | holosoma_inference.policies.base:run:963 - RL FPS: 50.00 | read_state: 0.214±0.026ms | preprocessing: 0.096±0.077ms | inference: 4.539±0.534ms | postprocessing: 0.036±0.026ms | action_pub: 0.257±0.059ms | total: 1.062±0.178ms
2026-09-17 16:21:48.354 | INFO     | holosoma_inference.policies.base:run:963 - RL FPS: 50.00 | read_state: 0.217±0.038ms | preprocessing: 0.080±0.033ms | inference: 4.539±0.534ms | postprocessing: 0.031±0.003ms | action_pub: 0.238±0.029ms | total: 0.986±0.123ms
2026-09-17 16:21:49.354 | INFO     | holosoma_inference.policies.base:run:963 - RL FPS: 50.00 | read_state: 0.205±0.052ms | preprocessing: 0.072±0.025ms | inference: 4.539±0.534ms | postprocessing: 0.033±0.020ms | action_pub: 0.250±0.116ms | total: 0.962±0.217ms
2026-09-17 16:21:50.352 | INFO     | holosoma_inference.policies.base:run:963 - RL FPS: 50.00 | read_state: 0.199±0.044ms | preprocessing: 0.066±0.009ms | inference: 4.539±0.534ms | postprocessing: 0.032±0.019ms | action_pub: 0.223±0.061ms | total: 0.908±0.152ms
[real_viser] realtime update rate=28.5 Hz target=30.0 Hz
2026-09-17 16:21:51.353 | INFO     | holosoma_inference.policies.base:run:963 - RL FPS: 50.00 | read_state: 0.187±0.036ms | preprocessing: 0.068±0.021ms | inference: 4.539±0.534ms | postprocessing: 0.027±0.004ms | action_pub: 0.206±0.051ms | total: 0.864±0.133ms
2026-09-17 16:21:52.353 | INFO     | holosoma_inference.policies.base:run:963 - RL FPS: 50.00 | read_state: 0.206±0.050ms | preprocessing: 0.069±0.009ms | inference: 4.539±0.534ms | postprocessing: 0.030±0.013ms | action_pub: 0.220±0.036ms | total: 0.911±0.105ms
2026-09-17 16:21:53.354 | INFO     | holosoma_inference.policies.base:run:963 - RL FPS: 50.00 | read_state: 0.215±0.039ms | preprocessing: 0.080±0.027ms | inference: 4.539±0.534ms | postprocessing: 0.030±0.004ms | action_pub: 0.243±0.056ms | total: 0.982±0.144ms
2026-09-17 16:21:54.354 | INFO     | holosoma_inference.policies.base:run:963 - RL FPS: 50.00 | read_state: 0.211±0.031ms | preprocessing: 0.071±0.009ms | inference: 4.539±0.534ms | postprocessing: 0.031±0.009ms | action_pub: 0.229±0.047ms | total: 0.952±0.130ms
2026-09-17 16:21:54.408 | INFO     | holosoma_inference.policies.wbt:_handle_stop_policy:1370 - Actions set to stiff startup command
2026-09-17 16:21:54.409 | INFO     | holosoma_inference.policies.base:_print_control_status:933 - ------------ Control Status ------------
2026-09-17 16:21:54.409 | INFO     | holosoma_inference.policies.base:_print_control_status:940 - Active policy [1/1]: izz2f2df_model_11000.onnx Kp level 1.00
2026-09-17 16:21:54.409 | INFO     | holosoma_inference.policies.base:_print_control_status:933 - ------------ Control Status ------------
2026-09-17 16:21:54.410 | INFO     | holosoma_inference.policies.base:_print_control_status:940 - Active policy [1/1]: izz2f2df_model_11000.onnx Kp level 1.00
[real_viser] realtime update rate=27.8 Hz target=30.0 Hz
[real_viser] realtime update rate=28.4 Hz target=30.0 Hz
[real_viser] realtime update rate=28.5 Hz target=30.0 Hz
[real_viser] realtime update rate=28.4 Hz target=30.0 Hz
[real_viser] realtime update rate=27.4 Hz target=30.0 Hz
[real_viser] realtime update rate=28.2 Hz target=30.0 Hz
[real_viser] realtime update rate=28.3 Hz target=30.0 Hz
[real_viser] realtime update rate=28.2 Hz target=30.0 Hz
[real_viser] realtime update rate=27.4 Hz target=30.0 Hz
[real_viser] realtime update rate=28.1 Hz target=30.0 Hz
[real_viser] realtime update rate=28.2 Hz target=30.0 Hz
[real_viser] realtime update rate=25.8 Hz target=30.0 Hz
2026-09-17 16:22:54.028 | INFO     | holosoma_inference.policies.base:_handle_start_policy:884 - Using policy actions
2026-09-17 16:22:54.029 | INFO     | holosoma_inference.policies.wbt:_capture_robot_yaw_offset:1557 - Robot yaw offset captured at 153.5 deg
2026-09-17 16:22:54.030 | INFO     | holosoma_inference.policies.wbt:_capture_motion_yaw_offset:1562 - Motion yaw offset captured at 0.0 deg
2026-09-17 16:22:54.030 | INFO     | holosoma_inference.policies.base:_print_control_status:933 - ------------ Control Status ------------
2026-09-17 16:22:54.031 | INFO     | holosoma_inference.policies.base:_print_control_status:940 - Active policy [1/1]: izz2f2df_model_11000.onnx Kp level 1.00
2026-09-17 16:22:54.031 | INFO     | holosoma_inference.policies.base:_print_control_status:933 - ------------ Control Status ------------
2026-09-17 16:22:54.032 | INFO     | holosoma_inference.policies.base:_print_control_status:940 - Active policy [1/1]: izz2f2df_model_11000.onnx Kp level 1.00
2026-09-17 16:22:54.355 | INFO     | holosoma_inference.policies.base:run:963 - RL FPS: 50.00 | read_state: 0.170±0.048ms | preprocessing: 0.012±0.008ms | inference: 4.610±0.674ms | postprocessing: 0.025±0.003ms | action_pub: 0.215±0.076ms | total: 2.485±2.443ms
2026-09-17 16:22:55.356 | INFO     | holosoma_inference.policies.base:run:963 - RL FPS: 50.00 | read_state: 0.111±0.014ms | preprocessing: 0.001±0.000ms | inference: 4.718±0.505ms | postprocessing: 0.027±0.004ms | action_pub: 0.129±0.013ms | total: 5.239±0.538ms
2026-09-17 16:22:56.355 | INFO     | holosoma_inference.policies.base:run:963 - RL FPS: 50.00 | read_state: 0.111±0.012ms | preprocessing: 0.001±0.000ms | inference: 4.695±0.901ms | postprocessing: 0.028±0.005ms | action_pub: 0.130±0.013ms | total: 5.224±0.936ms
[real_viser] realtime update rate=21.4 Hz target=30.0 Hz
2026-09-17 16:22:57.356 | INFO     | holosoma_inference.policies.base:run:963 - RL FPS: 49.98 | read_state: 0.116±0.014ms | preprocessing: 0.001±0.000ms | inference: 4.520±0.580ms | postprocessing: 0.030±0.010ms | action_pub: 0.141±0.041ms | total: 5.081±0.620ms
2026-09-17 16:22:57.548 | INFO     | holosoma_inference.policies.base:_handle_start_policy:884 - Using policy actions
2026-09-17 16:22:57.549 | INFO     | holosoma_inference.policies.wbt:_capture_robot_yaw_offset:1557 - Robot yaw offset captured at 153.8 deg
2026-09-17 16:22:57.549 | INFO     | holosoma_inference.policies.wbt:_capture_motion_yaw_offset:1562 - Motion yaw offset captured at 0.0 deg
2026-09-17 16:22:57.549 | INFO     | holosoma_inference.policies.base:_print_control_status:933 - ------------ Control Status ------------
2026-09-17 16:22:57.549 | INFO     | holosoma_inference.policies.base:_print_control_status:940 - Active policy [1/1]: izz2f2df_model_11000.onnx Kp level 1.00
2026-09-17 16:22:57.550 | INFO     | holosoma_inference.policies.base:_print_control_status:933 - ------------ Control Status ------------
2026-09-17 16:22:57.550 | INFO     | holosoma_inference.policies.base:_print_control_status:940 - Active policy [1/1]: izz2f2df_model_11000.onnx Kp level 1.00
2026-09-17 16:22:58.288 | INFO     | holosoma_inference.policies.base:_handle_start_policy:884 - Using policy actions
2026-09-17 16:22:58.289 | INFO     | holosoma_inference.policies.wbt:_capture_robot_yaw_offset:1557 - Robot yaw offset captured at 153.7 deg
2026-09-17 16:22:58.289 | INFO     | holosoma_inference.policies.wbt:_capture_motion_yaw_offset:1562 - Motion yaw offset captured at 0.0 deg
2026-09-17 16:22:58.289 | INFO     | holosoma_inference.policies.base:_print_control_status:933 - ------------ Control Status ------------
2026-09-17 16:22:58.289 | INFO     | holosoma_inference.policies.base:_print_control_status:940 - Active policy [1/1]: izz2f2df_model_11000.onnx Kp level 1.00
2026-09-17 16:22:58.290 | INFO     | holosoma_inference.policies.base:_print_control_status:933 - ------------ Control Status ------------
2026-09-17 16:22:58.290 | INFO     | holosoma_inference.policies.base:_print_control_status:940 - Active policy [1/1]: izz2f2df_model_11000.onnx Kp level 1.00
2026-09-17 16:22:58.356 | INFO     | holosoma_inference.policies.base:run:963 - RL FPS: 50.03 | read_state: 0.106±0.009ms | preprocessing: 0.001±0.000ms | inference: 4.771±0.966ms | postprocessing: 0.027±0.003ms | action_pub: 0.130±0.012ms | total: 5.339±1.055ms
2026-09-17 16:22:58.528 | INFO     | holosoma_inference.policies.base:_handle_start_policy:884 - Using policy actions
2026-09-17 16:22:58.529 | INFO     | holosoma_inference.policies.wbt:_capture_robot_yaw_offset:1557 - Robot yaw offset captured at 153.7 deg
2026-09-17 16:22:58.529 | INFO     | holosoma_inference.policies.wbt:_capture_motion_yaw_offset:1562 - Motion yaw offset captured at 0.0 deg
2026-09-17 16:22:58.529 | INFO     | holosoma_inference.policies.base:_print_control_status:933 - ------------ Control Status ------------
2026-09-17 16:22:58.529 | INFO     | holosoma_inference.policies.base:_print_control_status:940 - Active policy [1/1]: izz2f2df_model_11000.onnx Kp level 1.00
2026-09-17 16:22:58.529 | INFO     | holosoma_inference.policies.base:_print_control_status:933 - ------------ Control Status ------------
2026-09-17 16:22:58.530 | INFO     | holosoma_inference.policies.base:_print_control_status:940 - Active policy [1/1]: izz2f2df_model_11000.onnx Kp level 1.00
2026-09-17 16:22:58.828 | INFO     | holosoma_inference.policies.base:_handle_start_policy:884 - Using policy actions
2026-09-17 16:22:58.829 | INFO     | holosoma_inference.policies.wbt:_capture_robot_yaw_offset:1557 - Robot yaw offset captured at 153.7 deg
2026-09-17 16:22:58.829 | INFO     | holosoma_inference.policies.wbt:_capture_motion_yaw_offset:1562 - Motion yaw offset captured at 0.0 deg
2026-09-17 16:22:58.829 | INFO     | holosoma_inference.policies.base:_print_control_status:933 - ------------ Control Status ------------
2026-09-17 16:22:58.829 | INFO     | holosoma_inference.policies.base:_print_control_status:940 - Active policy [1/1]: izz2f2df_model_11000.onnx Kp level 1.00
2026-09-17 16:22:58.830 | INFO     | holosoma_inference.policies.base:_print_control_status:933 - ------------ Control Status ------------
2026-09-17 16:22:58.830 | INFO     | holosoma_inference.policies.base:_print_control_status:940 - Active policy [1/1]: izz2f2df_model_11000.onnx Kp level 1.00
2026-09-17 16:22:59.355 | INFO     | holosoma_inference.policies.base:run:963 - RL FPS: 50.00 | read_state: 0.102±0.011ms | preprocessing: 0.001±0.000ms | inference: 4.666±0.765ms | postprocessing: 0.028±0.004ms | action_pub: 0.125±0.012ms | total: 5.213±0.914ms
2026-09-17 16:23:00.356 | INFO     | holosoma_inference.policies.base:run:963 - RL FPS: 50.00 | read_state: 0.101±0.008ms | preprocessing: 0.001±0.000ms | inference: 5.436±3.015ms | postprocessing: 0.028±0.005ms | action_pub: 0.146±0.140ms | total: 5.940±3.025ms
2026-09-17 16:23:01.355 | INFO     | holosoma_inference.policies.base:run:963 - RL FPS: 50.00 | read_state: 0.098±0.009ms | preprocessing: 0.001±0.000ms | inference: 4.242±0.527ms | postprocessing: 0.027±0.003ms | action_pub: 0.118±0.005ms | total: 4.698±0.536ms
2026-09-17 16:23:02.354 | INFO     | holosoma_inference.policies.base:run:963 - RL FPS: 50.00 | read_state: 0.101±0.011ms | preprocessing: 0.001±0.000ms | inference: 4.908±2.386ms | postprocessing: 0.028±0.005ms | action_pub: 0.130±0.047ms | total: 5.394±2.407ms
[real_viser] realtime update rate=22.4 Hz target=30.0 Hz
2026-09-17 16:23:03.354 | INFO     | holosoma_inference.policies.base:run:963 - RL FPS: 50.00 | read_state: 0.102±0.011ms | preprocessing: 0.001±0.000ms | inference: 5.108±2.565ms | postprocessing: 0.029±0.005ms | action_pub: 0.148±0.093ms | total: 5.619±2.571ms
2026-09-17 16:23:04.355 | INFO     | holosoma_inference.policies.base:run:963 - RL FPS: 50.00 | read_state: 0.094±0.010ms | preprocessing: 0.001±0.000ms | inference: 4.303±0.485ms | postprocessing: 0.027±0.001ms | action_pub: 0.121±0.011ms | total: 4.746±0.499ms
2026-09-17 16:23:05.355 | INFO     | holosoma_inference.policies.base:run:963 - RL FPS: 50.00 | read_state: 0.095±0.012ms | preprocessing: 0.001±0.000ms | inference: 4.325±0.918ms | postprocessing: 0.026±0.001ms | action_pub: 0.123±0.011ms | total: 4.779±0.925ms
2026-09-17 16:23:06.354 | INFO     | holosoma_inference.policies.base:run:963 - RL FPS: 50.00 | read_state: 0.102±0.013ms | preprocessing: 0.001±0.000ms | inference: 4.406±0.560ms | postprocessing: 0.027±0.002ms | action_pub: 0.130±0.012ms | total: 4.897±0.589ms
2026-09-17 16:23:07.355 | INFO     | holosoma_inference.policies.base:run:963 - RL FPS: 50.00 | read_state: 0.089±0.005ms | preprocessing: 0.001±0.000ms | inference: 4.396±0.436ms | postprocessing: 0.026±0.001ms | action_pub: 0.116±0.004ms | total: 4.816±0.441ms
[real_viser] realtime update rate=23.6 Hz target=30.0 Hz
2026-09-17 16:23:08.354 | INFO     | holosoma_inference.policies.base:run:963 - RL FPS: 50.00 | read_state: 0.090±0.009ms | preprocessing: 0.001±0.000ms | inference: 4.677±2.223ms | postprocessing: 0.027±0.002ms | action_pub: 0.120±0.009ms | total: 5.109±2.246ms
2026-09-17 16:23:09.354 | INFO     | holosoma_inference.policies.base:run:963 - RL FPS: 50.00 | read_state: 0.088±0.006ms | preprocessing: 0.001±0.000ms | inference: 4.142±0.455ms | postprocessing: 0.027±0.001ms | action_pub: 0.117±0.005ms | total: 4.567±0.467ms
2026-09-17 16:23:10.356 | INFO     | holosoma_inference.policies.base:run:963 - RL FPS: 50.02 | read_state: 0.095±0.026ms | preprocessing: 0.001±0.000ms | inference: 4.175±0.523ms | postprocessing: 0.026±0.002ms | action_pub: 0.121±0.013ms | total: 4.618±0.564ms
2026-09-17 16:23:11.355 | INFO     | holosoma_inference.policies.base:run:963 - RL FPS: 50.01 | read_state: 0.094±0.014ms | preprocessing: 0.001±0.000ms | inference: 4.751±1.732ms | postprocessing: 0.027±0.002ms | action_pub: 0.125±0.020ms | total: 5.208±1.781ms
2026-09-17 16:23:12.354 | INFO     | holosoma_inference.policies.base:run:963 - RL FPS: 50.00 | read_state: 0.090±0.006ms | preprocessing: 0.001±0.000ms | inference: 4.322±0.734ms | postprocessing: 0.027±0.001ms | action_pub: 0.119±0.009ms | total: 4.753±0.741ms
[real_viser] realtime update rate=23.3 Hz target=30.0 Hz
2026-09-17 16:23:13.355 | INFO     | holosoma_inference.policies.base:run:963 - RL FPS: 50.00 | read_state: 0.092±0.006ms | preprocessing: 0.001±0.000ms | inference: 4.323±0.913ms | postprocessing: 0.027±0.001ms | action_pub: 0.121±0.007ms | total: 4.764±0.922ms
2026-09-17 16:23:14.354 | INFO     | holosoma_inference.policies.base:run:963 - RL FPS: 50.00 | read_state: 0.097±0.009ms | preprocessing: 0.001±0.000ms | inference: 4.325±0.508ms | postprocessing: 0.027±0.003ms | action_pub: 0.125±0.009ms | total: 4.792±0.525ms
2026-09-17 16:23:15.355 | INFO     | holosoma_inference.policies.base:run:963 - RL FPS: 50.00 | read_state: 0.100±0.007ms | preprocessing: 0.001±0.000ms | inference: 4.364±0.481ms | postprocessing: 0.027±0.001ms | action_pub: 0.128±0.008ms | total: 4.845±0.490ms
2026-09-17 16:23:16.358 | INFO     | holosoma_inference.policies.base:run:963 - RL FPS: 50.00 | read_state: 0.109±0.008ms | preprocessing: 0.001±0.000ms | inference: 4.378±0.540ms | postprocessing: 0.040±0.080ms | action_pub: 0.161±0.242ms | total: 4.951±0.692ms
2026-09-17 16:23:17.355 | INFO     | holosoma_inference.policies.base:run:963 - RL FPS: 50.00 | read_state: 0.118±0.021ms | preprocessing: 0.002±0.007ms | inference: 4.930±0.622ms | postprocessing: 0.032±0.011ms | action_pub: 0.161±0.091ms | total: 5.520±0.669ms
[real_viser] realtime update rate=21.1 Hz target=30.0 Hz
2026-09-17 16:23:18.354 | INFO     | holosoma_inference.policies.base:run:963 - RL FPS: 50.00 | read_state: 0.104±0.013ms | preprocessing: 0.001±0.000ms | inference: 4.581±0.644ms | postprocessing: 0.031±0.011ms | action_pub: 0.126±0.013ms | total: 5.097±0.679ms
2026-09-17 16:23:19.355 | INFO     | holosoma_inference.policies.base:run:963 - RL FPS: 50.00 | read_state: 0.102±0.012ms | preprocessing: 0.001±0.000ms | inference: 4.269±0.470ms | postprocessing: 0.037±0.073ms | action_pub: 0.122±0.009ms | total: 4.766±0.504ms
2026-09-17 16:23:20.354 | INFO     | holosoma_inference.policies.base:run:963 - RL FPS: 50.00 | read_state: 0.102±0.011ms | preprocessing: 0.001±0.000ms | inference: 4.472±1.341ms | postprocessing: 0.027±0.004ms | action_pub: 0.136±0.074ms | total: 4.976±1.348ms
2026-09-17 16:23:21.355 | INFO     | holosoma_inference.policies.base:run:963 - RL FPS: 50.00 | read_state: 0.099±0.008ms | preprocessing: 0.001±0.000ms | inference: 4.418±0.474ms | postprocessing: 0.027±0.001ms | action_pub: 0.124±0.007ms | total: 4.891±0.483ms
2026-09-17 16:23:22.355 | INFO     | holosoma_inference.policies.base:run:963 - RL FPS: 50.00 | read_state: 0.098±0.006ms | preprocessing: 0.001±0.000ms | inference: 4.525±0.444ms | postprocessing: 0.025±0.001ms | action_pub: 0.121±0.009ms | total: 4.989±0.457ms
[real_viser] realtime update rate=20.8 Hz target=30.0 Hz
2026-09-17 16:23:23.354 | INFO     | holosoma_inference.policies.base:run:963 - RL FPS: 50.00 | read_state: 0.101±0.006ms | preprocessing: 0.001±0.000ms | inference: 4.497±0.444ms | postprocessing: 0.025±0.001ms | action_pub: 0.120±0.009ms | total: 4.972±0.457ms
2026-09-17 16:23:24.355 | INFO     | holosoma_inference.policies.base:run:963 - RL FPS: 50.00 | read_state: 0.103±0.005ms | preprocessing: 0.001±0.000ms | inference: 4.654±0.873ms | postprocessing: 0.027±0.004ms | action_pub: 0.123±0.010ms | total: 5.141±0.885ms
2026-09-17 16:23:25.356 | INFO     | holosoma_inference.policies.base:run:963 - RL FPS: 50.00 | read_state: 0.102±0.005ms | preprocessing: 0.001±0.000ms | inference: 4.534±0.434ms | postprocessing: 0.026±0.003ms | action_pub: 0.120±0.007ms | total: 5.010±0.441ms
2026-09-17 16:23:26.355 | INFO     | holosoma_inference.policies.base:run:963 - RL FPS: 50.00 | read_state: 0.100±0.003ms | preprocessing: 0.001±0.000ms | inference: 4.520±0.426ms | postprocessing: 0.026±0.002ms | action_pub: 0.120±0.006ms | total: 4.995±0.432ms
2026-09-17 16:23:27.355 | INFO     | holosoma_inference.policies.base:run:963 - RL FPS: 50.00 | read_state: 0.102±0.007ms | preprocessing: 0.001±0.000ms | inference: 4.539±0.448ms | postprocessing: 0.026±0.003ms | action_pub: 0.122±0.010ms | total: 5.023±0.462ms
2026-09-17 16:23:27.488 | INFO     | holosoma_inference.policies.wbt:_handle_start_motion_clip:1396 - Starting motion clip
2026-09-17 16:23:27.488 | INFO     | holosoma_inference.policies.base:_print_control_status:933 - ------------ Control Status ------------
2026-09-17 16:23:27.489 | INFO     | holosoma_inference.policies.base:_print_control_status:940 - Active policy [1/1]: izz2f2df_model_11000.onnx Kp level 1.00
2026-09-17 16:23:27.489 | INFO     | holosoma_inference.policies.base:_print_control_status:933 - ------------ Control Status ------------
2026-09-17 16:23:27.489 | INFO     | holosoma_inference.policies.base:_print_control_status:940 - Active policy [1/1]: izz2f2df_model_11000.onnx Kp level 1.00
[real_viser] realtime update rate=21.0 Hz target=30.0 Hz
2026-09-17 16:23:28.355 | INFO     | holosoma_inference.policies.base:run:963 - RL FPS: 50.00 | read_state: 0.098±0.009ms | preprocessing: 0.001±0.000ms | inference: 4.515±0.458ms | postprocessing: 0.026±0.003ms | action_pub: 0.119±0.009ms | total: 4.997±0.484ms
2026-09-17 16:23:29.354 | INFO     | holosoma_inference.policies.base:run:963 - RL FPS: 50.00 | read_state: 0.095±0.011ms | preprocessing: 0.001±0.000ms | inference: 4.490±0.461ms | postprocessing: 0.026±0.003ms | action_pub: 0.120±0.011ms | total: 4.945±0.484ms
2026-09-17 16:23:30.355 | INFO     | holosoma_inference.policies.base:run:963 - RL FPS: 50.00 | read_state: 0.098±0.013ms | preprocessing: 0.001±0.000ms | inference: 4.494±0.480ms | postprocessing: 0.026±0.003ms | action_pub: 0.121±0.009ms | total: 4.960±0.498ms
2026-09-17 16:23:31.356 | INFO     | holosoma_inference.policies.base:run:963 - RL FPS: 50.00 | read_state: 0.101±0.010ms | preprocessing: 0.001±0.000ms | inference: 4.482±0.587ms | postprocessing: 0.028±0.004ms | action_pub: 0.135±0.032ms | total: 4.981±0.607ms
2026-09-17 16:23:32.354 | INFO     | holosoma_inference.policies.base:run:963 - RL FPS: 50.00 | read_state: 0.109±0.009ms | preprocessing: 0.001±0.000ms | inference: 4.689±1.243ms | postprocessing: 0.032±0.013ms | action_pub: 0.129±0.013ms | total: 5.218±1.278ms
[real_viser] realtime update rate=23.1 Hz target=30.0 Hz
2026-09-17 16:23:33.354 | INFO     | holosoma_inference.policies.base:run:963 - RL FPS: 50.00 | read_state: 0.105±0.006ms | preprocessing: 0.001±0.000ms | inference: 4.316±0.488ms | postprocessing: 0.028±0.004ms | action_pub: 0.129±0.031ms | total: 4.826±0.502ms
2026-09-17 16:23:34.356 | INFO     | holosoma_inference.policies.base:run:963 - RL FPS: 50.00 | read_state: 0.114±0.021ms | preprocessing: 0.001±0.000ms | inference: 4.823±1.151ms | postprocessing: 0.033±0.011ms | action_pub: 0.188±0.372ms | total: 5.469±1.290ms
2026-09-17 16:23:35.357 | INFO     | holosoma_inference.policies.base:run:963 - RL FPS: 50.00 | read_state: 0.111±0.010ms | preprocessing: 0.001±0.000ms | inference: 4.815±1.327ms | postprocessing: 0.035±0.013ms | action_pub: 0.201±0.394ms | total: 5.426±1.457ms
2026-09-17 16:23:36.355 | INFO     | holosoma_inference.policies.base:run:963 - RL FPS: 50.00 | read_state: 0.112±0.012ms | preprocessing: 0.001±0.000ms | inference: 5.164±1.166ms | postprocessing: 0.037±0.015ms | action_pub: 0.142±0.026ms | total: 5.733±1.199ms
2026-09-17 16:23:37.355 | INFO     | holosoma_inference.policies.base:run:963 - RL FPS: 50.00 | read_state: 0.109±0.008ms | preprocessing: 0.001±0.000ms | inference: 4.562±0.651ms | postprocessing: 0.029±0.007ms | action_pub: 0.131±0.020ms | total: 5.087±0.671ms
[real_viser] realtime update rate=22.9 Hz target=30.0 Hz
2026-09-17 16:23:38.354 | INFO     | holosoma_inference.policies.base:run:963 - RL FPS: 50.00 | read_state: 0.105±0.006ms | preprocessing: 0.001±0.000ms | inference: 4.268±0.469ms | postprocessing: 0.027±0.002ms | action_pub: 0.122±0.007ms | total: 4.769±0.474ms
2026-09-17 16:23:39.354 | INFO     | holosoma_inference.policies.base:run:963 - RL FPS: 50.00 | read_state: 0.108±0.008ms | preprocessing: 0.001±0.000ms | inference: 4.393±0.901ms | postprocessing: 0.027±0.005ms | action_pub: 0.125±0.010ms | total: 4.909±0.908ms
2026-09-17 16:23:40.358 | INFO     | holosoma_inference.policies.base:run:963 - RL FPS: 50.00 | read_state: 0.110±0.009ms | preprocessing: 0.001±0.000ms | inference: 4.456±0.609ms | postprocessing: 0.029±0.008ms | action_pub: 0.126±0.010ms | total: 4.983±0.631ms
2026-09-17 16:23:41.354 | INFO     | holosoma_inference.policies.base:run:963 - RL FPS: 50.00 | read_state: 0.109±0.008ms | preprocessing: 0.001±0.000ms | inference: 4.393±0.499ms | postprocessing: 0.030±0.006ms | action_pub: 0.185±0.256ms | total: 4.975±0.673ms
2026-09-17 16:23:42.354 | INFO     | holosoma_inference.policies.base:run:963 - RL FPS: 50.00 | read_state: 0.106±0.008ms | preprocessing: 0.001±0.000ms | inference: 4.381±0.493ms | postprocessing: 0.030±0.007ms | action_pub: 0.129±0.012ms | total: 4.896±0.503ms
2026-09-17 16:23:43.355 | INFO     | holosoma_inference.policies.base:run:963 - RL FPS: 50.00 | read_state: 0.107±0.008ms | preprocessing: 0.001±0.000ms | inference: 4.334±0.473ms | postprocessing: 0.031±0.006ms | action_pub: 0.127±0.008ms | total: 4.850±0.486ms
[real_viser] realtime update rate=23.3 Hz target=30.0 Hz
2026-09-17 16:23:44.357 | INFO     | holosoma_inference.policies.base:run:963 - RL FPS: 50.00 | read_state: 0.108±0.008ms | preprocessing: 0.001±0.000ms | inference: 4.556±0.960ms | postprocessing: 0.034±0.011ms | action_pub: 0.128±0.009ms | total: 5.114±1.060ms
2026-09-17 16:23:45.354 | INFO     | holosoma_inference.policies.base:run:963 - RL FPS: 50.00 | read_state: 0.110±0.008ms | preprocessing: 0.001±0.000ms | inference: 4.861±1.399ms | postprocessing: 0.035±0.014ms | action_pub: 0.143±0.088ms | total: 5.458±1.487ms
2026-09-17 16:23:46.356 | INFO     | holosoma_inference.policies.base:run:963 - RL FPS: 50.00 | read_state: 0.105±0.006ms | preprocessing: 0.001±0.000ms | inference: 4.369±0.490ms | postprocessing: 0.028±0.004ms | action_pub: 0.123±0.007ms | total: 4.865±0.505ms
2026-09-17 16:23:47.355 | INFO     | holosoma_inference.policies.base:run:963 - RL FPS: 50.00 | read_state: 0.113±0.016ms | preprocessing: 0.001±0.000ms | inference: 4.675±0.742ms | postprocessing: 0.031±0.011ms | action_pub: 0.181±0.236ms | total: 5.269±0.811ms
2026-09-17 16:23:48.354 | INFO     | holosoma_inference.policies.base:run:963 - RL FPS: 50.00 | read_state: 0.110±0.006ms | preprocessing: 0.001±0.000ms | inference: 4.773±1.346ms | postprocessing: 0.082±0.354ms | action_pub: 0.182±0.371ms | total: 5.408±1.478ms
[real_viser] realtime update rate=23.2 Hz target=30.0 Hz
2026-09-17 16:23:49.355 | INFO     | holosoma_inference.policies.base:run:963 - RL FPS: 50.00 | read_state: 0.110±0.014ms | preprocessing: 0.001±0.000ms | inference: 4.496±0.713ms | postprocessing: 0.028±0.006ms | action_pub: 0.127±0.027ms | total: 5.015±0.745ms
2026-09-17 16:23:50.354 | INFO     | holosoma_inference.policies.base:run:963 - RL FPS: 50.00 | read_state: 0.106±0.010ms | preprocessing: 0.001±0.000ms | inference: 4.500±1.036ms | postprocessing: 0.028±0.006ms | action_pub: 0.126±0.021ms | total: 5.006±1.052ms
2026-09-17 16:23:50.548 | INFO     | holosoma_inference.policies.wbt:_handle_stop_policy:1370 - Actions set to stiff startup command
2026-09-17 16:23:50.548 | INFO     | holosoma_inference.policies.base:_print_control_status:933 - ------------ Control Status ------------
2026-09-17 16:23:50.549 | INFO     | holosoma_inference.policies.base:_print_control_status:940 - Active policy [1/1]: izz2f2df_model_11000.onnx Kp level 1.00
2026-09-17 16:23:50.549 | INFO     | holosoma_inference.policies.base:_print_control_status:933 - ------------ Control Status ------------
2026-09-17 16:23:50.549 | INFO     | holosoma_inference.policies.base:_print_control_status:940 - Active policy [1/1]: izz2f2df_model_11000.onnx Kp level 1.00
2026-09-17 16:23:52.868 | INFO     | holosoma_inference.policies.base:_handle_init_state:901 - Setting to init state
2026-09-17 16:23:52.869 | INFO     | holosoma_inference.policies.base:_print_control_status:933 - ------------ Control Status ------------
2026-09-17 16:23:52.869 | INFO     | holosoma_inference.policies.base:_print_control_status:940 - Active policy [1/1]: izz2f2df_model_11000.onnx Kp level 1.00
2026-09-17 16:23:52.869 | INFO     | holosoma_inference.policies.base:_print_control_status:933 - ------------ Control Status ------------
2026-09-17 16:23:52.870 | INFO     | holosoma_inference.policies.base:_print_control_status:940 - Active policy [1/1]: izz2f2df_model_11000.onnx Kp level 1.00
[real_viser] realtime update rate=29.2 Hz target=30.0 Hz
[real_viser] realtime update rate=29.3 Hz target=30.0 Hz
[real_viser] realtime update rate=29.2 Hz target=30.0 Hz
[real_viser] realtime update rate=29.1 Hz target=30.0 Hz
[real_viser] realtime update rate=29.2 Hz target=30.0 Hz
[real_viser] realtime update rate=29.1 Hz target=30.0 Hz
[real_viser] realtime update rate=29.3 Hz target=30.0 Hz
[real_viser] realtime update rate=29.3 Hz target=30.0 Hz
