[real_drop] log_dir=/home/unitree/FAR/holosoma/logs/real_drop_20260917_205708
[real_drop] checkpoint=_ckps/izz2f2df_model_11000.onnx
[real_drop] behavior_reference=c416c75ac5bd09c3449336ba3de4b466874ff728
[command_window] cannot open display: no display name and no $DISPLAY environment variable
2026-09-17 20:57:12.540 | INFO     | __main__:run_policy:195 - Starting Policy with Tyro configuration...
2026-09-17 20:57:12.540 | INFO     | __main__:run_policy:196 - Robot: g1_29dof
2026-09-17 20:57:12.540 | INFO     | __main__:run_policy:197 - Observation groups: ['actor_obs_root_contact_aware', 'actor_obs_drop_button', 'actor_obs_proprio_with_actions_no_linvel', 'perception_obs']
2026-09-17 20:57:12.540 | INFO     | __main__:run_policy:198 - RL Rate: 50.0 Hz
2026-09-17 20:57:12.541 | INFO     | __main__:run_policy:199 - Model path: _ckps/izz2f2df_model_11000.onnx
2026-09-17 20:57:12.541 | INFO     | __main__:run_policy:203 - Using WholeBodyTrackingPolicy
2026-09-17 20:57:12.542 | INFO     | holosoma_inference.utils.clock:start:103 - Clock subscriber started, connecting to port 5555
G1-HG type: 5
UnitreeInterface initialized: G1-HG (29 motors, HG messages) on interface: eth0
[DEBUG] LowCommandWriter - No motor command available!
2026-09-17 20:57:12.694 | INFO     | holosoma_inference.policies.wbt:setup_policy:377 - Loaded KP/KD from ONNX metadata: izz2f2df_model_11000.onnx
2026-09-17 20:57:12.695 | INFO     | holosoma_inference.policies.base:_set_policy_action_scales_from_metadata:478 - Using training-aligned per-joint action scales from ONNX metadata: base=0.25 final_min=0.074501 final_max=0.547547 final_mean=0.395021
2026-09-17 20:57:12.696 | INFO     | holosoma_inference.policies.wbt:setup_policy:392 - Using external sparse-root command mode: command comes from zero/manual/joystick input; reference-motion outputs are not used.
2026-09-17 20:57:12.696 | INFO     | holosoma_inference.policies.base:_resolve_control_gains:498 - Using KP/KD from config (override)
2026-09-17 20:57:12.696 | INFO     | holosoma_inference.policies.base:_init_joystick_handler:345 - Using joystick
2026-09-17 20:57:12.697 | INFO     | holosoma_inference.policies.wbt:__init__:230 - 
⚠️  Ready to enter stiff hold mode
2026-09-17 20:57:12.697 | INFO     | holosoma_inference.policies.wbt:__init__:231 - Press Enter to continue...
self.interface_str: eth0
2026-09-17 20:57:13.284 | INFO     | holosoma_inference.policies.wbt:__init__:234 - ✓ Entering stiff hold mode
2026-09-17 20:57:13.285 | INFO     | __main__:run_policy:206 - Policy initialized successfully!
2026-09-17 20:57:13.285 | INFO     | __main__:_print_control_guide:44 - ================================================================================
2026-09-17 20:57:13.285 | INFO     | __main__:_print_control_guide:45 - POLICY CONTROLS
2026-09-17 20:57:13.285 | INFO     | __main__:_print_control_guide:46 - ================================================================================
2026-09-17 20:57:13.286 | INFO     | __main__:_print_control_guide:47 - 
2026-09-17 20:57:13.286 | INFO     | __main__:_print_control_guide:50 - Using JOYSTICK control mode
2026-09-17 20:57:13.286 | INFO     | __main__:_print_control_guide:51 - 
2026-09-17 20:57:13.286 | INFO     | __main__:_print_control_guide:52 - General Controls:
2026-09-17 20:57:13.286 | INFO     | __main__:_print_control_guide:53 -   A button       - Start the policy
2026-09-17 20:57:13.286 | INFO     | __main__:_print_control_guide:54 -   B button       - Stop the policy
2026-09-17 20:57:13.286 | INFO     | __main__:_print_control_guide:55 -   Y button       - Set robot to default pose
2026-09-17 20:57:13.286 | INFO     | __main__:_print_control_guide:56 -   L1+R1 (LB+RB)  - Kill controller program
2026-09-17 20:57:13.287 | INFO     | __main__:_print_control_guide:73 - 
2026-09-17 20:57:13.287 | INFO     | __main__:_print_control_guide:74 - Whole-Body Tracking Controls:
2026-09-17 20:57:13.287 | INFO     | __main__:_print_control_guide:75 -   Start button   - Start motion clip
2026-09-17 20:57:13.287 | INFO     | __main__:_print_control_guide:77 -   X button       - Toggle drop button command
2026-09-17 20:57:13.287 | INFO     | __main__:_print_control_guide:78 -   Left stick     - Relative sparse root XY command
2026-09-17 20:57:13.287 | INFO     | __main__:_print_control_guide:79 -   Right stick X  - Relative sparse root yaw command
2026-09-17 20:57:13.287 | INFO     | __main__:_print_control_guide:137 - 
2026-09-17 20:57:13.287 | INFO     | __main__:_print_control_guide:138 - MuJoCo Simulator Controls (ONLY in MuJoCo window, NOT this terminal!):
2026-09-17 20:57:13.287 | INFO     | __main__:_print_control_guide:139 -   7/8        - Decrease/increase elastic band length
2026-09-17 20:57:13.287 | INFO     | __main__:_print_control_guide:140 -   9          - Toggle elastic band enable/disable
2026-09-17 20:57:13.288 | INFO     | __main__:_print_control_guide:141 -   BACKSPACE  - Reset simulation
2026-09-17 20:57:13.288 | INFO     | __main__:_print_control_guide:143 - 
2026-09-17 20:57:13.288 | INFO     | __main__:_print_control_guide:144 - ================================================================================
2026-09-17 20:57:13.288 | INFO     | __main__:_print_control_guide:145 - Press the appropriate button/key to begin!
2026-09-17 20:57:13.288 | INFO     | __main__:_print_control_guide:146 - ================================================================================
2026-09-17 20:57:13.288 | INFO     | __main__:_print_control_guide:147 - 
2026-09-17 20:57:56.209 | INFO     | holosoma_inference.policies.base:_handle_start_policy:884 - Using policy actions
2026-09-17 20:57:56.211 | INFO     | holosoma_inference.policies.wbt:_capture_robot_yaw_offset:1443 - Robot yaw offset captured at 115.8 deg
2026-09-17 20:57:56.211 | INFO     | holosoma_inference.policies.wbt:_capture_motion_yaw_offset:1448 - Motion yaw offset captured at 0.0 deg
2026-09-17 20:57:56.212 | INFO     | holosoma_inference.policies.base:_print_control_status:933 - ------------ Control Status ------------
2026-09-17 20:57:56.212 | INFO     | holosoma_inference.policies.base:_print_control_status:940 - Active policy [1/1]: izz2f2df_model_11000.onnx Kp level 1.00
2026-09-17 20:57:56.213 | INFO     | holosoma_inference.policies.base:_print_control_status:933 - ------------ Control Status ------------
2026-09-17 20:57:56.213 | INFO     | holosoma_inference.policies.base:_print_control_status:940 - Active policy [1/1]: izz2f2df_model_11000.onnx Kp level 1.00
2026-09-17 20:57:56.216 | INFO     | holosoma_inference.policies.wbt:_get_depth_image_obs:1022 - [WBT] Depth shared memory attached: shape=(1, 1, 58, 87)
2026-09-17 20:57:56.297 | INFO     | holosoma_inference.policies.base:run:963 - RL FPS: 50.00 | read_state: 0.207±0.019ms | preprocessing: 0.019±0.006ms | inference: 5.635±1.764ms | postprocessing: 0.029±0.004ms | action_pub: 0.281±0.045ms | total: 1.579±2.148ms
2026-09-17 20:57:57.306 | INFO     | holosoma_inference.policies.base:run:963 - RL FPS: 50.00 | read_state: 0.124±0.020ms | preprocessing: 0.002±0.000ms | inference: 5.042±1.849ms | postprocessing: 0.026±0.004ms | action_pub: 0.129±0.013ms | total: 5.619±1.887ms
2026-09-17 20:57:58.296 | INFO     | holosoma_inference.policies.base:run:963 - RL FPS: 50.00 | read_state: 0.125±0.020ms | preprocessing: 0.002±0.000ms | inference: 4.533±0.557ms | postprocessing: 0.027±0.005ms | action_pub: 0.148±0.086ms | total: 5.132±0.614ms
2026-09-17 20:57:59.296 | INFO     | holosoma_inference.policies.base:run:963 - RL FPS: 50.00 | read_state: 0.124±0.015ms | preprocessing: 0.001±0.000ms | inference: 4.382±0.487ms | postprocessing: 0.029±0.012ms | action_pub: 0.130±0.017ms | total: 4.971±0.531ms
2026-09-17 20:58:00.297 | INFO     | holosoma_inference.policies.base:run:963 - RL FPS: 50.00 | read_state: 0.125±0.014ms | preprocessing: 0.001±0.000ms | inference: 4.406±0.475ms | postprocessing: 0.030±0.011ms | action_pub: 0.131±0.017ms | total: 5.000±0.513ms
2026-09-17 20:58:01.296 | INFO     | holosoma_inference.policies.base:run:963 - RL FPS: 50.00 | read_state: 0.123±0.014ms | preprocessing: 0.001±0.000ms | inference: 4.592±0.937ms | postprocessing: 0.029±0.011ms | action_pub: 0.137±0.050ms | total: 5.183±0.958ms
2026-09-17 20:58:02.296 | INFO     | holosoma_inference.policies.base:run:963 - RL FPS: 50.00 | read_state: 0.124±0.016ms | preprocessing: 0.001±0.000ms | inference: 4.443±0.490ms | postprocessing: 0.029±0.009ms | action_pub: 0.132±0.019ms | total: 5.027±0.528ms
2026-09-17 20:58:03.297 | INFO     | holosoma_inference.policies.base:run:963 - RL FPS: 50.00 | read_state: 0.118±0.017ms | preprocessing: 0.001±0.000ms | inference: 4.346±0.489ms | postprocessing: 0.025±0.003ms | action_pub: 0.126±0.012ms | total: 4.899±0.522ms
2026-09-17 20:58:04.296 | INFO     | holosoma_inference.policies.base:run:963 - RL FPS: 50.00 | read_state: 0.117±0.016ms | preprocessing: 0.001±0.000ms | inference: 4.334±0.512ms | postprocessing: 0.026±0.004ms | action_pub: 0.125±0.010ms | total: 4.885±0.529ms
2026-09-17 20:58:05.296 | INFO     | holosoma_inference.policies.base:run:963 - RL FPS: 50.00 | read_state: 0.111±0.012ms | preprocessing: 0.001±0.000ms | inference: 4.603±0.443ms | postprocessing: 0.026±0.001ms | action_pub: 0.125±0.008ms | total: 5.129±0.460ms
2026-09-17 20:58:05.709 | INFO     | holosoma_inference.policies.wbt:_handle_drop_button_joystick_command:1368 - Drop button command: 1
2026-09-17 20:58:05.709 | INFO     | holosoma_inference.policies.base:_print_control_status:933 - ------------ Control Status ------------
2026-09-17 20:58:05.710 | INFO     | holosoma_inference.policies.base:_print_control_status:940 - Active policy [1/1]: izz2f2df_model_11000.onnx Kp level 1.00
2026-09-17 20:58:05.710 | INFO     | holosoma_inference.policies.base:_print_control_status:933 - ------------ Control Status ------------
2026-09-17 20:58:05.710 | INFO     | holosoma_inference.policies.base:_print_control_status:940 - Active policy [1/1]: izz2f2df_model_11000.onnx Kp level 1.00
2026-09-17 20:58:06.298 | INFO     | holosoma_inference.policies.base:run:963 - RL FPS: 50.00 | read_state: 0.122±0.022ms | preprocessing: 0.001±0.000ms | inference: 4.563±0.525ms | postprocessing: 0.027±0.005ms | action_pub: 0.130±0.014ms | total: 5.138±0.542ms
2026-09-17 20:58:07.296 | INFO     | holosoma_inference.policies.base:run:963 - RL FPS: 50.00 | read_state: 0.122±0.023ms | preprocessing: 0.001±0.000ms | inference: 4.942±1.881ms | postprocessing: 0.028±0.007ms | action_pub: 0.134±0.021ms | total: 5.522±1.884ms
2026-09-17 20:58:08.296 | INFO     | holosoma_inference.policies.base:run:963 - RL FPS: 50.00 | read_state: 0.123±0.021ms | preprocessing: 0.001±0.000ms | inference: 4.779±0.747ms | postprocessing: 0.029±0.009ms | action_pub: 0.134±0.019ms | total: 5.368±0.762ms
2026-09-17 20:58:09.301 | INFO     | holosoma_inference.policies.base:run:963 - RL FPS: 50.00 | read_state: 0.121±0.025ms | preprocessing: 0.002±0.000ms | inference: 4.962±1.516ms | postprocessing: 0.026±0.003ms | action_pub: 0.132±0.013ms | total: 5.535±1.510ms
2026-09-17 20:58:10.295 | INFO     | holosoma_inference.policies.base:run:963 - RL FPS: 50.00 | read_state: 0.122±0.018ms | preprocessing: 0.001±0.000ms | inference: 4.409±0.475ms | postprocessing: 0.026±0.001ms | action_pub: 0.131±0.010ms | total: 4.984±0.505ms
2026-09-17 20:58:11.296 | INFO     | holosoma_inference.policies.base:run:963 - RL FPS: 50.00 | read_state: 0.116±0.025ms | preprocessing: 0.001±0.000ms | inference: 4.412±0.519ms | postprocessing: 0.028±0.009ms | action_pub: 0.131±0.017ms | total: 4.967±0.559ms
2026-09-17 20:58:12.296 | INFO     | holosoma_inference.policies.base:run:963 - RL FPS: 50.00 | read_state: 0.114±0.025ms | preprocessing: 0.001±0.000ms | inference: 4.474±0.517ms | postprocessing: 0.029±0.009ms | action_pub: 0.132±0.022ms | total: 5.021±0.557ms
2026-09-17 20:58:12.609 | INFO     | holosoma_inference.policies.base:_handle_init_state:901 - Setting to init state
2026-09-17 20:58:12.609 | INFO     | holosoma_inference.policies.base:_print_control_status:933 - ------------ Control Status ------------
2026-09-17 20:58:12.610 | INFO     | holosoma_inference.policies.base:_print_control_status:940 - Active policy [1/1]: izz2f2df_model_11000.onnx Kp level 1.00
2026-09-17 20:58:12.610 | INFO     | holosoma_inference.policies.base:_print_control_status:933 - ------------ Control Status ------------
2026-09-17 20:58:12.610 | INFO     | holosoma_inference.policies.base:_print_control_status:940 - Active policy [1/1]: izz2f2df_model_11000.onnx Kp level 1.00
2026-09-17 20:58:13.295 | INFO     | holosoma_inference.policies.base:run:963 - RL FPS: 50.51 | read_state: 0.177±0.063ms | preprocessing: 0.061±0.044ms | inference: 4.385±0.506ms | postprocessing: 0.029±0.007ms | action_pub: 0.191±0.065ms | total: 2.095±1.839ms
2026-09-17 20:58:14.189 | INFO     | holosoma_inference.policies.base:_handle_init_state:901 - Setting to init state
2026-09-17 20:58:14.190 | INFO     | holosoma_inference.policies.base:_print_control_status:933 - ------------ Control Status ------------
2026-09-17 20:58:14.190 | INFO     | holosoma_inference.policies.base:_print_control_status:940 - Active policy [1/1]: izz2f2df_model_11000.onnx Kp level 1.00
2026-09-17 20:58:14.191 | INFO     | holosoma_inference.policies.base:_print_control_status:933 - ------------ Control Status ------------
2026-09-17 20:58:14.191 | INFO     | holosoma_inference.policies.base:_print_control_status:940 - Active policy [1/1]: izz2f2df_model_11000.onnx Kp level 1.00
2026-09-17 20:58:14.296 | INFO     | holosoma_inference.policies.base:run:963 - RL FPS: 50.00 | read_state: 0.233±0.059ms | preprocessing: 0.097±0.040ms | inference: 4.385±0.506ms | postprocessing: 0.039±0.023ms | action_pub: 0.268±0.056ms | total: 1.085±0.372ms
2026-09-17 20:58:15.295 | INFO     | holosoma_inference.policies.base:run:963 - RL FPS: 50.00 | read_state: 0.234±0.054ms | preprocessing: 0.092±0.014ms | inference: 4.385±0.506ms | postprocessing: 0.035±0.002ms | action_pub: 0.261±0.041ms | total: 1.056±0.087ms
2026-09-17 20:58:16.295 | INFO     | holosoma_inference.policies.base:run:963 - RL FPS: 50.00 | read_state: 0.229±0.039ms | preprocessing: 0.097±0.025ms | inference: 4.385±0.506ms | postprocessing: 0.038±0.012ms | action_pub: 0.264±0.047ms | total: 1.079±0.114ms
2026-09-17 20:58:17.293 | INFO     | holosoma_inference.policies.base:run:963 - RL FPS: 50.00 | read_state: 0.216±0.035ms | preprocessing: 0.087±0.010ms | inference: 4.385±0.506ms | postprocessing: 0.035±0.004ms | action_pub: 0.237±0.037ms | total: 1.017±0.131ms
2026-09-17 20:58:18.295 | INFO     | holosoma_inference.policies.base:run:963 - RL FPS: 50.00 | read_state: 0.220±0.015ms | preprocessing: 0.090±0.006ms | inference: 4.385±0.506ms | postprocessing: 0.036±0.002ms | action_pub: 0.248±0.014ms | total: 1.043±0.067ms
2026-09-17 20:58:19.295 | INFO     | holosoma_inference.policies.base:run:963 - RL FPS: 50.00 | read_state: 0.219±0.012ms | preprocessing: 0.089±0.005ms | inference: 4.385±0.506ms | postprocessing: 0.036±0.002ms | action_pub: 0.247±0.009ms | total: 1.033±0.055ms
2026-09-17 20:58:20.295 | INFO     | holosoma_inference.policies.base:run:963 - RL FPS: 50.00 | read_state: 0.220±0.013ms | preprocessing: 0.090±0.005ms | inference: 4.385±0.506ms | postprocessing: 0.036±0.002ms | action_pub: 0.249±0.011ms | total: 1.041±0.060ms
2026-09-17 20:58:21.295 | INFO     | holosoma_inference.policies.base:run:963 - RL FPS: 50.00 | read_state: 0.221±0.014ms | preprocessing: 0.090±0.006ms | inference: 4.385±0.506ms | postprocessing: 0.036±0.002ms | action_pub: 0.261±0.046ms | total: 1.056±0.082ms
2026-09-17 20:58:22.294 | INFO     | holosoma_inference.policies.base:run:963 - RL FPS: 50.00 | read_state: 0.218±0.066ms | preprocessing: 0.086±0.010ms | inference: 4.385±0.506ms | postprocessing: 0.034±0.005ms | action_pub: 0.233±0.043ms | total: 1.005±0.154ms
2026-09-17 20:58:23.295 | INFO     | holosoma_inference.policies.base:run:963 - RL FPS: 50.00 | read_state: 0.225±0.024ms | preprocessing: 0.093±0.026ms | inference: 4.385±0.506ms | postprocessing: 0.036±0.002ms | action_pub: 0.250±0.020ms | total: 1.060±0.082ms
2026-09-17 20:58:24.297 | INFO     | holosoma_inference.policies.base:run:963 - RL FPS: 50.00 | read_state: 0.234±0.039ms | preprocessing: 0.093±0.018ms | inference: 4.385±0.506ms | postprocessing: 0.037±0.008ms | action_pub: 0.262±0.042ms | total: 1.086±0.118ms
2026-09-17 20:58:25.295 | INFO     | holosoma_inference.policies.base:run:963 - RL FPS: 50.00 | read_state: 0.234±0.040ms | preprocessing: 0.093±0.018ms | inference: 4.385±0.506ms | postprocessing: 0.038±0.015ms | action_pub: 0.268±0.054ms | total: 1.103±0.111ms
2026-09-17 20:58:26.295 | INFO     | holosoma_inference.policies.base:run:963 - RL FPS: 50.00 | read_state: 0.224±0.020ms | preprocessing: 0.089±0.005ms | inference: 4.385±0.506ms | postprocessing: 0.035±0.003ms | action_pub: 0.268±0.055ms | total: 1.085±0.108ms
2026-09-17 20:58:27.293 | INFO     | holosoma_inference.policies.base:run:963 - RL FPS: 50.00 | read_state: 0.217±0.038ms | preprocessing: 0.089±0.019ms | inference: 4.385±0.506ms | postprocessing: 0.035±0.014ms | action_pub: 0.244±0.046ms | total: 1.025±0.147ms
2026-09-17 20:58:28.296 | INFO     | holosoma_inference.policies.base:run:963 - RL FPS: 50.00 | read_state: 0.236±0.045ms | preprocessing: 0.096±0.034ms | inference: 4.385±0.506ms | postprocessing: 0.040±0.024ms | action_pub: 0.291±0.074ms | total: 1.124±0.152ms
2026-09-17 20:58:29.295 | INFO     | holosoma_inference.policies.base:run:963 - RL FPS: 50.00 | read_state: 0.211±0.024ms | preprocessing: 0.085±0.007ms | inference: 4.385±0.506ms | postprocessing: 0.033±0.003ms | action_pub: 0.258±0.056ms | total: 1.018±0.154ms
2026-09-17 20:58:30.295 | INFO     | holosoma_inference.policies.base:run:963 - RL FPS: 50.00 | read_state: 0.212±0.031ms | preprocessing: 0.085±0.009ms | inference: 4.385±0.506ms | postprocessing: 0.033±0.004ms | action_pub: 0.248±0.030ms | total: 0.996±0.119ms
2026-09-17 20:58:31.295 | INFO     | holosoma_inference.policies.base:run:963 - RL FPS: 50.00 | read_state: 0.215±0.022ms | preprocessing: 0.085±0.007ms | inference: 4.385±0.506ms | postprocessing: 0.033±0.003ms | action_pub: 0.246±0.018ms | total: 1.005±0.089ms
2026-09-17 20:58:32.293 | INFO     | holosoma_inference.policies.base:run:963 - RL FPS: 50.00 | read_state: 0.215±0.049ms | preprocessing: 0.086±0.021ms | inference: 4.385±0.506ms | postprocessing: 0.034±0.009ms | action_pub: 0.268±0.083ms | total: 1.044±0.211ms
2026-09-17 20:58:33.295 | INFO     | holosoma_inference.policies.base:run:963 - RL FPS: 50.00 | read_state: 0.214±0.020ms | preprocessing: 0.087±0.006ms | inference: 4.385±0.506ms | postprocessing: 0.035±0.004ms | action_pub: 0.248±0.035ms | total: 1.012±0.104ms
2026-09-17 20:58:34.295 | INFO     | holosoma_inference.policies.base:run:963 - RL FPS: 50.00 | read_state: 0.218±0.013ms | preprocessing: 0.087±0.005ms | inference: 4.385±0.506ms | postprocessing: 0.036±0.002ms | action_pub: 0.250±0.008ms | total: 1.026±0.065ms
2026-09-17 20:58:35.295 | INFO     | holosoma_inference.policies.base:run:963 - RL FPS: 50.00 | read_state: 0.218±0.015ms | preprocessing: 0.086±0.006ms | inference: 4.385±0.506ms | postprocessing: 0.035±0.002ms | action_pub: 0.246±0.015ms | total: 1.025±0.069ms
2026-09-17 20:58:36.294 | INFO     | holosoma_inference.policies.base:run:963 - RL FPS: 50.00 | read_state: 0.210±0.015ms | preprocessing: 0.085±0.006ms | inference: 4.385±0.506ms | postprocessing: 0.034±0.003ms | action_pub: 0.238±0.020ms | total: 0.993±0.076ms
2026-09-17 20:58:37.295 | INFO     | holosoma_inference.policies.base:run:963 - RL FPS: 50.00 | read_state: 0.216±0.023ms | preprocessing: 0.087±0.008ms | inference: 4.385±0.506ms | postprocessing: 0.035±0.004ms | action_pub: 0.242±0.030ms | total: 1.026±0.104ms
2026-09-17 20:58:38.295 | INFO     | holosoma_inference.policies.base:run:963 - RL FPS: 50.00 | read_state: 0.215±0.019ms | preprocessing: 0.084±0.009ms | inference: 4.385±0.506ms | postprocessing: 0.034±0.003ms | action_pub: 0.247±0.014ms | total: 1.009±0.099ms
2026-09-17 20:58:39.295 | INFO     | holosoma_inference.policies.base:run:963 - RL FPS: 50.00 | read_state: 0.218±0.020ms | preprocessing: 0.085±0.007ms | inference: 4.385±0.506ms | postprocessing: 0.035±0.005ms | action_pub: 0.244±0.020ms | total: 1.022±0.099ms
2026-09-17 20:58:40.294 | INFO     | holosoma_inference.policies.base:run:963 - RL FPS: 50.00 | read_state: 0.214±0.018ms | preprocessing: 0.085±0.007ms | inference: 4.385±0.506ms | postprocessing: 0.034±0.003ms | action_pub: 0.239±0.020ms | total: 1.011±0.090ms
2026-09-17 20:58:41.294 | INFO     | holosoma_inference.policies.base:run:963 - RL FPS: 50.00 | read_state: 0.217±0.016ms | preprocessing: 0.086±0.005ms | inference: 4.385±0.506ms | postprocessing: 0.035±0.002ms | action_pub: 0.243±0.021ms | total: 1.026±0.075ms
2026-09-17 20:58:42.293 | INFO     | holosoma_inference.policies.base:run:963 - RL FPS: 50.00 | read_state: 0.212±0.025ms | preprocessing: 0.084±0.008ms | inference: 4.385±0.506ms | postprocessing: 0.034±0.004ms | action_pub: 0.233±0.035ms | total: 1.001±0.112ms
2026-09-17 20:58:43.295 | INFO     | holosoma_inference.policies.base:run:963 - RL FPS: 50.00 | read_state: 0.219±0.015ms | preprocessing: 0.088±0.006ms | inference: 4.385±0.506ms | postprocessing: 0.036±0.003ms | action_pub: 0.246±0.021ms | total: 1.031±0.072ms
2026-09-17 20:58:44.295 | INFO     | holosoma_inference.policies.base:run:963 - RL FPS: 50.00 | read_state: 0.225±0.009ms | preprocessing: 0.091±0.003ms | inference: 4.385±0.506ms | postprocessing: 0.037±0.002ms | action_pub: 0.258±0.007ms | total: 1.059±0.045ms
2026-09-17 20:58:45.294 | INFO     | holosoma_inference.policies.base:run:963 - RL FPS: 50.00 | read_state: 0.222±0.010ms | preprocessing: 0.089±0.003ms | inference: 4.385±0.506ms | postprocessing: 0.036±0.002ms | action_pub: 0.251±0.012ms | total: 1.047±0.045ms
2026-09-17 20:58:46.294 | INFO     | holosoma_inference.policies.base:run:963 - RL FPS: 50.00 | read_state: 0.213±0.019ms | preprocessing: 0.085±0.006ms | inference: 4.385±0.506ms | postprocessing: 0.034±0.003ms | action_pub: 0.235±0.028ms | total: 1.004±0.087ms
2026-09-17 20:58:47.294 | INFO     | holosoma_inference.policies.base:run:963 - RL FPS: 50.00 | read_state: 0.217±0.024ms | preprocessing: 0.087±0.008ms | inference: 4.385±0.506ms | postprocessing: 0.035±0.004ms | action_pub: 0.242±0.034ms | total: 1.025±0.109ms
2026-09-17 20:58:48.295 | INFO     | holosoma_inference.policies.base:run:963 - RL FPS: 50.00 | read_state: 0.212±0.013ms | preprocessing: 0.084±0.004ms | inference: 4.385±0.506ms | postprocessing: 0.034±0.002ms | action_pub: 0.238±0.020ms | total: 0.996±0.059ms
2026-09-17 20:58:49.294 | INFO     | holosoma_inference.policies.base:run:963 - RL FPS: 50.00 | read_state: 0.209±0.014ms | preprocessing: 0.083±0.005ms | inference: 4.385±0.506ms | postprocessing: 0.034±0.002ms | action_pub: 0.236±0.021ms | total: 0.983±0.066ms
2026-09-17 20:58:50.295 | INFO     | holosoma_inference.policies.base:run:963 - RL FPS: 50.00 | read_state: 0.222±0.009ms | preprocessing: 0.089±0.003ms | inference: 4.385±0.506ms | postprocessing: 0.036±0.002ms | action_pub: 0.252±0.013ms | total: 1.043±0.045ms
2026-09-17 20:58:51.294 | INFO     | holosoma_inference.policies.base:run:963 - RL FPS: 50.00 | read_state: 0.213±0.017ms | preprocessing: 0.085±0.007ms | inference: 4.385±0.506ms | postprocessing: 0.034±0.004ms | action_pub: 0.241±0.021ms | total: 0.986±0.086ms
2026-09-17 20:58:52.293 | INFO     | holosoma_inference.policies.base:run:963 - RL FPS: 50.00 | read_state: 0.214±0.018ms | preprocessing: 0.088±0.006ms | inference: 4.385±0.506ms | postprocessing: 0.036±0.003ms | action_pub: 0.245±0.030ms | total: 1.017±0.080ms
2026-09-17 20:58:53.294 | INFO     | holosoma_inference.policies.base:run:963 - RL FPS: 50.00 | read_state: 0.208±0.012ms | preprocessing: 0.083±0.004ms | inference: 4.385±0.506ms | postprocessing: 0.034±0.002ms | action_pub: 0.232±0.021ms | total: 0.976±0.058ms
2026-09-17 20:58:54.294 | INFO     | holosoma_inference.policies.base:run:963 - RL FPS: 50.00 | read_state: 0.211±0.012ms | preprocessing: 0.084±0.004ms | inference: 4.385±0.506ms | postprocessing: 0.034±0.002ms | action_pub: 0.236±0.017ms | total: 0.990±0.053ms
2026-09-17 20:58:55.295 | INFO     | holosoma_inference.policies.base:run:963 - RL FPS: 50.00 | read_state: 0.208±0.020ms | preprocessing: 0.082±0.005ms | inference: 4.385±0.506ms | postprocessing: 0.033±0.002ms | action_pub: 0.237±0.011ms | total: 0.960±0.068ms
2026-09-17 20:58:56.295 | INFO     | holosoma_inference.policies.base:run:963 - RL FPS: 50.00 | read_state: 0.211±0.014ms | preprocessing: 0.084±0.005ms | inference: 4.385±0.506ms | postprocessing: 0.033±0.002ms | action_pub: 0.242±0.012ms | total: 0.984±0.063ms
2026-09-17 20:58:57.292 | INFO     | holosoma_inference.policies.base:run:963 - RL FPS: 50.00 | read_state: 0.208±0.027ms | preprocessing: 0.083±0.008ms | inference: 4.385±0.506ms | postprocessing: 0.033±0.004ms | action_pub: 0.234±0.038ms | total: 0.979±0.118ms
2026-09-17 20:58:58.294 | INFO     | holosoma_inference.policies.base:run:963 - RL FPS: 50.00 | read_state: 0.220±0.017ms | preprocessing: 0.085±0.005ms | inference: 4.385±0.506ms | postprocessing: 0.034±0.003ms | action_pub: 0.246±0.019ms | total: 1.014±0.069ms
2026-09-17 20:58:59.294 | INFO     | holosoma_inference.policies.base:run:963 - RL FPS: 50.00 | read_state: 0.205±0.011ms | preprocessing: 0.082±0.004ms | inference: 4.385±0.506ms | postprocessing: 0.033±0.002ms | action_pub: 0.230±0.018ms | total: 0.959±0.054ms
2026-09-17 20:59:00.294 | INFO     | holosoma_inference.policies.base:run:963 - RL FPS: 50.00 | read_state: 0.203±0.012ms | preprocessing: 0.082±0.004ms | inference: 4.385±0.506ms | postprocessing: 0.033±0.002ms | action_pub: 0.231±0.016ms | total: 0.952±0.057ms
2026-09-17 20:59:01.294 | INFO     | holosoma_inference.policies.base:run:963 - RL FPS: 50.00 | read_state: 0.204±0.012ms | preprocessing: 0.082±0.004ms | inference: 4.385±0.506ms | postprocessing: 0.034±0.004ms | action_pub: 0.230±0.017ms | total: 0.955±0.056ms
2026-09-17 20:59:02.293 | INFO     | holosoma_inference.policies.base:run:963 - RL FPS: 50.00 | read_state: 0.196±0.026ms | preprocessing: 0.078±0.009ms | inference: 4.385±0.506ms | postprocessing: 0.032±0.004ms | action_pub: 0.225±0.033ms | total: 0.910±0.119ms
2026-09-17 20:59:03.294 | INFO     | holosoma_inference.policies.base:run:963 - RL FPS: 50.00 | read_state: 0.203±0.018ms | preprocessing: 0.081±0.006ms | inference: 4.385±0.506ms | postprocessing: 0.033±0.003ms | action_pub: 0.236±0.024ms | total: 0.956±0.088ms
2026-09-17 20:59:04.295 | INFO     | holosoma_inference.policies.base:run:963 - RL FPS: 50.00 | read_state: 0.214±0.017ms | preprocessing: 0.085±0.007ms | inference: 4.385±0.506ms | postprocessing: 0.035±0.005ms | action_pub: 0.241±0.020ms | total: 1.004±0.080ms
2026-09-17 20:59:05.294 | INFO     | holosoma_inference.policies.base:run:963 - RL FPS: 50.00 | read_state: 0.218±0.017ms | preprocessing: 0.086±0.006ms | inference: 4.385±0.506ms | postprocessing: 0.035±0.003ms | action_pub: 0.244±0.020ms | total: 1.022±0.076ms
2026-09-17 20:59:06.294 | INFO     | holosoma_inference.policies.base:run:963 - RL FPS: 50.00 | read_state: 0.214±0.017ms | preprocessing: 0.086±0.006ms | inference: 4.385±0.506ms | postprocessing: 0.035±0.002ms | action_pub: 0.239±0.022ms | total: 1.006±0.074ms
2026-09-17 20:59:07.294 | INFO     | holosoma_inference.policies.base:run:963 - RL FPS: 50.00 | read_state: 0.208±0.021ms | preprocessing: 0.084±0.008ms | inference: 4.385±0.506ms | postprocessing: 0.034±0.003ms | action_pub: 0.234±0.031ms | total: 0.985±0.097ms
2026-09-17 20:59:08.295 | INFO     | holosoma_inference.policies.base:run:963 - RL FPS: 50.00 | read_state: 0.206±0.016ms | preprocessing: 0.082±0.006ms | inference: 4.385±0.506ms | postprocessing: 0.033±0.003ms | action_pub: 0.233±0.021ms | total: 0.967±0.076ms
2026-09-17 20:59:09.294 | INFO     | holosoma_inference.policies.base:run:963 - RL FPS: 50.00 | read_state: 0.217±0.012ms | preprocessing: 0.087±0.004ms | inference: 4.385±0.506ms | postprocessing: 0.035±0.002ms | action_pub: 0.244±0.018ms | total: 1.022±0.059ms
2026-09-17 20:59:10.294 | INFO     | holosoma_inference.policies.base:run:963 - RL FPS: 50.00 | read_state: 0.216±0.018ms | preprocessing: 0.085±0.006ms | inference: 4.385±0.506ms | postprocessing: 0.035±0.003ms | action_pub: 0.239±0.025ms | total: 1.018±0.084ms
2026-09-17 20:59:11.295 | INFO     | holosoma_inference.policies.base:run:963 - RL FPS: 50.00 | read_state: 0.220±0.015ms | preprocessing: 0.086±0.007ms | inference: 4.385±0.506ms | postprocessing: 0.035±0.002ms | action_pub: 0.248±0.017ms | total: 1.034±0.068ms
2026-09-17 20:59:12.294 | INFO     | holosoma_inference.policies.base:run:963 - RL FPS: 50.00 | read_state: 0.217±0.027ms | preprocessing: 0.085±0.010ms | inference: 4.385±0.506ms | postprocessing: 0.034±0.004ms | action_pub: 0.241±0.032ms | total: 1.018±0.124ms
2026-09-17 20:59:13.295 | INFO     | holosoma_inference.policies.base:run:963 - RL FPS: 50.00 | read_state: 0.214±0.018ms | preprocessing: 0.085±0.006ms | inference: 4.385±0.506ms | postprocessing: 0.035±0.003ms | action_pub: 0.237±0.025ms | total: 1.008±0.076ms
2026-09-17 20:59:14.295 | INFO     | holosoma_inference.policies.base:run:963 - RL FPS: 50.00 | read_state: 0.213±0.014ms | preprocessing: 0.085±0.005ms | inference: 4.385±0.506ms | postprocessing: 0.035±0.002ms | action_pub: 0.237±0.022ms | total: 1.004±0.064ms
2026-09-17 20:59:15.295 | INFO     | holosoma_inference.policies.base:run:963 - RL FPS: 50.00 | read_state: 0.213±0.019ms | preprocessing: 0.084±0.005ms | inference: 4.385±0.506ms | postprocessing: 0.034±0.003ms | action_pub: 0.235±0.023ms | total: 0.994±0.077ms
2026-09-17 20:59:16.294 | INFO     | holosoma_inference.policies.base:run:963 - RL FPS: 50.00 | read_state: 0.212±0.015ms | preprocessing: 0.085±0.005ms | inference: 4.385±0.506ms | postprocessing: 0.035±0.002ms | action_pub: 0.238±0.021ms | total: 1.001±0.068ms
2026-09-17 20:59:17.294 | INFO     | holosoma_inference.policies.base:run:963 - RL FPS: 50.00 | read_state: 0.214±0.017ms | preprocessing: 0.085±0.005ms | inference: 4.385±0.506ms | postprocessing: 0.035±0.003ms | action_pub: 0.238±0.024ms | total: 1.005±0.080ms
2026-09-17 20:59:18.295 | INFO     | holosoma_inference.policies.base:run:963 - RL FPS: 50.00 | read_state: 0.234±0.046ms | preprocessing: 0.097±0.042ms | inference: 4.385±0.506ms | postprocessing: 0.035±0.004ms | action_pub: 0.288±0.086ms | total: 1.136±0.199ms
2026-09-17 20:59:19.297 | INFO     | holosoma_inference.policies.base:run:963 - RL FPS: 50.00 | read_state: 0.224±0.035ms | preprocessing: 0.093±0.039ms | inference: 4.385±0.506ms | postprocessing: 0.038±0.017ms | action_pub: 0.268±0.056ms | total: 1.083±0.192ms
2026-09-17 20:59:20.296 | INFO     | holosoma_inference.policies.base:run:963 - RL FPS: 50.00 | read_state: 0.214±0.030ms | preprocessing: 0.085±0.015ms | inference: 4.385±0.506ms | postprocessing: 0.034±0.004ms | action_pub: 0.251±0.050ms | total: 1.010±0.144ms
2026-09-17 20:59:21.296 | INFO     | holosoma_inference.policies.base:run:963 - RL FPS: 50.00 | read_state: 0.233±0.059ms | preprocessing: 0.087±0.013ms | inference: 4.385±0.506ms | postprocessing: 0.034±0.003ms | action_pub: 0.273±0.061ms | total: 1.081±0.179ms
2026-09-17 20:59:22.292 | INFO     | holosoma_inference.policies.base:run:963 - RL FPS: 50.00 | read_state: 0.210±0.035ms | preprocessing: 0.088±0.024ms | inference: 4.385±0.506ms | postprocessing: 0.034±0.009ms | action_pub: 0.260±0.067ms | total: 1.027±0.199ms
2026-09-17 20:59:23.295 | INFO     | holosoma_inference.policies.base:run:963 - RL FPS: 50.00 | read_state: 0.214±0.029ms | preprocessing: 0.094±0.030ms | inference: 4.385±0.506ms | postprocessing: 0.035±0.013ms | action_pub: 0.262±0.062ms | total: 1.042±0.171ms
2026-09-17 20:59:24.296 | INFO     | holosoma_inference.policies.base:run:963 - RL FPS: 50.00 | read_state: 0.239±0.062ms | preprocessing: 0.090±0.024ms | inference: 4.385±0.506ms | postprocessing: 0.036±0.017ms | action_pub: 0.266±0.045ms | total: 1.084±0.158ms
2026-09-17 20:59:25.296 | INFO     | holosoma_inference.policies.base:run:963 - RL FPS: 50.00 | read_state: 0.232±0.054ms | preprocessing: 0.091±0.021ms | inference: 4.385±0.506ms | postprocessing: 0.034±0.003ms | action_pub: 0.250±0.034ms | total: 1.048±0.108ms
2026-09-17 20:59:26.295 | INFO     | holosoma_inference.policies.base:run:963 - RL FPS: 50.00 | read_state: 0.236±0.043ms | preprocessing: 0.091±0.026ms | inference: 4.385±0.506ms | postprocessing: 0.034±0.003ms | action_pub: 0.288±0.076ms | total: 1.140±0.203ms
2026-09-17 20:59:27.292 | INFO     | holosoma_inference.policies.base:run:963 - RL FPS: 50.00 | read_state: 0.238±0.042ms | preprocessing: 0.090±0.023ms | inference: 4.385±0.506ms | postprocessing: 0.035±0.004ms | action_pub: 0.264±0.063ms | total: 1.103±0.165ms
2026-09-17 20:59:28.295 | INFO     | holosoma_inference.policies.base:run:963 - RL FPS: 50.00 | read_state: 0.214±0.029ms | preprocessing: 0.083±0.008ms | inference: 4.385±0.506ms | postprocessing: 0.033±0.003ms | action_pub: 0.240±0.026ms | total: 1.006±0.114ms
2026-09-17 20:59:29.295 | INFO     | holosoma_inference.policies.base:run:963 - RL FPS: 50.00 | read_state: 0.232±0.045ms | preprocessing: 0.090±0.020ms | inference: 4.385±0.506ms | postprocessing: 0.037±0.016ms | action_pub: 0.292±0.080ms | total: 1.136±0.170ms
2026-09-17 20:59:30.296 | INFO     | holosoma_inference.policies.base:run:963 - RL FPS: 50.00 | read_state: 0.225±0.035ms | preprocessing: 0.088±0.013ms | inference: 4.385±0.506ms | postprocessing: 0.043±0.030ms | action_pub: 0.276±0.078ms | total: 1.111±0.180ms
2026-09-17 20:59:31.295 | INFO     | holosoma_inference.policies.base:run:963 - RL FPS: 50.00 | read_state: 0.207±0.021ms | preprocessing: 0.082±0.008ms | inference: 4.385±0.506ms | postprocessing: 0.036±0.015ms | action_pub: 0.250±0.035ms | total: 0.983±0.126ms
2026-09-17 20:59:32.292 | INFO     | holosoma_inference.policies.base:run:963 - RL FPS: 50.00 | read_state: 0.207±0.025ms | preprocessing: 0.082±0.009ms | inference: 4.385±0.506ms | postprocessing: 0.034±0.004ms | action_pub: 0.236±0.030ms | total: 0.971±0.114ms
2026-09-17 20:59:33.295 | INFO     | holosoma_inference.policies.base:run:963 - RL FPS: 50.00 | read_state: 0.220±0.019ms | preprocessing: 0.087±0.008ms | inference: 4.385±0.506ms | postprocessing: 0.035±0.003ms | action_pub: 0.253±0.023ms | total: 1.035±0.100ms
2026-09-17 20:59:34.295 | INFO     | holosoma_inference.policies.base:run:963 - RL FPS: 50.00 | read_state: 0.223±0.039ms | preprocessing: 0.090±0.033ms | inference: 4.385±0.506ms | postprocessing: 0.040±0.037ms | action_pub: 0.274±0.059ms | total: 1.082±0.153ms
2026-09-17 20:59:35.296 | INFO     | holosoma_inference.policies.base:run:963 - RL FPS: 50.00 | read_state: 0.225±0.046ms | preprocessing: 0.103±0.063ms | inference: 4.385±0.506ms | postprocessing: 0.035±0.008ms | action_pub: 0.258±0.063ms | total: 1.075±0.196ms
2026-09-17 20:59:36.296 | INFO     | holosoma_inference.policies.base:run:963 - RL FPS: 50.00 | read_state: 0.217±0.045ms | preprocessing: 0.086±0.025ms | inference: 4.385±0.506ms | postprocessing: 0.040±0.033ms | action_pub: 0.255±0.079ms | total: 1.025±0.213ms
2026-09-17 20:59:37.295 | INFO     | holosoma_inference.policies.base:run:963 - RL FPS: 50.00 | read_state: 0.220±0.041ms | preprocessing: 0.092±0.033ms | inference: 4.385±0.506ms | postprocessing: 0.034±0.005ms | action_pub: 0.257±0.051ms | total: 1.036±0.154ms
2026-09-17 20:59:38.296 | INFO     | holosoma_inference.policies.base:run:963 - RL FPS: 50.00 | read_state: 0.224±0.026ms | preprocessing: 0.086±0.006ms | inference: 4.385±0.506ms | postprocessing: 0.037±0.013ms | action_pub: 0.271±0.084ms | total: 1.073±0.161ms
2026-09-17 20:59:39.296 | INFO     | holosoma_inference.policies.base:run:963 - RL FPS: 50.00 | read_state: 0.228±0.036ms | preprocessing: 0.092±0.026ms | inference: 4.385±0.506ms | postprocessing: 0.037±0.013ms | action_pub: 0.285±0.077ms | total: 1.124±0.181ms
2026-09-17 20:59:40.296 | INFO     | holosoma_inference.policies.base:run:963 - RL FPS: 50.00 | read_state: 0.228±0.038ms | preprocessing: 0.090±0.023ms | inference: 4.385±0.506ms | postprocessing: 0.038±0.012ms | action_pub: 0.273±0.074ms | total: 1.095±0.164ms
2026-09-17 20:59:41.294 | INFO     | holosoma_inference.policies.base:run:963 - RL FPS: 50.00 | read_state: 0.231±0.040ms | preprocessing: 0.092±0.022ms | inference: 4.385±0.506ms | postprocessing: 0.035±0.004ms | action_pub: 0.283±0.082ms | total: 1.119±0.158ms
2026-09-17 20:59:42.296 | INFO     | holosoma_inference.policies.base:run:963 - RL FPS: 50.00 | read_state: 0.215±0.028ms | preprocessing: 0.086±0.014ms | inference: 4.385±0.506ms | postprocessing: 0.035±0.010ms | action_pub: 0.264±0.063ms | total: 1.050±0.141ms
2026-09-17 20:59:43.294 | INFO     | holosoma_inference.policies.base:run:963 - RL FPS: 50.00 | read_state: 0.228±0.033ms | preprocessing: 0.086±0.007ms | inference: 4.385±0.506ms | postprocessing: 0.035±0.004ms | action_pub: 0.257±0.035ms | total: 1.046±0.110ms
2026-09-17 20:59:44.295 | INFO     | holosoma_inference.policies.base:run:963 - RL FPS: 50.00 | read_state: 0.220±0.029ms | preprocessing: 0.087±0.015ms | inference: 4.385±0.506ms | postprocessing: 0.038±0.025ms | action_pub: 0.271±0.069ms | total: 1.074±0.170ms
2026-09-17 20:59:45.295 | INFO     | holosoma_inference.policies.base:run:963 - RL FPS: 50.00 | read_state: 0.237±0.059ms | preprocessing: 0.099±0.055ms | inference: 4.385±0.506ms | postprocessing: 0.036±0.004ms | action_pub: 0.264±0.049ms | total: 1.092±0.176ms
2026-09-17 20:59:46.295 | INFO     | holosoma_inference.policies.base:run:963 - RL FPS: 50.00 | read_state: 0.216±0.021ms | preprocessing: 0.083±0.008ms | inference: 4.385±0.506ms | postprocessing: 0.034±0.004ms | action_pub: 0.246±0.019ms | total: 1.008±0.106ms
2026-09-17 20:59:47.292 | INFO     | holosoma_inference.policies.base:run:963 - RL FPS: 50.00 | read_state: 0.211±0.040ms | preprocessing: 0.084±0.024ms | inference: 4.385±0.506ms | postprocessing: 0.034±0.007ms | action_pub: 0.259±0.063ms | total: 1.010±0.185ms
2026-09-17 20:59:48.295 | INFO     | holosoma_inference.policies.base:run:963 - RL FPS: 50.00 | read_state: 0.206±0.032ms | preprocessing: 0.080±0.012ms | inference: 4.385±0.506ms | postprocessing: 0.032±0.005ms | action_pub: 0.236±0.032ms | total: 0.957±0.152ms
2026-09-17 20:59:49.295 | INFO     | holosoma_inference.policies.base:run:963 - RL FPS: 50.00 | read_state: 0.222±0.051ms | preprocessing: 0.083±0.018ms | inference: 4.385±0.506ms | postprocessing: 0.032±0.004ms | action_pub: 0.260±0.066ms | total: 1.038±0.187ms
2026-09-17 20:59:50.295 | INFO     | holosoma_inference.policies.base:run:963 - RL FPS: 50.00 | read_state: 0.223±0.048ms | preprocessing: 0.086±0.024ms | inference: 4.385±0.506ms | postprocessing: 0.034±0.011ms | action_pub: 0.270±0.077ms | total: 1.054±0.183ms
2026-09-17 20:59:51.296 | INFO     | holosoma_inference.policies.base:run:963 - RL FPS: 50.00 | read_state: 0.222±0.032ms | preprocessing: 0.086±0.011ms | inference: 4.385±0.506ms | postprocessing: 0.034±0.002ms | action_pub: 0.266±0.056ms | total: 1.054±0.111ms
2026-09-17 20:59:52.292 | INFO     | holosoma_inference.policies.base:run:963 - RL FPS: 50.00 | read_state: 0.204±0.024ms | preprocessing: 0.082±0.008ms | inference: 4.385±0.506ms | postprocessing: 0.033±0.004ms | action_pub: 0.233±0.033ms | total: 0.961±0.114ms
2026-09-17 20:59:53.295 | INFO     | holosoma_inference.policies.base:run:963 - RL FPS: 50.00 | read_state: 0.214±0.015ms | preprocessing: 0.087±0.005ms | inference: 4.385±0.506ms | postprocessing: 0.035±0.002ms | action_pub: 0.247±0.021ms | total: 1.005±0.075ms
2026-09-17 20:59:54.295 | INFO     | holosoma_inference.policies.base:run:963 - RL FPS: 50.00 | read_state: 0.212±0.014ms | preprocessing: 0.085±0.006ms | inference: 4.385±0.506ms | postprocessing: 0.034±0.002ms | action_pub: 0.244±0.009ms | total: 0.992±0.067ms
2026-09-17 20:59:55.295 | INFO     | holosoma_inference.policies.base:run:963 - RL FPS: 50.00 | read_state: 0.213±0.016ms | preprocessing: 0.086±0.006ms | inference: 4.385±0.506ms | postprocessing: 0.034±0.003ms | action_pub: 0.245±0.019ms | total: 1.002±0.078ms
2026-09-17 20:59:56.295 | INFO     | holosoma_inference.policies.base:run:963 - RL FPS: 50.00 | read_state: 0.213±0.012ms | preprocessing: 0.086±0.005ms | inference: 4.385±0.506ms | postprocessing: 0.035±0.002ms | action_pub: 0.247±0.007ms | total: 1.002±0.055ms
2026-09-17 20:59:57.293 | INFO     | holosoma_inference.policies.base:run:963 - RL FPS: 50.00 | read_state: 0.205±0.022ms | preprocessing: 0.082±0.008ms | inference: 4.385±0.506ms | postprocessing: 0.033±0.003ms | action_pub: 0.235±0.030ms | total: 0.960±0.100ms
2026-09-17 20:59:58.295 | INFO     | holosoma_inference.policies.base:run:963 - RL FPS: 50.00 | read_state: 0.209±0.018ms | preprocessing: 0.084±0.006ms | inference: 4.385±0.506ms | postprocessing: 0.034±0.003ms | action_pub: 0.237±0.032ms | total: 0.985±0.084ms
2026-09-17 20:59:59.296 | INFO     | holosoma_inference.policies.base:run:963 - RL FPS: 50.00 | read_state: 0.217±0.012ms | preprocessing: 0.085±0.004ms | inference: 4.385±0.506ms | postprocessing: 0.034±0.002ms | action_pub: 0.243±0.016ms | total: 1.015±0.061ms
2026-09-17 21:00:00.295 | INFO     | holosoma_inference.policies.base:run:963 - RL FPS: 50.00 | read_state: 0.207±0.020ms | preprocessing: 0.082±0.007ms | inference: 4.385±0.506ms | postprocessing: 0.032±0.002ms | action_pub: 0.233±0.022ms | total: 0.970±0.098ms
2026-09-17 21:00:01.295 | INFO     | holosoma_inference.policies.base:run:963 - RL FPS: 50.00 | read_state: 0.201±0.025ms | preprocessing: 0.080±0.008ms | inference: 4.385±0.506ms | postprocessing: 0.032±0.003ms | action_pub: 0.225±0.032ms | total: 0.940±0.111ms
2026-09-17 21:00:02.295 | INFO     | holosoma_inference.policies.base:run:963 - RL FPS: 50.00 | read_state: 0.199±0.022ms | preprocessing: 0.079±0.008ms | inference: 4.385±0.506ms | postprocessing: 0.031±0.004ms | action_pub: 0.222±0.029ms | total: 0.929±0.108ms
2026-09-17 21:00:03.295 | INFO     | holosoma_inference.policies.base:run:963 - RL FPS: 50.00 | read_state: 0.206±0.018ms | preprocessing: 0.081±0.006ms | inference: 4.385±0.506ms | postprocessing: 0.033±0.003ms | action_pub: 0.229±0.022ms | total: 0.963±0.086ms
2026-09-17 21:00:04.295 | INFO     | holosoma_inference.policies.base:run:963 - RL FPS: 50.00 | read_state: 0.216±0.015ms | preprocessing: 0.085±0.005ms | inference: 4.385±0.506ms | postprocessing: 0.035±0.002ms | action_pub: 0.245±0.015ms | total: 1.010±0.072ms
2026-09-17 21:00:05.295 | INFO     | holosoma_inference.policies.base:run:963 - RL FPS: 50.00 | read_state: 0.219±0.014ms | preprocessing: 0.087±0.006ms | inference: 4.385±0.506ms | postprocessing: 0.036±0.003ms | action_pub: 0.249±0.014ms | total: 1.026±0.075ms
2026-09-17 21:00:06.295 | INFO     | holosoma_inference.policies.base:run:963 - RL FPS: 50.00 | read_state: 0.216±0.014ms | preprocessing: 0.087±0.005ms | inference: 4.385±0.506ms | postprocessing: 0.036±0.002ms | action_pub: 0.246±0.017ms | total: 1.022±0.065ms
2026-09-17 21:00:07.292 | INFO     | holosoma_inference.policies.base:run:963 - RL FPS: 50.00 | read_state: 0.206±0.024ms | preprocessing: 0.082±0.008ms | inference: 4.385±0.506ms | postprocessing: 0.033±0.004ms | action_pub: 0.228±0.034ms | total: 0.968±0.106ms
2026-09-17 21:00:08.295 | INFO     | holosoma_inference.policies.base:run:963 - RL FPS: 50.00 | read_state: 0.219±0.016ms | preprocessing: 0.086±0.007ms | inference: 4.385±0.506ms | postprocessing: 0.034±0.003ms | action_pub: 0.246±0.016ms | total: 1.019±0.093ms
2026-09-17 21:00:09.295 | INFO     | holosoma_inference.policies.base:run:963 - RL FPS: 50.00 | read_state: 0.218±0.009ms | preprocessing: 0.085±0.004ms | inference: 4.385±0.506ms | postprocessing: 0.034±0.002ms | action_pub: 0.245±0.007ms | total: 1.014±0.045ms
2026-09-17 21:00:10.295 | INFO     | holosoma_inference.policies.base:run:963 - RL FPS: 50.00 | read_state: 0.216±0.009ms | preprocessing: 0.085±0.004ms | inference: 4.385±0.506ms | postprocessing: 0.035±0.002ms | action_pub: 0.244±0.008ms | total: 1.006±0.045ms
2026-09-17 21:00:11.295 | INFO     | holosoma_inference.policies.base:run:963 - RL FPS: 50.00 | read_state: 0.219±0.011ms | preprocessing: 0.086±0.003ms | inference: 4.385±0.506ms | postprocessing: 0.035±0.002ms | action_pub: 0.245±0.013ms | total: 1.020±0.050ms
2026-09-17 21:00:12.292 | INFO     | holosoma_inference.policies.base:run:963 - RL FPS: 50.00 | read_state: 0.214±0.024ms | preprocessing: 0.085±0.008ms | inference: 4.385±0.506ms | postprocessing: 0.035±0.004ms | action_pub: 0.238±0.035ms | total: 1.004±0.109ms
2026-09-17 21:00:13.295 | INFO     | holosoma_inference.policies.base:run:963 - RL FPS: 50.00 | read_state: 0.221±0.017ms | preprocessing: 0.087±0.007ms | inference: 4.385±0.506ms | postprocessing: 0.036±0.003ms | action_pub: 0.247±0.023ms | total: 1.033±0.079ms
2026-09-17 21:00:14.295 | INFO     | holosoma_inference.policies.base:run:963 - RL FPS: 50.00 | read_state: 0.224±0.007ms | preprocessing: 0.089±0.003ms | inference: 4.385±0.506ms | postprocessing: 0.036±0.002ms | action_pub: 0.253±0.007ms | total: 1.054±0.034ms
2026-09-17 21:00:15.295 | INFO     | holosoma_inference.policies.base:run:963 - RL FPS: 50.00 | read_state: 0.223±0.007ms | preprocessing: 0.088±0.003ms | inference: 4.385±0.506ms | postprocessing: 0.036±0.001ms | action_pub: 0.252±0.011ms | total: 1.050±0.039ms
2026-09-17 21:00:16.295 | INFO     | holosoma_inference.policies.base:run:963 - RL FPS: 50.00 | read_state: 0.223±0.010ms | preprocessing: 0.087±0.003ms | inference: 4.385±0.506ms | postprocessing: 0.035±0.002ms | action_pub: 0.250±0.006ms | total: 1.036±0.031ms
2026-09-17 21:00:17.293 | INFO     | holosoma_inference.policies.base:run:963 - RL FPS: 50.00 | read_state: 0.221±0.024ms | preprocessing: 0.088±0.008ms | inference: 4.385±0.506ms | postprocessing: 0.036±0.004ms | action_pub: 0.245±0.033ms | total: 1.035±0.109ms
2026-09-17 21:00:18.295 | INFO     | holosoma_inference.policies.base:run:963 - RL FPS: 50.00 | read_state: 0.224±0.009ms | preprocessing: 0.089±0.003ms | inference: 4.385±0.506ms | postprocessing: 0.037±0.004ms | action_pub: 0.253±0.012ms | total: 1.053±0.043ms
2026-09-17 21:00:19.295 | INFO     | holosoma_inference.policies.base:run:963 - RL FPS: 50.00 | read_state: 0.222±0.008ms | preprocessing: 0.087±0.003ms | inference: 4.385±0.506ms | postprocessing: 0.036±0.001ms | action_pub: 0.249±0.007ms | total: 1.037±0.034ms
2026-09-17 21:00:20.295 | INFO     | holosoma_inference.policies.base:run:963 - RL FPS: 50.00 | read_state: 0.219±0.012ms | preprocessing: 0.086±0.004ms | inference: 4.385±0.506ms | postprocessing: 0.035±0.002ms | action_pub: 0.243±0.017ms | total: 1.022±0.057ms
2026-09-17 21:00:21.295 | INFO     | holosoma_inference.policies.base:run:963 - RL FPS: 50.00 | read_state: 0.216±0.026ms | preprocessing: 0.084±0.004ms | inference: 4.385±0.506ms | postprocessing: 0.034±0.002ms | action_pub: 0.236±0.017ms | total: 0.995±0.053ms
2026-09-17 21:00:22.292 | INFO     | holosoma_inference.policies.base:run:963 - RL FPS: 50.00 | read_state: 0.212±0.020ms | preprocessing: 0.084±0.007ms | inference: 4.385±0.506ms | postprocessing: 0.034±0.003ms | action_pub: 0.237±0.031ms | total: 0.989±0.093ms
2026-09-17 21:00:23.295 | INFO     | holosoma_inference.policies.base:run:963 - RL FPS: 50.00 | read_state: 0.212±0.010ms | preprocessing: 0.085±0.004ms | inference: 4.385±0.506ms | postprocessing: 0.033±0.002ms | action_pub: 0.238±0.015ms | total: 0.996±0.045ms
2026-09-17 21:00:24.295 | INFO     | holosoma_inference.policies.base:run:963 - RL FPS: 50.00 | read_state: 0.212±0.024ms | preprocessing: 0.085±0.008ms | inference: 4.385±0.506ms | postprocessing: 0.033±0.004ms | action_pub: 0.233±0.035ms | total: 0.997±0.105ms
2026-09-17 21:00:25.295 | INFO     | holosoma_inference.policies.base:run:963 - RL FPS: 50.00 | read_state: 0.211±0.020ms | preprocessing: 0.084±0.006ms | inference: 4.385±0.506ms | postprocessing: 0.033±0.003ms | action_pub: 0.236±0.028ms | total: 0.993±0.090ms
2026-09-17 21:00:26.292 | INFO     | holosoma_inference.policies.base:run:963 - RL FPS: 50.00 | read_state: 0.176±0.039ms | preprocessing: 0.073±0.019ms | inference: 4.385±0.506ms | postprocessing: 0.027±0.006ms | action_pub: 0.188±0.055ms | total: 0.827±0.174ms
2026-09-17 21:00:27.291 | INFO     | holosoma_inference.policies.base:run:963 - RL FPS: 50.00 | read_state: 0.163±0.038ms | preprocessing: 0.068±0.013ms | inference: 4.385±0.506ms | postprocessing: 0.025±0.005ms | action_pub: 0.174±0.050ms | total: 0.764±0.159ms
2026-09-17 21:00:28.295 | INFO     | holosoma_inference.policies.base:run:963 - RL FPS: 50.00 | read_state: 0.194±0.023ms | preprocessing: 0.076±0.007ms | inference: 4.385±0.506ms | postprocessing: 0.029±0.003ms | action_pub: 0.221±0.021ms | total: 0.890±0.100ms
2026-09-17 21:00:29.295 | INFO     | holosoma_inference.policies.base:run:963 - RL FPS: 50.00 | read_state: 0.199±0.021ms | preprocessing: 0.078±0.008ms | inference: 4.385±0.506ms | postprocessing: 0.031±0.004ms | action_pub: 0.226±0.019ms | total: 0.912±0.106ms
2026-09-17 21:00:30.295 | INFO     | holosoma_inference.policies.base:run:963 - RL FPS: 50.00 | read_state: 0.195±0.021ms | preprocessing: 0.076±0.009ms | inference: 4.385±0.506ms | postprocessing: 0.030±0.004ms | action_pub: 0.223±0.019ms | total: 0.896±0.103ms
2026-09-17 21:00:31.294 | INFO     | holosoma_inference.policies.base:run:963 - RL FPS: 50.00 | read_state: 0.197±0.024ms | preprocessing: 0.076±0.010ms | inference: 4.385±0.506ms | postprocessing: 0.031±0.004ms | action_pub: 0.225±0.022ms | total: 0.904±0.117ms
2026-09-17 21:00:32.295 | INFO     | holosoma_inference.policies.base:run:963 - RL FPS: 50.00 | read_state: 0.197±0.026ms | preprocessing: 0.076±0.010ms | inference: 4.385±0.506ms | postprocessing: 0.030±0.005ms | action_pub: 0.223±0.027ms | total: 0.900±0.125ms
2026-09-17 21:00:33.295 | INFO     | holosoma_inference.policies.base:run:963 - RL FPS: 50.00 | read_state: 0.204±0.023ms | preprocessing: 0.080±0.009ms | inference: 4.385±0.506ms | postprocessing: 0.033±0.004ms | action_pub: 0.233±0.019ms | total: 0.948±0.114ms
2026-09-17 21:00:34.295 | INFO     | holosoma_inference.policies.base:run:963 - RL FPS: 50.00 | read_state: 0.213±0.025ms | preprocessing: 0.082±0.009ms | inference: 4.385±0.506ms | postprocessing: 0.033±0.004ms | action_pub: 0.240±0.014ms | total: 0.981±0.101ms
2026-09-17 21:00:35.295 | INFO     | holosoma_inference.policies.base:run:963 - RL FPS: 50.00 | read_state: 0.206±0.021ms | preprocessing: 0.080±0.008ms | inference: 4.385±0.506ms | postprocessing: 0.032±0.004ms | action_pub: 0.237±0.015ms | total: 0.956±0.112ms
2026-09-17 21:00:36.295 | INFO     | holosoma_inference.policies.base:run:963 - RL FPS: 50.00 | read_state: 0.206±0.022ms | preprocessing: 0.080±0.008ms | inference: 4.385±0.506ms | postprocessing: 0.033±0.006ms | action_pub: 0.236±0.014ms | total: 0.953±0.109ms
2026-09-17 21:00:37.292 | INFO     | holosoma_inference.policies.base:run:963 - RL FPS: 50.00 | read_state: 0.200±0.029ms | preprocessing: 0.078±0.011ms | inference: 4.385±0.506ms | postprocessing: 0.032±0.005ms | action_pub: 0.226±0.032ms | total: 0.930±0.132ms
2026-09-17 21:00:38.295 | INFO     | holosoma_inference.policies.base:run:963 - RL FPS: 50.00 | read_state: 0.207±0.021ms | preprocessing: 0.082±0.007ms | inference: 4.385±0.506ms | postprocessing: 0.034±0.004ms | action_pub: 0.231±0.030ms | total: 0.982±0.099ms
2026-09-17 21:00:39.295 | INFO     | holosoma_inference.policies.base:run:963 - RL FPS: 50.00 | read_state: 0.209±0.021ms | preprocessing: 0.082±0.008ms | inference: 4.385±0.506ms | postprocessing: 0.033±0.004ms | action_pub: 0.238±0.021ms | total: 0.971±0.109ms
2026-09-17 21:00:40.295 | INFO     | holosoma_inference.policies.base:run:963 - RL FPS: 50.00 | read_state: 0.213±0.017ms | preprocessing: 0.085±0.007ms | inference: 4.385±0.506ms | postprocessing: 0.034±0.003ms | action_pub: 0.242±0.020ms | total: 1.000±0.083ms
2026-09-17 21:00:41.292 | INFO     | holosoma_inference.policies.base:run:963 - RL FPS: 50.00 | read_state: 0.193±0.039ms | preprocessing: 0.077±0.012ms | inference: 4.385±0.506ms | postprocessing: 0.031±0.006ms | action_pub: 0.218±0.061ms | total: 0.916±0.181ms
2026-09-17 21:00:42.293 | INFO     | holosoma_inference.policies.base:run:963 - RL FPS: 50.00 | read_state: 0.164±0.040ms | preprocessing: 0.068±0.013ms | inference: 4.385±0.506ms | postprocessing: 0.027±0.006ms | action_pub: 0.165±0.052ms | total: 0.796±0.203ms
2026-09-17 21:00:43.295 | INFO     | holosoma_inference.policies.base:run:963 - RL FPS: 50.00 | read_state: 0.214±0.021ms | preprocessing: 0.084±0.007ms | inference: 4.385±0.506ms | postprocessing: 0.033±0.004ms | action_pub: 0.241±0.022ms | total: 0.995±0.107ms
2026-09-17 21:00:44.295 | INFO     | holosoma_inference.policies.base:run:963 - RL FPS: 50.00 | read_state: 0.218±0.016ms | preprocessing: 0.084±0.007ms | inference: 4.385±0.506ms | postprocessing: 0.035±0.003ms | action_pub: 0.251±0.016ms | total: 1.015±0.092ms
2026-09-17 21:00:45.295 | INFO     | holosoma_inference.policies.base:run:963 - RL FPS: 50.00 | read_state: 0.207±0.021ms | preprocessing: 0.080±0.006ms | inference: 4.385±0.506ms | postprocessing: 0.032±0.004ms | action_pub: 0.234±0.021ms | total: 0.953±0.101ms
2026-09-17 21:00:46.295 | INFO     | holosoma_inference.policies.base:run:963 - RL FPS: 50.00 | read_state: 0.212±0.019ms | preprocessing: 0.082±0.007ms | inference: 4.385±0.506ms | postprocessing: 0.033±0.004ms | action_pub: 0.238±0.023ms | total: 0.981±0.095ms
2026-09-17 21:00:47.292 | INFO     | holosoma_inference.policies.base:run:963 - RL FPS: 50.00 | read_state: 0.214±0.027ms | preprocessing: 0.083±0.009ms | inference: 4.385±0.506ms | postprocessing: 0.034±0.004ms | action_pub: 0.238±0.037ms | total: 1.001±0.126ms
2026-09-17 21:00:48.295 | INFO     | holosoma_inference.policies.base:run:963 - RL FPS: 50.00 | read_state: 0.215±0.015ms | preprocessing: 0.085±0.005ms | inference: 4.385±0.506ms | postprocessing: 0.034±0.003ms | action_pub: 0.239±0.022ms | total: 1.005±0.070ms
2026-09-17 21:00:49.294 | INFO     | holosoma_inference.policies.base:run:963 - RL FPS: 50.00 | read_state: 0.219±0.019ms | preprocessing: 0.085±0.006ms | inference: 4.385±0.506ms | postprocessing: 0.034±0.003ms | action_pub: 0.242±0.026ms | total: 1.022±0.083ms
2026-09-17 21:00:50.295 | INFO     | holosoma_inference.policies.base:run:963 - RL FPS: 50.00 | read_state: 0.219±0.009ms | preprocessing: 0.086±0.003ms | inference: 4.385±0.506ms | postprocessing: 0.035±0.002ms | action_pub: 0.248±0.011ms | total: 1.030±0.044ms
2026-09-17 21:00:51.295 | INFO     | holosoma_inference.policies.base:run:963 - RL FPS: 50.00 | read_state: 0.218±0.011ms | preprocessing: 0.086±0.004ms | inference: 4.385±0.506ms | postprocessing: 0.035±0.002ms | action_pub: 0.243±0.014ms | total: 1.025±0.050ms
2026-09-17 21:00:52.292 | INFO     | holosoma_inference.policies.base:run:963 - RL FPS: 50.00 | read_state: 0.216±0.023ms | preprocessing: 0.087±0.008ms | inference: 4.385±0.506ms | postprocessing: 0.035±0.004ms | action_pub: 0.241±0.031ms | total: 1.019±0.105ms
2026-09-17 21:00:53.295 | INFO     | holosoma_inference.policies.base:run:963 - RL FPS: 50.00 | read_state: 0.219±0.010ms | preprocessing: 0.087±0.003ms | inference: 4.385±0.506ms | postprocessing: 0.035±0.002ms | action_pub: 0.247±0.011ms | total: 1.028±0.049ms
2026-09-17 21:00:54.295 | INFO     | holosoma_inference.policies.base:run:963 - RL FPS: 50.00 | read_state: 0.213±0.019ms | preprocessing: 0.085±0.008ms | inference: 4.385±0.506ms | postprocessing: 0.034±0.003ms | action_pub: 0.239±0.024ms | total: 0.995±0.083ms
2026-09-17 21:00:55.295 | INFO     | holosoma_inference.policies.base:run:963 - RL FPS: 50.00 | read_state: 0.220±0.011ms | preprocessing: 0.089±0.004ms | inference: 4.385±0.506ms | postprocessing: 0.036±0.002ms | action_pub: 0.254±0.010ms | total: 1.038±0.057ms
2026-09-17 21:00:56.295 | INFO     | holosoma_inference.policies.base:run:963 - RL FPS: 50.00 | read_state: 0.215±0.012ms | preprocessing: 0.086±0.004ms | inference: 4.385±0.506ms | postprocessing: 0.035±0.002ms | action_pub: 0.246±0.009ms | total: 1.007±0.059ms
2026-09-17 21:00:57.295 | INFO     | holosoma_inference.policies.base:run:963 - RL FPS: 50.00 | read_state: 0.220±0.014ms | preprocessing: 0.087±0.005ms | inference: 4.385±0.506ms | postprocessing: 0.035±0.002ms | action_pub: 0.248±0.018ms | total: 1.031±0.068ms
2026-09-17 21:00:58.295 | INFO     | holosoma_inference.policies.base:run:963 - RL FPS: 50.00 | read_state: 0.221±0.014ms | preprocessing: 0.087±0.005ms | inference: 4.385±0.506ms | postprocessing: 0.035±0.002ms | action_pub: 0.248±0.012ms | total: 1.032±0.071ms
2026-09-17 21:00:59.295 | INFO     | holosoma_inference.policies.base:run:963 - RL FPS: 50.00 | read_state: 0.221±0.014ms | preprocessing: 0.088±0.005ms | inference: 4.385±0.506ms | postprocessing: 0.036±0.002ms | action_pub: 0.253±0.008ms | total: 1.042±0.061ms
2026-09-17 21:01:00.294 | INFO     | holosoma_inference.policies.base:run:963 - RL FPS: 50.00 | read_state: 0.223±0.011ms | preprocessing: 0.089±0.004ms | inference: 4.385±0.506ms | postprocessing: 0.036±0.002ms | action_pub: 0.253±0.009ms | total: 1.049±0.055ms
2026-09-17 21:01:01.294 | INFO     | holosoma_inference.policies.base:run:963 - RL FPS: 50.00 | read_state: 0.217±0.020ms | preprocessing: 0.085±0.010ms | inference: 4.385±0.506ms | postprocessing: 0.034±0.003ms | action_pub: 0.241±0.016ms | total: 1.005±0.079ms
2026-09-17 21:01:02.293 | INFO     | holosoma_inference.policies.base:run:963 - RL FPS: 50.00 | read_state: 0.209±0.020ms | preprocessing: 0.083±0.007ms | inference: 4.385±0.506ms | postprocessing: 0.033±0.003ms | action_pub: 0.230±0.029ms | total: 0.975±0.091ms
2026-09-17 21:01:03.292 | INFO     | holosoma_inference.policies.base:run:963 - RL FPS: 50.00 | read_state: 0.192±0.027ms | preprocessing: 0.077±0.010ms | inference: 4.385±0.506ms | postprocessing: 0.031±0.004ms | action_pub: 0.215±0.044ms | total: 0.897±0.121ms
2026-09-17 21:01:04.295 | INFO     | holosoma_inference.policies.base:run:963 - RL FPS: 50.00 | read_state: 0.166±0.008ms | preprocessing: 0.059±0.003ms | inference: 4.385±0.506ms | postprocessing: 0.027±0.001ms | action_pub: 0.211±0.024ms | total: 0.768±0.030ms
2026-09-17 21:01:05.295 | INFO     | holosoma_inference.policies.base:run:963 - RL FPS: 50.00 | read_state: 0.156±0.013ms | preprocessing: 0.054±0.005ms | inference: 4.385±0.506ms | postprocessing: 0.023±0.002ms | action_pub: 0.205±0.022ms | total: 0.707±0.059ms
2026-09-17 21:01:06.295 | INFO     | holosoma_inference.policies.base:run:963 - RL FPS: 50.00 | read_state: 0.167±0.013ms | preprocessing: 0.059±0.006ms | inference: 4.385±0.506ms | postprocessing: 0.026±0.002ms | action_pub: 0.217±0.016ms | total: 0.769±0.062ms
2026-09-17 21:01:07.293 | INFO     | holosoma_inference.policies.base:run:963 - RL FPS: 50.00 | read_state: 0.162±0.017ms | preprocessing: 0.058±0.005ms | inference: 4.385±0.506ms | postprocessing: 0.026±0.002ms | action_pub: 0.212±0.028ms | total: 0.750±0.077ms
2026-09-17 21:01:08.295 | INFO     | holosoma_inference.policies.base:run:963 - RL FPS: 50.00 | read_state: 0.168±0.011ms | preprocessing: 0.059±0.004ms | inference: 4.385±0.506ms | postprocessing: 0.027±0.002ms | action_pub: 0.217±0.007ms | total: 0.766±0.038ms
2026-09-17 21:01:09.295 | INFO     | holosoma_inference.policies.base:run:963 - RL FPS: 50.00 | read_state: 0.166±0.005ms | preprocessing: 0.058±0.002ms | inference: 4.385±0.506ms | postprocessing: 0.026±0.001ms | action_pub: 0.217±0.003ms | total: 0.763±0.019ms
2026-09-17 21:01:10.295 | INFO     | holosoma_inference.policies.base:run:963 - RL FPS: 50.00 | read_state: 0.164±0.015ms | preprocessing: 0.058±0.006ms | inference: 4.385±0.506ms | postprocessing: 0.026±0.002ms | action_pub: 0.214±0.021ms | total: 0.752±0.064ms
2026-09-17 21:01:11.295 | INFO     | holosoma_inference.policies.base:run:963 - RL FPS: 50.00 | read_state: 0.168±0.014ms | preprocessing: 0.059±0.006ms | inference: 4.385±0.506ms | postprocessing: 0.027±0.002ms | action_pub: 0.218±0.017ms | total: 0.774±0.063ms
2026-09-17 21:01:12.293 | INFO     | holosoma_inference.policies.base:run:963 - RL FPS: 50.00 | read_state: 0.154±0.017ms | preprocessing: 0.052±0.004ms | inference: 4.385±0.506ms | postprocessing: 0.023±0.002ms | action_pub: 0.203±0.025ms | total: 0.695±0.061ms
2026-09-17 21:01:13.295 | INFO     | holosoma_inference.policies.base:run:963 - RL FPS: 50.00 | read_state: 0.157±0.013ms | preprocessing: 0.054±0.007ms | inference: 4.385±0.506ms | postprocessing: 0.024±0.003ms | action_pub: 0.212±0.011ms | total: 0.720±0.072ms
2026-09-17 21:01:14.295 | INFO     | holosoma_inference.policies.base:run:963 - RL FPS: 50.00 | read_state: 0.149±0.009ms | preprocessing: 0.048±0.004ms | inference: 4.385±0.506ms | postprocessing: 0.022±0.002ms | action_pub: 0.205±0.006ms | total: 0.672±0.046ms
2026-09-17 21:01:15.295 | INFO     | holosoma_inference.policies.base:run:963 - RL FPS: 50.00 | read_state: 0.151±0.013ms | preprocessing: 0.049±0.006ms | inference: 4.385±0.506ms | postprocessing: 0.022±0.003ms | action_pub: 0.205±0.008ms | total: 0.678±0.058ms
2026-09-17 21:01:16.294 | INFO     | holosoma_inference.policies.base:run:963 - RL FPS: 50.00 | read_state: 0.153±0.008ms | preprocessing: 0.050±0.004ms | inference: 4.385±0.506ms | postprocessing: 0.023±0.002ms | action_pub: 0.207±0.007ms | total: 0.692±0.043ms
2026-09-17 21:01:17.292 | INFO     | holosoma_inference.policies.base:run:963 - RL FPS: 50.00 | read_state: 0.157±0.015ms | preprocessing: 0.053±0.006ms | inference: 4.385±0.506ms | postprocessing: 0.024±0.003ms | action_pub: 0.208±0.019ms | total: 0.717±0.067ms
2026-09-17 21:01:18.295 | INFO     | holosoma_inference.policies.base:run:963 - RL FPS: 50.00 | read_state: 0.167±0.010ms | preprocessing: 0.060±0.004ms | inference: 4.385±0.506ms | postprocessing: 0.027±0.002ms | action_pub: 0.219±0.012ms | total: 0.775±0.043ms
2026-09-17 21:01:19.295 | INFO     | holosoma_inference.policies.base:run:963 - RL FPS: 50.00 | read_state: 0.163±0.004ms | preprocessing: 0.057±0.002ms | inference: 4.385±0.506ms | postprocessing: 0.026±0.001ms | action_pub: 0.216±0.003ms | total: 0.746±0.019ms
2026-09-17 21:01:20.295 | INFO     | holosoma_inference.policies.base:run:963 - RL FPS: 50.00 | read_state: 0.179±0.029ms | preprocessing: 0.073±0.011ms | inference: 4.385±0.506ms | postprocessing: 0.031±0.005ms | action_pub: 0.212±0.045ms | total: 0.830±0.120ms
2026-09-17 21:01:21.291 | INFO     | holosoma_inference.policies.base:run:963 - RL FPS: 50.00 | read_state: 0.182±0.029ms | preprocessing: 0.109±0.239ms | inference: 4.385±0.506ms | postprocessing: 0.032±0.004ms | action_pub: 0.218±0.044ms | total: 0.878±0.247ms
2026-09-17 21:01:22.291 | INFO     | holosoma_inference.policies.base:run:963 - RL FPS: 50.00 | read_state: 0.119±0.030ms | preprocessing: 0.051±0.013ms | inference: 4.385±0.506ms | postprocessing: 0.020±0.005ms | action_pub: 0.124±0.035ms | total: 0.563±0.141ms
