[real_depth] log_dir=/home/unitree/FAR/holosoma/logs/real_depth_20260917_161444
[real_depth] stopping lsvla-vision.service; it occupies the D435i
[camera_profile] n94vaeq7: D435 37.0 deg down raw=106x60 policy=87x58 position=[0.057623498141765594, 0.01752999983727932, 0.42987000942230225] metadata=perception_observation_contract
[real_depth] camera_model_path=/home/unitree/FAR/holosoma/_ckps/n94vaeq7_model_40000.onnx
[real_depth] image_server_config=real_d435i
[real_depth] realtime viewer started pid=4849 port=8081
2026-09-17 16:14:50.437 | INFO     | holosoma.utils.rate:__init__:47 - Rate limiter initialized: 30 Hz (33.33 ms period)
╭──────────────── viser ────────────────╮
│             ╷                         │
│   HTTP      │ http://127.0.0.1:8081   │
│   Websocket │ ws://127.0.0.1:8081     │
│             ╵                         │
╰───────────────────────────────────────╯
/home/unitree/FAR/holosoma/scripts/real_viser.py:369: DeprecationWarning: `control_layout` is deprecated; use `main_panel` placement instead, e.g. `server.gui.main_panel.dock_right()`. Both "collapsible" and "fixed" now dock the control panel to the right edge.
  server.gui.configure_theme(dark_mode=True, control_layout="collapsible", control_width="medium")
[real_viser] live viewer: http://127.0.0.1:8081
[real_viser] checkpoint camera: n94vaeq7: D435 37.0 deg down position=[0.057623498141765594, 0.01752999983727932, 0.42987000942230225] rate=30.0 Hz
[real_viser] realtime update rate=29.9 Hz target=30.0 Hz
[real_viser] realtime update rate=29.8 Hz target=30.0 Hz
[real_viser] realtime update rate=29.9 Hz target=30.0 Hz
[real_viser] realtime update rate=29.9 Hz target=30.0 Hz
[RealSense] IR emitter: off
[RealSense] Intrinsics: fx=428.69, fy=428.69, cx=432.43, cy=245.91
[RealSense] Initialized: serial=auto, resolution=848x480@30fps, depth_scale=0.001000
[Image Server] Created new shared memory: depth_img_shm
[Image Server] Shared memory: shape=[1, 1, 58, 87], dtype=<class 'numpy.float32'>
ImageServer initialized
[Image Server] Rate limiter stats: {'frequency': 30, 'period_ms': 33.333333333333336, 'total_drift_ms': 0.0, 'max_drift_ms': 0.0, 'avg_drift_ms': 0.0, 'drift_count': 0}
[Image Server] capture stats: {'count': 1, 'avg_ms': 68.96307200000251, 'min_ms': 68.96307200000251, 'max_ms': 68.96307200000251, 'total_ms': 68.96307200000251}
[Image Server] hw total latency stats: {'count': 1, 'avg_ms': 87.23726864063156, 'min_ms': 87.23726864063156, 'max_ms': 87.23726864063156, 'total_ms': 87.23726864063156}
[Image Server] Rate limiter stats: {'frequency': 30, 'period_ms': 33.333333333333336, 'total_drift_ms': 0.0, 'max_drift_ms': 0.0, 'avg_drift_ms': 0.0, 'drift_count': 0}
[Image Server] capture stats: {'count': 51, 'avg_ms': 24.295272784314374, 'min_ms': 20.393695999999295, 'max_ms': 68.96307200000251, 'total_ms': 1239.0589120000332}
[Image Server] hw total latency stats: {'count': 51, 'avg_ms': 23.13824423161584, 'min_ms': 14.219592109375526, 'max_ms': 87.23726864063156, 'total_ms': 1180.0504558124078}
[Image Server] Rate limiter stats: {'frequency': 30, 'period_ms': 33.333333333333336, 'total_drift_ms': 0.0, 'max_drift_ms': 0.0, 'avg_drift_ms': 0.0, 'drift_count': 0}
[Image Server] capture stats: {'count': 101, 'avg_ms': 23.93451786138646, 'min_ms': 20.393695999999295, 'max_ms': 68.96307200000251, 'total_ms': 2417.3863040000324}
[Image Server] hw total latency stats: {'count': 101, 'avg_ms': 23.0208612598998, 'min_ms': 14.219592109375526, 'max_ms': 87.23726864063156, 'total_ms': 2325.1069872498797}
[Image Server] Rate limiter stats: {'frequency': 30, 'period_ms': 33.333333333333336, 'total_drift_ms': 2.0986239999984946, 'max_drift_ms': 1.4473600000002307, 'avg_drift_ms': 0.6995413333328315, 'drift_count': 3}
[Image Server] capture stats: {'count': 151, 'avg_ms': 25.750519099338057, 'min_ms': 20.393695999999295, 'max_ms': 68.96307200000251, 'total_ms': 3888.3283840000468}
[Image Server] hw total latency stats: {'count': 151, 'avg_ms': 27.217155093024513, 'min_ms': 14.219592109375526, 'max_ms': 87.23726864063156, 'total_ms': 4109.790419046702}
[Image Server] Rate limiter stats: {'frequency': 30, 'period_ms': 33.333333333333336, 'total_drift_ms': 0.1550826666800731, 'max_drift_ms': 0.1550826666800731, 'avg_drift_ms': 0.1550826666800731, 'drift_count': 1}
[Image Server] capture stats: {'count': 201, 'avg_ms': 26.65957826865732, 'min_ms': 20.393695999999295, 'max_ms': 68.96307200000251, 'total_ms': 5358.575232000121}
[Image Server] hw total latency stats: {'count': 201, 'avg_ms': 29.8630666453658, 'min_ms': 14.219592109375526, 'max_ms': 87.23726864063156, 'total_ms': 6002.476395718526}
[Image Server] Rate limiter stats: {'frequency': 30, 'period_ms': 33.333333333333336, 'total_drift_ms': 30.34134400157029, 'max_drift_ms': 2.8553813334184497, 'avg_drift_ms': 1.0836194286275105, 'drift_count': 28}
[Image Server] capture stats: {'count': 251, 'avg_ms': 27.32929274900447, 'min_ms': 20.393695999999295, 'max_ms': 68.96307200000251, 'total_ms': 6859.652480000122}
[Image Server] hw total latency stats: {'count': 251, 'avg_ms': 31.58551379749653, 'min_ms': 14.219592109375526, 'max_ms': 87.23726864063156, 'total_ms': 7927.963963171629}
[Image Server] Rate limiter stats: {'frequency': 30, 'period_ms': 33.333333333333336, 'total_drift_ms': 1.29902933353776, 'max_drift_ms': 0.43489066669621934, 'avg_drift_ms': 0.16237866669222, 'drift_count': 8}
[Image Server] capture stats: {'count': 301, 'avg_ms': 27.705434471761354, 'min_ms': 20.393695999999295, 'max_ms': 68.96307200000251, 'total_ms': 8339.335776000167}
[Image Server] hw total latency stats: {'count': 301, 'avg_ms': 32.65315105351864, 'min_ms': 14.219592109375526, 'max_ms': 87.23726864063156, 'total_ms': 9828.598467109112}
[Image Server] Rate limiter stats: {'frequency': 30, 'period_ms': 33.333333333333336, 'total_drift_ms': 12.75987200108375, 'max_drift_ms': 5.553792000014823, 'avg_drift_ms': 0.6379936000541875, 'drift_count': 20}
[Image Server] capture stats: {'count': 351, 'avg_ms': 28.030678792023494, 'min_ms': 20.393695999999295, 'max_ms': 68.96307200000251, 'total_ms': 9838.768256000247}
[Image Server] hw total latency stats: {'count': 351, 'avg_ms': 33.46663152096625, 'min_ms': 14.219592109375526, 'max_ms': 87.23726864063156, 'total_ms': 11746.787663859155}
[Image Server] Rate limiter stats: {'frequency': 30, 'period_ms': 33.333333333333336, 'total_drift_ms': 9.359988001065744, 'max_drift_ms': 1.5052046667278773, 'avg_drift_ms': 0.5505875294744556, 'drift_count': 17}
[Image Server] capture stats: {'count': 401, 'avg_ms': 28.2628391172077, 'min_ms': 20.393695999999295, 'max_ms': 68.96307200000251, 'total_ms': 11333.398486000287}
[Image Server] hw total latency stats: {'count': 401, 'avg_ms': 34.0645285638243, 'min_ms': 14.219592109375526, 'max_ms': 87.23726864063156, 'total_ms': 13659.875954093544}
[Image Server] Rate limiter stats: {'frequency': 30, 'period_ms': 33.333333333333336, 'total_drift_ms': 63.66548800131966, 'max_drift_ms': 7.037390666752685, 'avg_drift_ms': 2.7680646957095507, 'drift_count': 23}
[Image Server] capture stats: {'count': 451, 'avg_ms': 28.39839598004506, 'min_ms': 20.393695999999295, 'max_ms': 68.96307200000251, 'total_ms': 12807.676587000322}
[Image Server] hw total latency stats: {'count': 451, 'avg_ms': 34.500526977965194, 'min_ms': 14.219592109375526, 'max_ms': 87.23726864063156, 'total_ms': 15559.737667062302}
[Image Server] Rate limiter stats: {'frequency': 30, 'period_ms': 33.333333333333336, 'total_drift_ms': 8.805355334118303, 'max_drift_ms': 1.5269963334105796, 'avg_drift_ms': 0.6773350257014079, 'drift_count': 13}
[Image Server] capture stats: {'count': 501, 'avg_ms': 28.167737636727278, 'min_ms': 20.393695999999295, 'max_ms': 68.96307200000251, 'total_ms': 14112.036556000367}
[Image Server] hw total latency stats: {'count': 501, 'avg_ms': 34.519301865081964, 'min_ms': 14.219592109375526, 'max_ms': 87.23726864063156, 'total_ms': 17294.170234406065}
[Image Server] Rate limiter stats: {'frequency': 30, 'period_ms': 33.333333333333336, 'total_drift_ms': 19.170318334175818, 'max_drift_ms': 2.097660000018209, 'avg_drift_ms': 1.0650176852319897, 'drift_count': 18}
[Image Server] capture stats: {'count': 551, 'avg_ms': 28.057191682396244, 'min_ms': 20.393695999999295, 'max_ms': 68.96307200000251, 'total_ms': 15459.51261700033}
[Image Server] hw total latency stats: {'count': 551, 'avg_ms': 34.62643862471603, 'min_ms': 14.219592109375526, 'max_ms': 87.23726864063156, 'total_ms': 19079.167682218533}
[Image Server] Rate limiter stats: {'frequency': 30, 'period_ms': 33.333333333333336, 'total_drift_ms': 0.5666160000146192, 'max_drift_ms': 0.28970266667727174, 'avg_drift_ms': 0.2833080000073096, 'drift_count': 2}
[Image Server] capture stats: {'count': 601, 'avg_ms': 27.78914799334496, 'min_ms': 20.393695999999295, 'max_ms': 68.96307200000251, 'total_ms': 16701.27794400032}
[Image Server] hw total latency stats: {'count': 601, 'avg_ms': 34.54149554513264, 'min_ms': 14.219592109375526, 'max_ms': 87.23726864063156, 'total_ms': 20759.438822624717}
[Image Server] Rate limiter stats: {'frequency': 30, 'period_ms': 33.333333333333336, 'total_drift_ms': 44.389615000952176, 'max_drift_ms': 12.490353666663623, 'avg_drift_ms': 1.775584600038087, 'drift_count': 25}
[Image Server] capture stats: {'count': 651, 'avg_ms': 27.91636900153661, 'min_ms': 17.209380000011265, 'max_ms': 68.96307200000251, 'total_ms': 18173.556220000333}
[Image Server] hw total latency stats: {'count': 651, 'avg_ms': 34.81319323151839, 'min_ms': 14.219592109375526, 'max_ms': 87.23726864063156, 'total_ms': 22663.388793718474}
[Image Server] Rate limiter stats: {'frequency': 30, 'period_ms': 33.333333333333336, 'total_drift_ms': 14.953092334010876, 'max_drift_ms': 2.541098000037323, 'avg_drift_ms': 0.8307273518894931, 'drift_count': 18}
[real_viser] realtime update rate=29.5 Hz target=30.0 Hz
[real_viser] realtime update rate=29.8 Hz target=30.0 Hz
[real_viser] realtime update rate=29.8 Hz target=30.0 Hz
[real_viser] realtime update rate=29.8 Hz target=30.0 Hz
[real_viser] realtime update rate=29.8 Hz target=30.0 Hz
[Image Server] capture stats: {'count': 701, 'avg_ms': 28.048704796006238, 'min_ms': 17.209380000011265, 'max_ms': 68.96307200000251, 'total_ms': 19662.142062000374}
[Image Server] hw total latency stats: {'count': 701, 'avg_ms': 35.05989917332353, 'min_ms': 14.219592109375526, 'max_ms': 87.23726864063156, 'total_ms': 24576.989320499793}
[Image Server] Rate limiter stats: {'frequency': 30, 'period_ms': 33.333333333333336, 'total_drift_ms': 6.908208334067467, 'max_drift_ms': 1.3850023334072148, 'avg_drift_ms': 0.6908208334067467, 'drift_count': 10}
[Image Server] capture stats: {'count': 751, 'avg_ms': 28.02283602530009, 'min_ms': 17.209380000011265, 'max_ms': 68.96307200000251, 'total_ms': 21045.149855000367}
[Image Server] hw total latency stats: {'count': 751, 'avg_ms': 35.11282838005552, 'min_ms': 14.219592109375526, 'max_ms': 87.23726864063156, 'total_ms': 26369.734113421695}
[Image Server] Rate limiter stats: {'frequency': 30, 'period_ms': 33.333333333333336, 'total_drift_ms': 6.172892000606112, 'max_drift_ms': 1.2218636667142846, 'avg_drift_ms': 0.6172892000606112, 'drift_count': 10}
[Image Server] capture stats: {'count': 801, 'avg_ms': 27.93887166042493, 'min_ms': 17.209380000011265, 'max_ms': 68.96307200000251, 'total_ms': 22379.03620000037}
[Image Server] hw total latency stats: {'count': 801, 'avg_ms': 35.09453647286573, 'min_ms': 14.219592109375526, 'max_ms': 87.23726864063156, 'total_ms': 28110.72371476545}
[Image Server] Rate limiter stats: {'frequency': 30, 'period_ms': 33.333333333333336, 'total_drift_ms': 2.1235223340454468, 'max_drift_ms': 0.6083570000754435, 'avg_drift_ms': 0.16334787184964977, 'drift_count': 13}
[Image Server] capture stats: {'count': 851, 'avg_ms': 28.05273354054092, 'min_ms': 17.209380000011265, 'max_ms': 68.96307200000251, 'total_ms': 23872.876243000323}
[Image Server] hw total latency stats: {'count': 851, 'avg_ms': 35.274196331907135, 'min_ms': 14.219592109375526, 'max_ms': 87.23726864063156, 'total_ms': 30018.341078452973}
[Image Server] Rate limiter stats: {'frequency': 30, 'period_ms': 33.333333333333336, 'total_drift_ms': 10.750819001231093, 'max_drift_ms': 2.1716370000461893, 'avg_drift_ms': 0.4479507917179622, 'drift_count': 24}
[Image Server] capture stats: {'count': 901, 'avg_ms': 28.161677519423193, 'min_ms': 17.209380000011265, 'max_ms': 68.96307200000251, 'total_ms': 25373.6714450003}
[Image Server] hw total latency stats: {'count': 901, 'avg_ms': 35.4421191572731, 'min_ms': 14.219592109375526, 'max_ms': 87.23726864063156, 'total_ms': 31933.349360703058}
[Image Server] Rate limiter stats: {'frequency': 30, 'period_ms': 33.333333333333336, 'total_drift_ms': 41.195301334695955, 'max_drift_ms': 5.552964000031579, 'avg_drift_ms': 1.5257519012850354, 'drift_count': 27}
[Image Server] capture stats: {'count': 951, 'avg_ms': 28.242873636172643, 'min_ms': 17.209380000011265, 'max_ms': 68.96307200000251, 'total_ms': 26858.972828000184}
[Image Server] hw total latency stats: {'count': 951, 'avg_ms': 35.57884328443747, 'min_ms': 14.219592109375526, 'max_ms': 87.23726864063156, 'total_ms': 33835.47996350003}
[Image Server] Rate limiter stats: {'frequency': 30, 'period_ms': 33.333333333333336, 'total_drift_ms': 1.5575553335338554, 'max_drift_ms': 1.4725330000686654, 'avg_drift_ms': 0.5191851111779519, 'drift_count': 3}
[Image Server] capture stats: {'count': 1001, 'avg_ms': 28.309812067932267, 'min_ms': 17.209380000011265, 'max_ms': 68.96307200000251, 'total_ms': 28338.1218800002}
[Image Server] hw total latency stats: {'count': 1001, 'avg_ms': 35.70153389744639, 'min_ms': 14.219592109375526, 'max_ms': 87.23726864063156, 'total_ms': 35737.23543134383}
[Image Server] Rate limiter stats: {'frequency': 30, 'period_ms': 33.333333333333336, 'total_drift_ms': 0.8015396669946995, 'max_drift_ms': 0.32980166673723943, 'avg_drift_ms': 0.13358994449911657, 'drift_count': 6}
[Image Server] capture stats: {'count': 1051, 'avg_ms': 28.37927038154159, 'min_ms': 17.209380000011265, 'max_ms': 68.96307200000251, 'total_ms': 29826.613171000212}
[Image Server] hw total latency stats: {'count': 1051, 'avg_ms': 35.81822851547638, 'min_ms': 14.219592109375526, 'max_ms': 87.23726864063156, 'total_ms': 37644.958169765676}
[Image Server] Rate limiter stats: {'frequency': 30, 'period_ms': 33.333333333333336, 'total_drift_ms': 5.434423667722399, 'max_drift_ms': 0.805554333425107, 'avg_drift_ms': 0.28602229830117887, 'drift_count': 19}
[Image Server] capture stats: {'count': 1101, 'avg_ms': 28.451211729337164, 'min_ms': 17.209380000011265, 'max_ms': 68.96307200000251, 'total_ms': 31324.784114000217}
[Image Server] hw total latency stats: {'count': 1101, 'avg_ms': 35.93788488927687, 'min_ms': 14.219592109375526, 'max_ms': 87.23726864063156, 'total_ms': 39567.61126309384}
[Image Server] Rate limiter stats: {'frequency': 30, 'period_ms': 33.333333333333336, 'total_drift_ms': 9.89268366772933, 'max_drift_ms': 3.5535053333575206, 'avg_drift_ms': 0.430116681205623, 'drift_count': 23}
[Image Server] capture stats: {'count': 1151, 'avg_ms': 28.5211715968725, 'min_ms': 17.209380000011265, 'max_ms': 68.96307200000251, 'total_ms': 32827.86850800025}
[Image Server] hw total latency stats: {'count': 1151, 'avg_ms': 36.05391784345144, 'min_ms': 14.219592109375526, 'max_ms': 87.23726864063156, 'total_ms': 41498.059437812604}
[Image Server] Rate limiter stats: {'frequency': 30, 'period_ms': 33.333333333333336, 'total_drift_ms': 98.04983866808925, 'max_drift_ms': 6.546346000035896, 'avg_drift_ms': 2.8014239619454075, 'drift_count': 35}
[Image Server] capture stats: {'count': 1201, 'avg_ms': 28.55438864446312, 'min_ms': 17.209380000011265, 'max_ms': 68.96307200000251, 'total_ms': 34293.82076200021}
[Image Server] hw total latency stats: {'count': 1201, 'avg_ms': 36.1304170621228, 'min_ms': 14.219592109375526, 'max_ms': 87.23726864063156, 'total_ms': 43392.630891609486}
[Image Server] Rate limiter stats: {'frequency': 30, 'period_ms': 33.333333333333336, 'total_drift_ms': 83.02092566839292, 'max_drift_ms': 6.012840666755892, 'avg_drift_ms': 3.19311252570742, 'drift_count': 26}
[Image Server] capture stats: {'count': 1251, 'avg_ms': 28.576102530775618, 'min_ms': 17.209380000011265, 'max_ms': 68.96307200000251, 'total_ms': 35748.7042660003}
[Image Server] hw total latency stats: {'count': 1251, 'avg_ms': 36.18990723086533, 'min_ms': 14.219592109375526, 'max_ms': 87.23726864063156, 'total_ms': 45273.57394581253}
[Image Server] Rate limiter stats: {'frequency': 30, 'period_ms': 33.333333333333336, 'total_drift_ms': 51.91103033530453, 'max_drift_ms': 3.501209666694649, 'avg_drift_ms': 1.526795009861898, 'drift_count': 34}
[Image Server] capture stats: {'count': 1301, 'avg_ms': 28.553186391237713, 'min_ms': 17.209380000011265, 'max_ms': 68.96307200000251, 'total_ms': 37147.69549500026}
[Image Server] hw total latency stats: {'count': 1301, 'avg_ms': 36.19690413150943, 'min_ms': 14.219592109375526, 'max_ms': 87.23726864063156, 'total_ms': 47092.17227509376}
[Image Server] Rate limiter stats: {'frequency': 30, 'period_ms': 33.333333333333336, 'total_drift_ms': 74.07465000230218, 'max_drift_ms': 3.907583000085424, 'avg_drift_ms': 1.8066987805439556, 'drift_count': 41}
[Image Server] capture stats: {'count': 1351, 'avg_ms': 28.531264575869937, 'min_ms': 17.209380000011265, 'max_ms': 68.96307200000251, 'total_ms': 38545.738442000285}
[Image Server] hw total latency stats: {'count': 1351, 'avg_ms': 36.202412296377624, 'min_ms': 14.219592109375526, 'max_ms': 87.23726864063156, 'total_ms': 48909.459012406165}
[Image Server] Rate limiter stats: {'frequency': 30, 'period_ms': 33.333333333333336, 'total_drift_ms': 0.21246600002200466, 'max_drift_ms': 0.12104000001045279, 'avg_drift_ms': 0.10623300001100233, 'drift_count': 2}
[Image Server] capture stats: {'count': 1401, 'avg_ms': 28.44149885296239, 'min_ms': 17.209380000011265, 'max_ms': 68.96307200000251, 'total_ms': 39846.53989300031}
[Image Server] hw total latency stats: {'count': 1401, 'avg_ms': 36.13538261882129, 'min_ms': 14.219592109375526, 'max_ms': 87.23726864063156, 'total_ms': 50625.67104896862}
[real_viser] realtime update rate=29.8 Hz target=30.0 Hz
[real_viser] realtime update rate=29.8 Hz target=30.0 Hz
[real_viser] realtime update rate=29.8 Hz target=30.0 Hz
[real_viser] realtime update rate=29.8 Hz target=30.0 Hz
[Image Server] Rate limiter stats: {'frequency': 30, 'period_ms': 33.333333333333336, 'total_drift_ms': 0.8246603334214342, 'max_drift_ms': 0.6510183333432451, 'avg_drift_ms': 0.2748867778071447, 'drift_count': 3}
[Image Server] capture stats: {'count': 1451, 'avg_ms': 28.347885106133962, 'min_ms': 17.209380000011265, 'max_ms': 68.96307200000251, 'total_ms': 41132.78128900038}
[Image Server] hw total latency stats: {'count': 1451, 'avg_ms': 36.05611123140279, 'min_ms': 14.219592109375526, 'max_ms': 87.23726864063156, 'total_ms': 52317.41739676545}
[Image Server] Rate limiter stats: {'frequency': 30, 'period_ms': 33.333333333333336, 'total_drift_ms': 1.8850633335034672, 'max_drift_ms': 0.8628033333479834, 'avg_drift_ms': 0.4712658333758668, 'drift_count': 4}
[Image Server] capture stats: {'count': 1501, 'avg_ms': 28.31258381878776, 'min_ms': 17.209380000011265, 'max_ms': 68.96307200000251, 'total_ms': 42497.18831200043}
[Image Server] hw total latency stats: {'count': 1501, 'avg_ms': 36.03775796035962, 'min_ms': 14.219592109375526, 'max_ms': 87.23726864063156, 'total_ms': 54092.674698499795}
[Image Server] Rate limiter stats: {'frequency': 30, 'period_ms': 33.333333333333336, 'total_drift_ms': 17.762065334352428, 'max_drift_ms': 2.3490380000623645, 'avg_drift_ms': 1.0448273726089663, 'drift_count': 17}
[Image Server] capture stats: {'count': 1551, 'avg_ms': 28.273672041908643, 'min_ms': 17.209380000011265, 'max_ms': 68.96307200000251, 'total_ms': 43852.46533700031}
[Image Server] hw total latency stats: {'count': 1551, 'avg_ms': 36.01403388279722, 'min_ms': 14.219592109375526, 'max_ms': 87.23726864063156, 'total_ms': 55857.76655221849}
[Image Server] Rate limiter stats: {'frequency': 30, 'period_ms': 33.333333333333336, 'total_drift_ms': 17.56456566775455, 'max_drift_ms': 1.943208000056984, 'avg_drift_ms': 0.7983893485342977, 'drift_count': 22}
[Image Server] capture stats: {'count': 1601, 'avg_ms': 28.22615875952554, 'min_ms': 17.209380000011265, 'max_ms': 68.96307200000251, 'total_ms': 45190.08017400039}
[Image Server] hw total latency stats: {'count': 1601, 'avg_ms': 35.982839466729665, 'min_ms': 14.219592109375526, 'max_ms': 87.23726864063156, 'total_ms': 57608.5259862342}
[Image Server] Rate limiter stats: {'frequency': 30, 'period_ms': 33.333333333333336, 'total_drift_ms': 0.8364146668782269, 'max_drift_ms': 0.26566333337996184, 'avg_drift_ms': 0.16728293337564537, 'drift_count': 5}
[Image Server] capture stats: {'count': 1651, 'avg_ms': 28.16045106904928, 'min_ms': 17.209380000011265, 'max_ms': 68.96307200000251, 'total_ms': 46492.90471500036}
[Image Server] hw total latency stats: {'count': 1651, 'avg_ms': 35.93339269279966, 'min_ms': 14.219592109375526, 'max_ms': 87.23726864063156, 'total_ms': 59326.03133581224}
[Image Server] Rate limiter stats: {'frequency': 30, 'period_ms': 33.333333333333336, 'total_drift_ms': 3.4489946669395977, 'max_drift_ms': 2.0351256667368034, 'avg_drift_ms': 0.574832444489933, 'drift_count': 6}
[Image Server] capture stats: {'count': 1701, 'avg_ms': 28.10093317871865, 'min_ms': 17.209380000011265, 'max_ms': 68.96307200000251, 'total_ms': 47799.68733700042}
[Image Server] hw total latency stats: {'count': 1701, 'avg_ms': 35.890186270226934, 'min_ms': 14.219592109375526, 'max_ms': 87.23726864063156, 'total_ms': 61049.206845656016}
[Image Server] Rate limiter stats: {'frequency': 30, 'period_ms': 33.333333333333336, 'total_drift_ms': 64.73848700150597, 'max_drift_ms': 4.249553666738848, 'avg_drift_ms': 1.849671057185885, 'drift_count': 35}
[Image Server] capture stats: {'count': 1751, 'avg_ms': 28.093557042832952, 'min_ms': 17.209380000011265, 'max_ms': 68.96307200000251, 'total_ms': 49191.8183820005}
[Image Server] hw total latency stats: {'count': 1751, 'avg_ms': 35.90145342846929, 'min_ms': 14.219592109375526, 'max_ms': 87.23726864063156, 'total_ms': 62863.444953249724}
[Image Server] Rate limiter stats: {'frequency': 30, 'period_ms': 33.333333333333336, 'total_drift_ms': 0.0, 'max_drift_ms': 0.0, 'avg_drift_ms': 0.0, 'drift_count': 0}
[Image Server] capture stats: {'count': 1801, 'avg_ms': 28.03105084286531, 'min_ms': 17.209380000011265, 'max_ms': 68.96307200000251, 'total_ms': 50483.922568000424}
[Image Server] hw total latency stats: {'count': 1801, 'avg_ms': 35.85436489111944, 'min_ms': 14.219592109375526, 'max_ms': 87.23726864063156, 'total_ms': 64573.711168906106}
[Image Server] Rate limiter stats: {'frequency': 30, 'period_ms': 33.333333333333336, 'total_drift_ms': 4.844454667704667, 'max_drift_ms': 0.5774956667607967, 'avg_drift_ms': 0.2691363704280371, 'drift_count': 18}
[Image Server] capture stats: {'count': 1851, 'avg_ms': 27.986369411129267, 'min_ms': 17.209380000011265, 'max_ms': 68.96307200000251, 'total_ms': 51802.76978000027}
[Image Server] hw total latency stats: {'count': 1851, 'avg_ms': 35.825701557409715, 'min_ms': 14.219592109375526, 'max_ms': 87.23726864063156, 'total_ms': 66313.37358276539}
[Image Server] Rate limiter stats: {'frequency': 30, 'period_ms': 33.333333333333336, 'total_drift_ms': 4.711367333811722, 'max_drift_ms': 2.281854666705385, 'avg_drift_ms': 0.5234852593124136, 'drift_count': 9}
[Image Server] capture stats: {'count': 1901, 'avg_ms': 27.94342753235149, 'min_ms': 17.209380000011265, 'max_ms': 68.96307200000251, 'total_ms': 53120.45573900018}
[Image Server] hw total latency stats: {'count': 1901, 'avg_ms': 35.7968061894972, 'min_ms': 14.219592109375526, 'max_ms': 87.23726864063156, 'total_ms': 68049.72856623417}
[Image Server] Rate limiter stats: {'frequency': 30, 'period_ms': 33.333333333333336, 'total_drift_ms': 2.893281333797404, 'max_drift_ms': 0.9639916666799309, 'avg_drift_ms': 0.2893281333797404, 'drift_count': 10}
[Image Server] capture stats: {'count': 1951, 'avg_ms': 27.896093795489502, 'min_ms': 17.209380000011265, 'max_ms': 68.96307200000251, 'total_ms': 54425.27899500002}
[Image Server] hw total latency stats: {'count': 1951, 'avg_ms': 35.762494042558224, 'min_ms': 14.219592109375526, 'max_ms': 87.23726864063156, 'total_ms': 69772.6258770311}
[Image Server] Rate limiter stats: {'frequency': 30, 'period_ms': 33.333333333333336, 'total_drift_ms': 8.686495000489458, 'max_drift_ms': 2.2991846666684523, 'avg_drift_ms': 0.8686495000489458, 'drift_count': 10}
[Image Server] capture stats: {'count': 2001, 'avg_ms': 27.861363709145476, 'min_ms': 17.209380000011265, 'max_ms': 68.96307200000251, 'total_ms': 55750.58878200009}
[Image Server] hw total latency stats: {'count': 2001, 'avg_ms': 35.73488658081108, 'min_ms': 14.219592109375526, 'max_ms': 87.23726864063156, 'total_ms': 71505.50804820297}
[Image Server] Rate limiter stats: {'frequency': 30, 'period_ms': 33.333333333333336, 'total_drift_ms': 4.6484180001868936, 'max_drift_ms': 1.0848083333883096, 'avg_drift_ms': 0.5810522500233617, 'drift_count': 8}
[Image Server] capture stats: {'count': 2051, 'avg_ms': 27.847796161384696, 'min_ms': 17.209380000011265, 'max_ms': 68.96307200000251, 'total_ms': 57115.82992700001}
[Image Server] hw total latency stats: {'count': 2051, 'avg_ms': 35.73329974254931, 'min_ms': 14.219592109375526, 'max_ms': 87.23726864063156, 'total_ms': 73288.99777196864}
[Image Server] Rate limiter stats: {'frequency': 30, 'period_ms': 33.333333333333336, 'total_drift_ms': 32.50707133418018, 'max_drift_ms': 2.9014860000700082, 'avg_drift_ms': 1.4133509275730514, 'drift_count': 23}
[Image Server] capture stats: {'count': 2101, 'avg_ms': 27.85960253783905, 'min_ms': 17.209380000011265, 'max_ms': 68.96307200000251, 'total_ms': 58533.02493199984}
[Image Server] hw total latency stats: {'count': 2101, 'avg_ms': 35.75682651042649, 'min_ms': 14.219592109375526, 'max_ms': 87.23726864063156, 'total_ms': 75125.09249840605}
[Image Server] Rate limiter stats: {'frequency': 30, 'period_ms': 33.333333333333336, 'total_drift_ms': 3.088111333880761, 'max_drift_ms': 0.5831480000324518, 'avg_drift_ms': 0.2807373939891601, 'drift_count': 11}
[Image Server] capture stats: {'count': 2151, 'avg_ms': 27.822281076243513, 'min_ms': 17.209380000011265, 'max_ms': 68.96307200000251, 'total_ms': 59845.726594999796}
[real_viser] realtime update rate=29.8 Hz target=30.0 Hz
[real_viser] realtime update rate=29.8 Hz target=30.0 Hz
[real_viser] realtime update rate=29.8 Hz target=30.0 Hz
[real_viser] realtime update rate=29.8 Hz target=30.0 Hz
Exception in thread Thread-1 (send_process):
Traceback (most recent call last):
  File "/home/unitree/.holosoma_deps/miniconda3/envs/hsinference/lib/python3.10/threading.py", line 1016, in _bootstrap_inner
    self.run()
  File "/home/unitree/.holosoma_deps/miniconda3/envs/hsinference/lib/python3.10/threading.py", line 953, in run
    self._target(*self._args, **self._kwargs)
  File "/home/unitree/FAR/holosoma/src/holosoma/holosoma/sensors/image_server.py", line 563, in send_process
    all_frames: FrameBundle = dict(self.camera_wrapper.get_frames())
  File "/home/unitree/FAR/holosoma/src/holosoma/holosoma/sensors/realsense.py", line 363, in get_frames
    frame = camera.capture()
  File "/home/unitree/FAR/holosoma/src/holosoma/holosoma/sensors/realsense.py", line 237, in capture
    frames = self.pipeline.wait_for_frames()
RuntimeError: Frame didn't arrive within 5000
[Image Server] hw total latency stats: {'count': 2151, 'avg_ms': 35.73024087094653, 'min_ms': 14.219592109375526, 'max_ms': 87.23726864063156, 'total_ms': 76855.74811340599}
[Image Server] Rate limiter stats: {'frequency': 30, 'period_ms': 33.333333333333336, 'total_drift_ms': 0.9052853337436773, 'max_drift_ms': 0.20114100004775537, 'avg_drift_ms': 0.11316066671795966, 'drift_count': 8}
[Image Server] capture stats: {'count': 2201, 'avg_ms': 27.781185490231582, 'min_ms': 17.209380000011265, 'max_ms': 68.96307200000251, 'total_ms': 61146.389263999714}
[Image Server] hw total latency stats: {'count': 2201, 'avg_ms': 35.69745705691295, 'min_ms': 14.219592109375526, 'max_ms': 87.23726864063156, 'total_ms': 78570.10298226541}
[Image Server] Rate limiter stats: {'frequency': 30, 'period_ms': 33.333333333333336, 'total_drift_ms': 43.74908866861915, 'max_drift_ms': 2.877556000100867, 'avg_drift_ms': 1.4112609247941663, 'drift_count': 31}
[Image Server] capture stats: {'count': 2251, 'avg_ms': 27.77906187827629, 'min_ms': 17.209380000011265, 'max_ms': 68.96307200000251, 'total_ms': 62530.668287999935}
[Image Server] hw total latency stats: {'count': 2251, 'avg_ms': 35.70499937353523, 'min_ms': 14.219592109375526, 'max_ms': 87.23726864063156, 'total_ms': 80371.9535898278}
[Image Server] Rate limiter stats: {'frequency': 30, 'period_ms': 33.333333333333336, 'total_drift_ms': 9.081591000665412, 'max_drift_ms': 1.2537246666965984, 'avg_drift_ms': 0.5675994375415883, 'drift_count': 16}
[Image Server] capture stats: {'count': 2301, 'avg_ms': 27.74779630725769, 'min_ms': 17.209380000011265, 'max_ms': 68.96307200000251, 'total_ms': 63847.679302999946}
[Image Server] hw total latency stats: {'count': 2301, 'avg_ms': 35.68449162570602, 'min_ms': 14.219592109375526, 'max_ms': 87.23726864063156, 'total_ms': 82110.01523074956}
[Image Server] Rate limiter stats: {'frequency': 30, 'period_ms': 33.333333333333336, 'total_drift_ms': 10.689622000597865, 'max_drift_ms': 0.8338410000021668, 'avg_drift_ms': 0.5626116842419929, 'drift_count': 19}
[Image Server] capture stats: {'count': 2351, 'avg_ms': 27.72109280518919, 'min_ms': 17.209380000011265, 'max_ms': 68.96307200000251, 'total_ms': 65172.28918499979}
[Image Server] hw total latency stats: {'count': 2351, 'avg_ms': 35.66512837042728, 'min_ms': 14.219592109375526, 'max_ms': 87.23726864063156, 'total_ms': 83848.71679887455}
[Image Server] Rate limiter stats: {'frequency': 30, 'period_ms': 33.333333333333336, 'total_drift_ms': 1.1332810001931648, 'max_drift_ms': 0.5781280000860534, 'avg_drift_ms': 0.2833202500482912, 'drift_count': 4}
[Image Server] capture stats: {'count': 2401, 'avg_ms': 27.68619438483949, 'min_ms': 17.209380000011265, 'max_ms': 68.96307200000251, 'total_ms': 66474.55271799961}
[Image Server] hw total latency stats: {'count': 2401, 'avg_ms': 35.63690496062813, 'min_ms': 14.219592109375526, 'max_ms': 87.23726864063156, 'total_ms': 85564.20881046813}
[Image Server] Rate limiter stats: {'frequency': 30, 'period_ms': 33.333333333333336, 'total_drift_ms': 3.0946676674261653, 'max_drift_ms': 0.5308766667155851, 'avg_drift_ms': 0.2578889722855138, 'drift_count': 12}
[Image Server] capture stats: {'count': 2451, 'avg_ms': 27.657073274581663, 'min_ms': 17.209380000011265, 'max_ms': 68.96307200000251, 'total_ms': 67787.48659599965}
[Image Server] hw total latency stats: {'count': 2451, 'avg_ms': 35.6135047250992, 'min_ms': 14.219592109375526, 'max_ms': 87.23726864063156, 'total_ms': 87288.70008121814}
/home/unitree/.holosoma_deps/miniconda3/envs/hsinference/lib/python3.10/multiprocessing/resource_tracker.py:224: UserWarning: resource_tracker: There appear to be 1 leaked shared_memory objects to clean up at shutdown
  warnings.warn('resource_tracker: There appear to be %d '
(viser) Server stopped
[real_depth] restarting lsvla-vision.service
